Component: ARM Compiler 5.06 update 6 (build 750) Tool: armlink [4d35ed]

==============================================================================

Section Cross References

    startup_stm32f40xx.o(RESET) refers to startup_stm32f40xx.o(STACK) for __initial_sp
    startup_stm32f40xx.o(RESET) refers to startup_stm32f40xx.o(.text) for Reset_Handler
    startup_stm32f40xx.o(RESET) refers to stm32f4xx_it.o(i.NMI_Handler) for NMI_Handler
    startup_stm32f40xx.o(RESET) refers to stm32f4xx_it.o(i.HardFault_Handler) for HardFault_Handler
    startup_stm32f40xx.o(RESET) refers to stm32f4xx_it.o(i.MemManage_Handler) for MemManage_Handler
    startup_stm32f40xx.o(RESET) refers to stm32f4xx_it.o(i.BusFault_Handler) for BusFault_Handler
    startup_stm32f40xx.o(RESET) refers to stm32f4xx_it.o(i.UsageFault_Handler) for UsageFault_Handler
    startup_stm32f40xx.o(RESET) refers to stm32f4xx_it.o(i.SVC_Handler) for SVC_Handler
    startup_stm32f40xx.o(RESET) refers to stm32f4xx_it.o(i.DebugMon_Handler) for DebugMon_Handler
    startup_stm32f40xx.o(RESET) refers to stm32f4xx_it.o(i.PendSV_Handler) for PendSV_Handler
    startup_stm32f40xx.o(RESET) refers to stm32f4xx_it.o(i.SysTick_Handler) for SysTick_Handler
    startup_stm32f40xx.o(RESET) refers to Num_Keyboard.o(i.EXTI2_IRQHandler) for EXTI2_IRQHandler
    startup_stm32f40xx.o(RESET) refers to Num_Keyboard.o(i.EXTI3_IRQHandler) for EXTI3_IRQHandler
    startup_stm32f40xx.o(RESET) refers to Num_Keyboard.o(i.EXTI4_IRQHandler) for EXTI4_IRQHandler
    startup_stm32f40xx.o(RESET) refers to Key.o(i.EXTI9_5_IRQHandler) for EXTI9_5_IRQHandler
    startup_stm32f40xx.o(RESET) refers to Usart.o(i.USART1_IRQHandler) for USART1_IRQHandler
    startup_stm32f40xx.o(RESET) refers to Tim.o(i.TIM8_BRK_TIM12_IRQHandler) for TIM8_BRK_TIM12_IRQHandler
    startup_stm32f40xx.o(RESET) refers to Tim.o(i.TIM8_UP_TIM13_IRQHandler) for TIM8_UP_TIM13_IRQHandler
    startup_stm32f40xx.o(RESET) refers to Tim.o(i.TIM8_TRG_COM_TIM14_IRQHandler) for TIM8_TRG_COM_TIM14_IRQHandler
    startup_stm32f40xx.o(RESET) refers to Usart.o(i.UART5_IRQHandler) for UART5_IRQHandler
    startup_stm32f40xx.o(RESET) refers to Dcmi.o(i.DCMI_IRQHandler) for DCMI_IRQHandler
    startup_stm32f40xx.o(.text) refers to system_stm32f4xx.o(i.SystemInit) for SystemInit
    startup_stm32f40xx.o(.text) refers to entry.o(.ARM.Collect$$$$00000000) for __main
    stm32f4xx_adc.o(i.ADC_DeInit) refers to stm32f4xx_rcc.o(i.RCC_APB2PeriphResetCmd) for RCC_APB2PeriphResetCmd
    stm32f4xx_can.o(i.CAN_DeInit) refers to stm32f4xx_rcc.o(i.RCC_APB1PeriphResetCmd) for RCC_APB1PeriphResetCmd
    stm32f4xx_can.o(i.CAN_GetITStatus) refers to stm32f4xx_can.o(i.CheckITStatus) for CheckITStatus
    stm32f4xx_cryp.o(i.CRYP_DeInit) refers to stm32f4xx_rcc.o(i.RCC_AHB2PeriphResetCmd) for RCC_AHB2PeriphResetCmd
    stm32f4xx_cryp_aes.o(i.CRYP_AES_CBC) refers to stm32f4xx_cryp.o(i.CRYP_KeyStructInit) for CRYP_KeyStructInit
    stm32f4xx_cryp_aes.o(i.CRYP_AES_CBC) refers to stm32f4xx_cryp.o(i.CRYP_FIFOFlush) for CRYP_FIFOFlush
    stm32f4xx_cryp_aes.o(i.CRYP_AES_CBC) refers to stm32f4xx_cryp.o(i.CRYP_Init) for CRYP_Init
    stm32f4xx_cryp_aes.o(i.CRYP_AES_CBC) refers to stm32f4xx_cryp.o(i.CRYP_KeyInit) for CRYP_KeyInit
    stm32f4xx_cryp_aes.o(i.CRYP_AES_CBC) refers to stm32f4xx_cryp.o(i.CRYP_Cmd) for CRYP_Cmd
    stm32f4xx_cryp_aes.o(i.CRYP_AES_CBC) refers to stm32f4xx_cryp.o(i.CRYP_GetFlagStatus) for CRYP_GetFlagStatus
    stm32f4xx_cryp_aes.o(i.CRYP_AES_CBC) refers to stm32f4xx_cryp.o(i.CRYP_IVInit) for CRYP_IVInit
    stm32f4xx_cryp_aes.o(i.CRYP_AES_CBC) refers to stm32f4xx_cryp.o(i.CRYP_GetCmdStatus) for CRYP_GetCmdStatus
    stm32f4xx_cryp_aes.o(i.CRYP_AES_CBC) refers to stm32f4xx_cryp.o(i.CRYP_DataIn) for CRYP_DataIn
    stm32f4xx_cryp_aes.o(i.CRYP_AES_CBC) refers to stm32f4xx_cryp.o(i.CRYP_DataOut) for CRYP_DataOut
    stm32f4xx_cryp_aes.o(i.CRYP_AES_CCM) refers to stm32f4xx_cryp.o(i.CRYP_KeyStructInit) for CRYP_KeyStructInit
    stm32f4xx_cryp_aes.o(i.CRYP_AES_CCM) refers to stm32f4xx_cryp.o(i.CRYP_FIFOFlush) for CRYP_FIFOFlush
    stm32f4xx_cryp_aes.o(i.CRYP_AES_CCM) refers to stm32f4xx_cryp.o(i.CRYP_KeyInit) for CRYP_KeyInit
    stm32f4xx_cryp_aes.o(i.CRYP_AES_CCM) refers to stm32f4xx_cryp.o(i.CRYP_IVInit) for CRYP_IVInit
    stm32f4xx_cryp_aes.o(i.CRYP_AES_CCM) refers to stm32f4xx_cryp.o(i.CRYP_Init) for CRYP_Init
    stm32f4xx_cryp_aes.o(i.CRYP_AES_CCM) refers to stm32f4xx_cryp.o(i.CRYP_PhaseConfig) for CRYP_PhaseConfig
    stm32f4xx_cryp_aes.o(i.CRYP_AES_CCM) refers to stm32f4xx_cryp.o(i.CRYP_DataIn) for CRYP_DataIn
    stm32f4xx_cryp_aes.o(i.CRYP_AES_CCM) refers to stm32f4xx_cryp.o(i.CRYP_Cmd) for CRYP_Cmd
    stm32f4xx_cryp_aes.o(i.CRYP_AES_CCM) refers to stm32f4xx_cryp.o(i.CRYP_GetCmdStatus) for CRYP_GetCmdStatus
    stm32f4xx_cryp_aes.o(i.CRYP_AES_CCM) refers to stm32f4xx_cryp.o(i.CRYP_GetFlagStatus) for CRYP_GetFlagStatus
    stm32f4xx_cryp_aes.o(i.CRYP_AES_CCM) refers to stm32f4xx_cryp.o(i.CRYP_DataOut) for CRYP_DataOut
[...]
    ../fplib/microlib/fpepilogue.c           0x00000000   Number         0  depilogue.o ABSOLUTE
    ../fplib/microlib/fpfix.c                0x00000000   Number         0  dfixul.o ABSOLUTE
    ../fplib/microlib/fpmul.c                0x00000000   Number         0  dmul.o ABSOLUTE
    .\..\CODE\startup_stm32f40xx.s           0x00000000   Number         0  startup_stm32f40xx.o ABSOLUTE
    .\..\FWLIB\src\misc.c                    0x00000000   Number         0  misc.o ABSOLUTE
    .\..\FWLIB\src\stm32f4xx_adc.c           0x00000000   Number         0  stm32f4xx_adc.o ABSOLUTE
    .\..\FWLIB\src\stm32f4xx_can.c           0x00000000   Number         0  stm32f4xx_can.o ABSOLUTE
    .\..\FWLIB\src\stm32f4xx_cec.c           0x00000000   Number         0  stm32f4xx_cec.o ABSOLUTE
    .\..\FWLIB\src\stm32f4xx_crc.c           0x00000000   Number         0  stm32f4xx_crc.o ABSOLUTE
    .\..\FWLIB\src\stm32f4xx_cryp.c          0x00000000   Number         0  stm32f4xx_cryp.o ABSOLUTE
    .\..\FWLIB\src\stm32f4xx_cryp_aes.c      0x00000000   Number         0  stm32f4xx_cryp_aes.o ABSOLUTE
    .\..\FWLIB\src\stm32f4xx_cryp_des.c      0x00000000   Number         0  stm32f4xx_cryp_des.o ABSOLUTE
    .\..\FWLIB\src\stm32f4xx_cryp_tdes.c     0x00000000   Number         0  stm32f4xx_cryp_tdes.o ABSOLUTE
    .\..\FWLIB\src\stm32f4xx_dac.c           0x00000000   Number         0  stm32f4xx_dac.o ABSOLUTE
    .\..\FWLIB\src\stm32f4xx_dbgmcu.c        0x00000000   Number         0  stm32f4xx_dbgmcu.o ABSOLUTE
    .\..\FWLIB\src\stm32f4xx_dcmi.c          0x00000000   Number         0  stm32f4xx_dcmi.o ABSOLUTE
    .\..\FWLIB\src\stm32f4xx_dfsdm.c         0x00000000   Number         0  stm32f4xx_dfsdm.o ABSOLUTE
    .\..\FWLIB\src\stm32f4xx_dma.c           0x00000000   Number         0  stm32f4xx_dma.o ABSOLUTE
    .\..\FWLIB\src\stm32f4xx_dma2d.c         0x00000000   Number         0  stm32f4xx_dma2d.o ABSOLUTE
    .\..\FWLIB\src\stm32f4xx_dsi.c           0x00000000   Number         0  stm32f4xx_dsi.o ABSOLUTE
    .\..\FWLIB\src\stm32f4xx_exti.c          0x00000000   Number         0  stm32f4xx_exti.o ABSOLUTE
    .\..\FWLIB\src\stm32f4xx_flash.c         0x00000000   Number         0  stm32f4xx_flash.o ABSOLUTE
    .\..\FWLIB\src\stm32f4xx_flash_ramfunc.c 0x00000000   Number         0  stm32f4xx_flash_ramfunc.o ABSOLUTE
    .\..\FWLIB\src\stm32f4xx_fmpi2c.c        0x00000000   Number         0  stm32f4xx_fmpi2c.o ABSOLUTE
    .\..\FWLIB\src\stm32f4xx_fsmc.c          0x00000000   Number         0  stm32f4xx_fsmc.o ABSOLUTE
    .\..\FWLIB\src\stm32f4xx_gpio.c          0x00000000   Number         0  stm32f4xx_gpio.o ABSOLUTE
    .\..\FWLIB\src\stm32f4xx_hash.c          0x00000000   Number         0  stm32f4xx_hash.o ABSOLUTE
    .\..\FWLIB\src\stm32f4xx_hash_md5.c      0x00000000   Number         0  stm32f4xx_hash_md5.o ABSOLUTE
    .\..\FWLIB\src\stm32f4xx_hash_sha1.c     0x00000000   Number         0  stm32f4xx_hash_sha1.o ABSOLUTE
    .\..\FWLIB\src\stm32f4xx_i2c.c           0x00000000   Number         0  stm32f4xx_i2c.o ABSOLUTE
    .\..\FWLIB\src\stm32f4xx_iwdg.c          0x00000000   Number         0  stm32f4xx_iwdg.o ABSOLUTE
    .\..\FWLIB\src\stm32f4xx_lptim.c         0x00000000   Number         0  stm32f4xx_lptim.o ABSOLUTE
    .\..\FWLIB\src\stm32f4xx_ltdc.c          0x00000000   Number         0  stm32f4xx_ltdc.o ABSOLUTE
    .\..\FWLIB\src\stm32f4xx_pwr.c           0x00000000   Number         0  stm32f4xx_pwr.o ABSOLUTE
    .\..\FWLIB\src\stm32f4xx_qspi.c          0x00000000   Number         0  stm32f4xx_qspi.o ABSOLUTE
    .\..\FWLIB\src\stm32f4xx_rcc.c           0x00000000   Number         0  stm32f4xx_rcc.o ABSOLUTE
    .\..\FWLIB\src\stm32f4xx_rng.c           0x00000000   Number         0  stm32f4xx_rng.o ABSOLUTE
    .\..\FWLIB\src\stm32f4xx_rtc.c           0x00000000   Number         0  stm32f4xx_rtc.o ABSOLUTE
    .\..\FWLIB\src\stm32f4xx_sai.c           0x00000000   Number         0  stm32f4xx_sai.o ABSOLUTE
    .\..\FWLIB\src\stm32f4xx_sdio.c          0x00000000   Number         0  stm32f4xx_sdio.o ABSOLUTE
    .\..\FWLIB\src\stm32f4xx_spdifrx.c       0x00000000   Number         0  stm32f4xx_spdifrx.o ABSOLUTE
    .\..\FWLIB\src\stm32f4xx_spi.c           0x00000000   Number         0  stm32f4xx_spi.o ABSOLUTE
    .\..\FWLIB\src\stm32f4xx_syscfg.c        0x00000000   Number         0  stm32f4xx_syscfg.o ABSOLUTE
    .\..\FWLIB\src\stm32f4xx_tim.c           0x00000000   Number         0  stm32f4xx_tim.o ABSOLUTE
    .\..\FWLIB\src\stm32f4xx_usart.c         0x00000000   Number         0  stm32f4xx_usart.o ABSOLUTE
    .\..\FWLIB\src\stm32f4xx_wwdg.c          0x00000000   Number         0  stm32f4xx_wwdg.o ABSOLUTE
    .\..\HAEDWARE\Src\Beep.c                 0x00000000   Number         0  Beep.o ABSOLUTE
    .\..\HAEDWARE\Src\DHT11.c                0x00000000   Number         0  DHT11.o ABSOLUTE
    .\..\HAEDWARE\Src\Dcmi.c                 0x00000000   Number         0  Dcmi.o ABSOLUTE
    .\..\HAEDWARE\Src\Delay.c                0x00000000   Number         0  Delay.o ABSOLUTE
    .\..\HAEDWARE\Src\Esp8266.c              0x00000000   Number         0  Esp8266.o ABSOLUTE
    .\..\HAEDWARE\Src\Iic.c                  0x00000000   Number         0  Iic.o ABSOLUTE
    .\..\HAEDWARE\Src\Key.c                  0x00000000   Number         0  Key.o ABSOLUTE
    .\..\HAEDWARE\Src\Led.c                  0x00000000   Number         0  Led.o ABSOLUTE
    .\..\HAEDWARE\Src\Num_Keyboard.c         0x00000000   Number         0  Num_Keyboard.o ABSOLUTE
    .\..\HAEDWARE\Src\OV2640.c               0x00000000   Number         0  OV2640.o ABSOLUTE
    .\..\HAEDWARE\Src\Oled.c                 0x00000000   Number         0  Oled.o ABSOLUTE
    .\..\HAEDWARE\Src\Pwm.c                  0x00000000   Number         0  Pwm.o ABSOLUTE
    .\..\HAEDWARE\Src\RC522.c                0x00000000   Number         0  RC522.o ABSOLUTE
    .\..\HAEDWARE\Src\Sccb.c                 0x00000000   Number         0  Sccb.o ABSOLUTE
    .\..\HAEDWARE\Src\System.c               0x00000000   Number         0  System.o ABSOLUTE
    .\..\HAEDWARE\Src\Tim.c                  0x00000000   Number         0  Tim.o ABSOLUTE
    .\..\HAEDWARE\Src\Usart.c                0x00000000   Number         0  Usart.o ABSOLUTE
    .\Src\main.c                             0x00000000   Number         0  main.o ABSOLUTE
    .\Src\stm32f4xx_it.c                     0x00000000   Number         0  stm32f4xx_it.o ABSOLUTE
    .\Src\system_stm32f4xx.c                 0x00000000   Number         0  system_stm32f4xx.o ABSOLUTE
    .\\..\\FWLIB\\src\\misc.c                0x00000000   Number         0  misc.o ABSOLUTE
    .\\..\\FWLIB\\src\\stm32f4xx_adc.c       0x00000000   Number         0  stm32f4xx_adc.o ABSOLUTE
    .\\..\\FWLIB\\src\\stm32f4xx_can.c       0x00000000   Number         0  stm32f4xx_can.o ABSOLUTE
    .\\..\\FWLIB\\src\\stm32f4xx_cec.c       0x00000000   Number         0  stm32f4xx_cec.o ABSOLUTE
    .\\..\\FWLIB\\src\\stm32f4xx_crc.c       0x00000000   Number         0  stm32f4xx_crc.o ABSOLUTE
    .\\..\\FWLIB\\src\\stm32f4xx_cryp.c      0x00000000   Number         0  stm32f4xx_cryp.o ABSOLUTE
    .\\..\\FWLIB\\src\\stm32f4xx_cryp_aes.c  0x00000000   Number         0  stm32f4xx_cryp_aes.o ABSOLUTE
    .\\..\\FWLIB\\src\\stm32f4xx_cryp_des.c  0x00000000   Number         0  stm32f4xx_cryp_des.o ABSOLUTE
    .\\..\\FWLIB\\src\\stm32f4xx_cryp_tdes.c 0x00000000   Number         0  stm32f4xx_cryp_tdes.o ABSOLUTE
    .\\..\\FWLIB\\src\\stm32f4xx_dac.c       0x00000000   Number         0  stm32f4xx_dac.o ABSOLUTE
    .\\..\\FWLIB\\src\\stm32f4xx_dbgmcu.c    0x00000000   Number         0  stm32f4xx_dbgmcu.o ABSOLUTE
    .\\..\\FWLIB\\src\\stm32f4xx_dcmi.c      0x00000000   Number         0  stm32f4xx_dcmi.o ABSOLUTE
    .\\..\\FWLIB\\src\\stm32f4xx_dfsdm.c     0x00000000   Number         0  stm32f4xx_dfsdm.o ABSOLUTE
    .\\..\\FWLIB\\src\\stm32f4xx_dma.c       0x00000000   Number         0  stm32f4xx_dma.o ABSOLUTE
    .\\..\\FWLIB\\src\\stm32f4xx_dma2d.c     0x00000000   Number         0  stm32f4xx_dma2d.o ABSOLUTE
    .\\..\\FWLIB\\src\\stm32f4xx_dsi.c       0x00000000   Number         0  stm32f4xx_dsi.o ABSOLUTE
    .\\..\\FWLIB\\src\\stm32f4xx_exti.c      0x00000000   Number         0  stm32f4xx_exti.o ABSOLUTE
    .\\..\\FWLIB\\src\\stm32f4xx_flash.c     0x00000000   Number         0  stm32f4xx_flash.o ABSOLUTE
    .\\..\\FWLIB\\src\\stm32f4xx_flash_ramfunc.c 0x00000000   Number         0  stm32f4xx_flash_ramfunc.o ABSOLUTE
    .\\..\\FWLIB\\src\\stm32f4xx_fmpi2c.c    0x00000000   Number         0  stm32f4xx_fmpi2c.o ABSOLUTE
    .\\..\\FWLIB\\src\\stm32f4xx_fsmc.c      0x00000000   Number         0  stm32f4xx_fsmc.o ABSOLUTE
    .\\..\\FWLIB\\src\\stm32f4xx_gpio.c      0x00000000   Number         0  stm32f4xx_gpio.o ABSOLUTE
    .\\..\\FWLIB\\src\\stm32f4xx_hash.c      0x00000000   Number         0  stm32f4xx_hash.o ABSOLUTE
    .\\..\\FWLIB\\src\\stm32f4xx_hash_md5.c  0x00000000   Number         0  stm32f4xx_hash_md5.o ABSOLUTE
    .\\..\\FWLIB\\src\\stm32f4xx_hash_sha1.c 0x00000000   Number         0  stm32f4xx_hash_sha1.o ABSOLUTE
    .\\..\\FWLIB\\src\\stm32f4xx_i2c.c       0x00000000   Number         0  stm32f4xx_i2c.o ABSOLUTE
    .\\..\\FWLIB\\src\\stm32f4xx_iwdg.c      0x00000000   Number         0  stm32f4xx_iwdg.o ABSOLUTE
    .\\..\\FWLIB\\src\\stm32f4xx_lptim.c     0x00000000   Number         0  stm32f4xx_lptim.o ABSOLUTE
    .\\..\\FWLIB\\src\\stm32f4xx_ltdc.c      0x00000000   Number         0  stm32f4xx_ltdc.o ABSOLUTE
    .\\..\\FWLIB\\src\\stm32f4xx_pwr.c       0x00000000   Number         0  stm32f4xx_pwr.o ABSOLUTE
    .\\..\\FWLIB\\src\\stm32f4xx_qspi.c      0x00000000   Number         0  stm32f4xx_qspi.o ABSOLUTE
    .\\..\\FWLIB\\src\\stm32f4xx_rcc.c       0x00000000   Number         0  stm32f4xx_rcc.o ABSOLUTE
    .\\..\\FWLIB\\src\\stm32f4xx_rng.c       0x00000000   Number         0  stm32f4xx_rng.o ABSOLUTE
    .\\..\\FWLIB\\src\\stm32f4xx_rtc.c       0x00000000   Number         0  stm32f4xx_rtc.o ABSOLUTE
    .\\..\\FWLIB\\src\\stm32f4xx_sai.c       0x00000000   Number         0  stm32f4xx_sai.o ABSOLUTE
    .\\..\\FWLIB\\src\\stm32f4xx_sdio.c      0x00000000   Number         0  stm32f4xx_sdio.o ABSOLUTE
    .\\..\\FWLIB\\src\\stm32f4xx_spdifrx.c   0x00000000   Number         0  stm32f4xx_spdifrx.o ABSOLUTE
    .\\..\\FWLIB\\src\\stm32f4xx_spi.c       0x00000000   Number         0  stm32f4xx_spi.o ABSOLUTE
    .\\..\\FWLIB\\src\\stm32f4xx_syscfg.c    0x00000000   Number         0  stm32f4xx_syscfg.o ABSOLUTE
    .\\..\\FWLIB\\src\\stm32f4xx_tim.c       0x00000000   Number         0  stm32f4xx_tim.o ABSOLUTE
    .\\..\\FWLIB\\src\\stm32f4xx_usart.c     0x00000000   Number         0  stm32f4xx_usart.o ABSOLUTE
    .\\..\\FWLIB\\src\\stm32f4xx_wwdg.c      0x00000000   Number         0  stm32f4xx_wwdg.o ABSOLUTE
    .\\..\\HAEDWARE\\Src\\Beep.c             0x00000000   Number         0  Beep.o ABSOLUTE
    .\\..\\HAEDWARE\\Src\\DHT11.c            0x00000000   Number         0  DHT11.o ABSOLUTE
    .\\..\\HAEDWARE\\Src\\Dcmi.c             0x00000000   Number         0  Dcmi.o ABSOLUTE
    .\\..\\HAEDWARE\\Src\\Delay.c            0x00000000   Number         0  Delay.o ABSOLUTE
    .\\..\\HAEDWARE\\Src\\Esp8266.c          0x00000000   Number         0  Esp8266.o ABSOLUTE
    .\\..\\HAEDWARE\\Src\\Iic.c              0x00000000   Number         0  Iic.o ABSOLUTE
    .\\..\\HAEDWARE\\Src\\Key.c              0x00000000   Number         0  Key.o ABSOLUTE
    .\\..\\HAEDWARE\\Src\\Led.c              0x00000000   Number         0  Led.o ABSOLUTE
    .\\..\\HAEDWARE\\Src\\Num_Keyboard.c     0x00000000   Number         0  Num_Keyboard.o ABSOLUTE
    .\\..\\HAEDWARE\\Src\\OV2640.c           0x00000000   Number         0  OV2640.o ABSOLUTE
    .\\..\\HAEDWARE\\Src\\Oled.c             0x00000000   Number         0  Oled.o ABSOLUTE
    .\\..\\HAEDWARE\\Src\\Pwm.c              0x00000000   Number         0  Pwm.o ABSOLUTE
    .\\..\\HAEDWARE\\Src\\RC522.c            0x00000000   Number         0  RC522.o ABSOLUTE
    .\\..\\HAEDWARE\\Src\\Sccb.c             0x00000000   Number         0  Sccb.o ABSOLUTE
    .\\..\\HAEDWARE\\Src\\System.c           0x00000000   Number         0  System.o ABSOLUTE
    .\\..\\HAEDWARE\\Src\\Tim.c              0x00000000   Number         0  Tim.o ABSOLUTE
    .\\..\\HAEDWARE\\Src\\Usart.c            0x00000000   Number         0  Usart.o ABSOLUTE
    .\\Src\\main.c                           0x00000000   Number         0  main.o ABSOLUTE
    .\\Src\\stm32f4xx_it.c                   0x00000000   Number         0  stm32f4xx_it.o ABSOLUTE
    .\\Src\\system_stm32f4xx.c               0x00000000   Number         0  system_stm32f4xx.o ABSOLUTE
    cdrcmple.s                               0x00000000   Number         0  cdrcmple.o ABSOLUTE
    dc.s                                     0x00000000   Number         0  dc.o ABSOLUTE
    handlers.s                               0x00000000   Number         0  handlers.o ABSOLUTE
    init.s                                   0x00000000   Number         0  init.o ABSOLUTE
    RESET                                    0x08000000   Section      392  startup_stm32f40xx.o(RESET)
    .ARM.Collect$$$$00000000                 0x08000188   Section        0  entry.o(.ARM.Collect$$$$00000000)
    .ARM.Collect$$$$00000001                 0x08000188   Section        4  entry2.o(.ARM.Collect$$$$00000001)
    .ARM.Collect$$$$00000004                 0x0800018c   Section        4  entry5.o(.ARM.Collect$$$$00000004)
    .ARM.Collect$$$$00000008                 0x08000190   Section        0  entry7b.o(.ARM.Collect$$$$00000008)
    .ARM.Collect$$$$0000000A                 0x08000190   Section        0  entry8b.o(.ARM.Collect$$$$0000000A)
    .ARM.Collect$$$$0000000B                 0x08000190   Section        8  entry9a.o(.ARM.Collect$$$$0000000B)
    .ARM.Collect$$$$0000000D                 0x08000198   Section        0  entry10a.o(.ARM.Collect$$$$0000000D)
    .ARM.Collect$$$$0000000F                 0x08000198   Section        0  entry11a.o(.ARM.Collect$$$$0000000F)
    .ARM.Collect$$$$00002712                 0x08000198   Section        4  entry2.o(.ARM.Collect$$$$00002712)
    __lit__00000000                          0x08000198   Data           4  entry2.o(.ARM.Collect$$$$00002712)
    .text                                    0x0800019c   Section       36  startup_stm32f40xx.o(.text)
    $v0                                      0x0800019c   Number         0  startup_stm32f40xx.o(.text)
    .text                                    0x080001c0   Section        0  memcpya.o(.text)
    .text                                    0x080001e4   Section        0  memseta.o(.text)
    .text                                    0x08000208   Section        0  strstr.o(.text)
    .text                                    0x0800022c   Section        0  strchr.o(.text)
    .text                                    0x08000240   Section        0  strlen.o(.text)
    .text                                    0x0800024e   Section        0  strcpy.o(.text)
    .text                                    0x08000260   Section        0  uldiv.o(.text)
    .text                                    0x080002c4   Section       36  init.o(.text)
    .text                                    0x080002e8   Section        0  llshl.o(.text)
    .text                                    0x08000306   Section        0  llushr.o(.text)
    .text                                    0x08000326   Section        0  __dczerorl2.o(.text)
    i.Beep_Control                           0x0800037c   Section        0  Beep.o(i.Beep_Control)
    i.BusFault_Handler                       0x0800039c   Section        0  stm32f4xx_it.o(i.BusFault_Handler)
    i.DCMI_CaptureCmd                        0x080003a0   Section        0  stm32f4xx_dcmi.o(i.DCMI_CaptureCmd)
    i.DCMI_ClearITPendingBit                 0x080003c4   Section        0  stm32f4xx_dcmi.o(i.DCMI_ClearITPendingBit)
    i.DCMI_Cmd                               0x080003d0   Section        0  stm32f4xx_dcmi.o(i.DCMI_Cmd)
    i.DCMI_DMA_Init                          0x080003f4   Section        0  Dcmi.o(i.DCMI_DMA_Init)
    i.DCMI_DeInit                            0x08000464   Section        0  stm32f4xx_dcmi.o(i.DCMI_DeInit)
    i.DCMI_GetITStatus                       0x08000480   Section        0  stm32f4xx_dcmi.o(i.DCMI_GetITStatus)
    i.DCMI_IRQHandler                        0x0800049c   Section        0  Dcmi.o(i.DCMI_IRQHandler)
    i.DCMI_ITConfig                          0x080004c4   Section        0  stm32f4xx_dcmi.o(i.DCMI_ITConfig)
    i.DCMI_Init                              0x080004e8   Section        0  stm32f4xx_dcmi.o(i.DCMI_Init)
    i.DCMI_Start                             0x08000528   Section        0  Dcmi.o(i.DCMI_Start)
    i.DCMI_Stop                              0x08000540   Section        0  Dcmi.o(i.DCMI_Stop)
    i.DHT11_Init_Input                       0x08000568   Section        0  DHT11.o(i.DHT11_Init_Input)
    i.DHT11_Init_Output                      0x08000594   Section        0  DHT11.o(i.DHT11_Init_Output)
    i.DHT11_Read_Byte                        0x080005c8   Section        0  DHT11.o(i.DHT11_Read_Byte)
    i.DHT11_Show                             0x08000638   Section        0  DHT11.o(i.DHT11_Show)
    i.DHT11_Start                            0x080006b8   Section        0  DHT11.o(i.DHT11_Start)
    i.DMA_Cmd                                0x08000730   Section        0  stm32f4xx_dma.o(i.DMA_Cmd)
    i.DMA_DeInit                             0x08000748   Section        0  stm32f4xx_dma.o(i.DMA_DeInit)
    i.DMA_GetCmdStatus                       0x080008a0   Section        0  stm32f4xx_dma.o(i.DMA_GetCmdStatus)
    i.DMA_GetCurrDataCounter                 0x080008b4   Section        0  stm32f4xx_dma.o(i.DMA_GetCurrDataCounter)
    i.DMA_Init                               0x080008bc   Section        0  stm32f4xx_dma.o(i.DMA_Init)
    i.DMA_SetCurrDataCounter                 0x08000914   Section        0  stm32f4xx_dma.o(i.DMA_SetCurrDataCounter)
    i.DebugMon_Handler                       0x08000918   Section        0  stm32f4xx_it.o(i.DebugMon_Handler)
    i.Delay_Init                             0x0800091c   Section        0  Delay.o(i.Delay_Init)
    i.Delay_ms                               0x08000958   Section        0  Delay.o(i.Delay_ms)
    i.Delay_us                               0x08000990   Section        0  Delay.o(i.Delay_us)
    i.Delay_xms                              0x080009dc   Section        0  Delay.o(i.Delay_xms)
    i.ESP8266_Clear                          0x08000a28   Section        0  Esp8266.o(i.ESP8266_Clear)
    i.ESP8266_GetIPD                         0x08000a44   Section        0  Esp8266.o(i.ESP8266_GetIPD)
    i.ESP8266_Init                           0x08000a9c   Section        0  Esp8266.o(i.ESP8266_Init)
    i.ESP8266_SendCmd                        0x08000ed8   Section        0  Esp8266.o(i.ESP8266_SendCmd)
    i.ESP8266_SendData                       0x08000f2c   Section        0  Esp8266.o(i.ESP8266_SendData)
    i.ESP8266_WaitRecive                     0x08000f7c   Section        0  Esp8266.o(i.ESP8266_WaitRecive)
    i.EXTI2_IRQHandler                       0x08000fb0   Section        0  Num_Keyboard.o(i.EXTI2_IRQHandler)
    i.EXTI3_IRQHandler                       0x08000fc2   Section        0  Num_Keyboard.o(i.EXTI3_IRQHandler)
    i.EXTI4_IRQHandler                       0x08000fd4   Section        0  Num_Keyboard.o(i.EXTI4_IRQHandler)
    i.EXTI9_5_IRQHandler                     0x08000fe8   Section        0  Key.o(i.EXTI9_5_IRQHandler)
    i.EXTI_ClearITPendingBit                 0x08001070   Section        0  stm32f4xx_exti.o(i.EXTI_ClearITPendingBit)
    i.EXTI_GetITStatus                       0x0800107c   Section        0  stm32f4xx_exti.o(i.EXTI_GetITStatus)
    i.Flow_Light_Flash_Light                 0x08001094   Section        0  Led.o(i.Flow_Light_Flash_Light)
    i.GPIO_Init                              0x08001108   Section        0  stm32f4xx_gpio.o(i.GPIO_Init)
    i.GPIO_PinAFConfig                       0x08001198   Section        0  stm32f4xx_gpio.o(i.GPIO_PinAFConfig)
    i.GPIO_ReadInputDataBit                  0x080011de   Section        0  stm32f4xx_gpio.o(i.GPIO_ReadInputDataBit)
    i.GPIO_ResetBits                         0x080011f0   Section        0  stm32f4xx_gpio.o(i.GPIO_ResetBits)
    i.GPIO_SetBits                           0x080011f4   Section        0  stm32f4xx_gpio.o(i.GPIO_SetBits)
    i.GPIO_WriteBit                          0x080011f8   Section        0  stm32f4xx_gpio.o(i.GPIO_WriteBit)
    i.HardFault_Handler                      0x08001202   Section        0  stm32f4xx_it.o(i.HardFault_Handler)
    i.Jpeg_Coll                              0x08001208   Section        0  OV2640.o(i.Jpeg_Coll)
    i.Jpeg_Test_Pre                          0x080013bc   Section        0  OV2640.o(i.Jpeg_Test_Pre)
    i.Keyboard_Scan                          0x08001404   Section        0  Num_Keyboard.o(i.Keyboard_Scan)
    i.Led_Control                            0x08001504   Section        0  Led.o(i.Led_Control)
    i.Led_Init                               0x08001560   Section        0  Led.o(i.Led_Init)
    i.MFRC522_Anticoll                       0x080015d0   Section        0  RC522.o(i.MFRC522_Anticoll)
    i.MFRC522_ClearBitMask                   0x0800161a   Section        0  RC522.o(i.MFRC522_ClearBitMask)
    i.MFRC522_ReadRegister                   0x08001634   Section        0  RC522.o(i.MFRC522_ReadRegister)
    i.MFRC522_Request                        0x0800164e   Section        0  RC522.o(i.MFRC522_Request)
    i.MFRC522_SetBitMask                     0x08001680   Section        0  RC522.o(i.MFRC522_SetBitMask)
    i.MFRC522_ToCard                         0x0800169a   Section        0  RC522.o(i.MFRC522_ToCard)
    i.MFRC522_WriteRegister                  0x080017c4   Section        0  RC522.o(i.MFRC522_WriteRegister)
    i.MemManage_Handler                      0x080017da   Section        0  stm32f4xx_it.o(i.MemManage_Handler)
    i.My_DCMI_Init                           0x080017e0   Section        0  Dcmi.o(i.My_DCMI_Init)
    i.NMI_Handler                            0x0800190c   Section        0  stm32f4xx_it.o(i.NMI_Handler)
    i.NVIC_Init                              0x08001910   Section        0  misc.o(i.NVIC_Init)
    i.NVIC_PriorityGroupConfig               0x08001988   Section        0  misc.o(i.NVIC_PriorityGroupConfig)
    i.OLed_Fill                              0x0800199c   Section        0  Oled.o(i.OLed_Fill)
    i.OLed_SetPos                            0x080019d6   Section        0  Oled.o(i.OLed_SetPos)
    i.OLed_ShowASCII                         0x080019fc   Section        0  Oled.o(i.OLed_ShowASCII)
    i.OLed_ShowASCII_Len                     0x08001a6c   Section        0  Oled.o(i.OLed_ShowASCII_Len)
    i.OLed_ShowChina                         0x08001aec   Section        0  Oled.o(i.OLed_ShowChina)
    i.OV2640_Init                            0x08001b38   Section        0  OV2640.o(i.OV2640_Init)
    i.OV2640_JPEG_Mode                       0x08001c78   Section        0  OV2640.o(i.OV2640_JPEG_Mode)
    i.OV2640_OutSize_Set                     0x08001cc4   Section        0  OV2640.o(i.OV2640_OutSize_Set)
    i.Oled_Init                              0x08001d4c   Section        0  Oled.o(i.Oled_Init)
    i.Oled_Send_One_Byte_Cmd                 0x08001e20   Section        0  Oled.o(i.Oled_Send_One_Byte_Cmd)
    i.Oled_Send_One_Byte_DATA                0x08001e6c   Section        0  Oled.o(i.Oled_Send_One_Byte_DATA)
    i.PendSV_Handler                         0x08001eb8   Section        0  stm32f4xx_it.o(i.PendSV_Handler)
    i.RCC_AHB1PeriphClockCmd                 0x08001ebc   Section        0  stm32f4xx_rcc.o(i.RCC_AHB1PeriphClockCmd)
    i.RCC_AHB2PeriphClockCmd                 0x08001edc   Section        0  stm32f4xx_rcc.o(i.RCC_AHB2PeriphClockCmd)
    i.RCC_APB1PeriphClockCmd                 0x08001efc   Section        0  stm32f4xx_rcc.o(i.RCC_APB1PeriphClockCmd)
    i.RCC_APB2PeriphClockCmd                 0x08001f1c   Section        0  stm32f4xx_rcc.o(i.RCC_APB2PeriphClockCmd)
    i.RCC_GetClocksFreq                      0x08001f3c   Section        0  stm32f4xx_rcc.o(i.RCC_GetClocksFreq)
    i.SCCB_Init                              0x08002024   Section        0  Sccb.o(i.SCCB_Init)
    i.SCCB_No_Ack                            0x08002078   Section        0  Sccb.o(i.SCCB_No_Ack)
    i.SCCB_RD_Byte                           0x080020b8   Section        0  Sccb.o(i.SCCB_RD_Byte)
    i.SCCB_RD_Reg                            0x08002128   Section        0  Sccb.o(i.SCCB_RD_Reg)
    i.SCCB_Start                             0x08002178   Section        0  Sccb.o(i.SCCB_Start)
    i.SCCB_Stop                              0x080021ac   Section        0  Sccb.o(i.SCCB_Stop)
    i.SCCB_WR_Byte                           0x080021e0   Section        0  Sccb.o(i.SCCB_WR_Byte)
    i.SCCB_WR_Reg                            0x08002288   Section        0  Sccb.o(i.SCCB_WR_Reg)
    i.SPI1SendByte                           0x080022c6   Section        0  RC522.o(i.SPI1SendByte)
    i.SPI1_ReadReg                           0x080022dc   Section        0  RC522.o(i.SPI1_ReadReg)
    i.SPI1_WriteReg                          0x08002318   Section        0  RC522.o(i.SPI1_WriteReg)
    i.SPI_I2S_GetFlagStatus                  0x08002350   Section        0  stm32f4xx_spi.o(i.SPI_I2S_GetFlagStatus)
    i.SPI_I2S_ReceiveData                    0x08002362   Section        0  stm32f4xx_spi.o(i.SPI_I2S_ReceiveData)
    i.SPI_I2S_SendData                       0x08002368   Section        0  stm32f4xx_spi.o(i.SPI_I2S_SendData)
    i.SVC_Handler                            0x0800236c   Section        0  stm32f4xx_it.o(i.SVC_Handler)
    i.SetRow_GPIO                            0x08002370   Section        0  Num_Keyboard.o(i.SetRow_GPIO)
    i.SetSysClock                            0x0800239c   Section        0  system_stm32f4xx.o(i.SetSysClock)
    SetSysClock                              0x0800239d   Thumb Code   220  system_stm32f4xx.o(i.SetSysClock)
    i.Show_UI                                0x08002488   Section        0  Oled.o(i.Show_UI)
    i.Software_IIC_Init                      0x08002570   Section        0  Iic.o(i.Software_IIC_Init)
    i.Software_IIC_Read_ACK                  0x080025cc   Section        0  Iic.o(i.Software_IIC_Read_ACK)
    i.Software_IIC_Send_One_Byte_Data        0x08002610   Section        0  Iic.o(i.Software_IIC_Send_One_Byte_Data)
    i.Software_IIC_Start                     0x08002674   Section        0  Iic.o(i.Software_IIC_Start)
    i.Software_IIC_Stop                      0x080026a8   Section        0  Iic.o(i.Software_IIC_Stop)
    i.SysTick_CLKSourceConfig                0x080026e4   Section        0  misc.o(i.SysTick_CLKSourceConfig)
    i.SysTick_Handler                        0x0800270c   Section        0  stm32f4xx_it.o(i.SysTick_Handler)
    i.SystemInit                             0x08002710   Section        0  system_stm32f4xx.o(i.SystemInit)
    i.TIM8_BRK_TIM12_IRQHandler              0x08002778   Section        0  Tim.o(i.TIM8_BRK_TIM12_IRQHandler)
    i.TIM8_TRG_COM_TIM14_IRQHandler          0x080027dc   Section        0  Tim.o(i.TIM8_TRG_COM_TIM14_IRQHandler)
    i.TIM8_UP_TIM13_IRQHandler               0x0800284c   Section        0  Tim.o(i.TIM8_UP_TIM13_IRQHandler)
    i.TIM_ClearITPendingBit                  0x08002894   Section        0  stm32f4xx_tim.o(i.TIM_ClearITPendingBit)
    i.TIM_GetITStatus                        0x0800289a   Section        0  stm32f4xx_tim.o(i.TIM_GetITStatus)
    i.TIM_SetCompare1                        0x080028bc   Section        0  stm32f4xx_tim.o(i.TIM_SetCompare1)
    i.UART5_IRQHandler                       0x080028c0   Section        0  Usart.o(i.UART5_IRQHandler)
    i.USART1_IRQHandler                      0x0800290c   Section        0  Usart.o(i.USART1_IRQHandler)
    i.USART_ClearFlag                        0x08002974   Section        0  stm32f4xx_usart.o(i.USART_ClearFlag)
    i.USART_ClearITPendingBit                0x08002986   Section        0  stm32f4xx_usart.o(i.USART_ClearITPendingBit)
    i.USART_Cmd                              0x080029a4   Section        0  stm32f4xx_usart.o(i.USART_Cmd)
    i.USART_GetFlagStatus                    0x080029bc   Section        0  stm32f4xx_usart.o(i.USART_GetFlagStatus)
    i.USART_GetITStatus                      0x080029d6   Section        0  stm32f4xx_usart.o(i.USART_GetITStatus)
    i.USART_ITConfig                         0x08002a2a   Section        0  stm32f4xx_usart.o(i.USART_ITConfig)
    i.USART_Init                             0x08002a74   Section        0  stm32f4xx_usart.o(i.USART_Init)
    i.USART_ReceiveData                      0x08002b48   Section        0  stm32f4xx_usart.o(i.USART_ReceiveData)
    i.USART_SendData                         0x08002b52   Section        0  stm32f4xx_usart.o(i.USART_SendData)
    i.USART_SendDatas                        0x08002b5a   Section        0  Usart.o(i.USART_SendDatas)
    i.Uart5_Init                             0x08002b88   Section        0  Usart.o(i.Uart5_Init)
    i.Update_Data_Access                     0x08002c5c   Section        0  Oled.o(i.Update_Data_Access)
    i.Update_Data_Environment                0x08002c98   Section        0  Oled.o(i.Update_Data_Environment)
    i.Update_Passwd                          0x08002cb8   Section        0  Oled.o(i.Update_Passwd)
    i.UsageFault_Handler                     0x08002d08   Section        0  stm32f4xx_it.o(i.UsageFault_Handler)
    i.Usart1_Init                            0x08002d0c   Section        0  Usart.o(i.Usart1_Init)
    i.__0printf$8                            0x08002de4   Section        0  printf8.o(i.__0printf$8)
    i.__0sprintf$8                           0x08002e04   Section        0  printf8.o(i.__0sprintf$8)
    i.__scatterload_copy                     0x08002e2c   Section       14  handlers.o(i.__scatterload_copy)
    i.__scatterload_null                     0x08002e3a   Section        2  handlers.o(i.__scatterload_null)
    i.__scatterload_zeroinit                 0x08002e3c   Section       14  handlers.o(i.__scatterload_zeroinit)
    i._printf_core                           0x08002e4c   Section        0  printf8.o(i._printf_core)
    _printf_core                             0x08002e4d   Thumb Code   996  printf8.o(i._printf_core)
    i._printf_post_padding                   0x0800325c   Section        0  printf8.o(i._printf_post_padding)
    _printf_post_padding                     0x0800325d   Thumb Code    36  printf8.o(i._printf_post_padding)
    i._printf_pre_padding                    0x08003280   Section        0  printf8.o(i._printf_pre_padding)
    _printf_pre_padding                      0x08003281   Thumb Code    46  printf8.o(i._printf_pre_padding)
    i._sputc                                 0x080032ae   Section        0  printf8.o(i._sputc)
    _sputc                                   0x080032af   Thumb Code    10  printf8.o(i._sputc)
    i.fputc                                  0x080032b8   Section        0  Usart.o(i.fputc)
    i.jpeg_data_process                      0x080032dc   Section        0  OV2640.o(i.jpeg_data_process)
    i.main                                   0x08003344   Section        0  main.o(i.main)
    i.spi_master_send_recv_byte              0x0800338c   Section        0  RC522.o(i.spi_master_send_recv_byte)
    .constdata                               0x080033c8   Section       16  Num_Keyboard.o(.constdata)
    .constdata                               0x080033d8   Section      844  OV2640.o(.constdata)
    OV2640_AUTOEXPOSURE_LEVEL                0x080036fc   Data          40  OV2640.o(.constdata)
    .constdata                               0x08003724   Section     1520  Oled.o(.constdata)
    .constdata                               0x08003d14   Section       50  Tim.o(.constdata)
    .conststring                             0x08003d48   Section       69  Esp8266.o(.conststring)
    .conststring                             0x08003d90   Section      119  OV2640.o(.conststring)
    .data                                    0x20000000   Section       16  stm32f4xx_rcc.o(.data)
    APBAHBPrescTable                         0x20000000   Data          16  stm32f4xx_rcc.o(.data)
    .data                                    0x20000010   Section       20  DHT11.o(.data)
    .data                                    0x20000024   Section        1  Dcmi.o(.data)
    .data                                    0x20000026   Section        4  Delay.o(.data)
    fac_us                                   0x20000026   Data           1  Delay.o(.data)
    fac_ms                                   0x20000028   Data           2  Delay.o(.data)
    .data                                    0x2000002a   Section       38  Esp8266.o(.data)
    .data                                    0x20000050   Section       17  Num_Keyboard.o(.data)
    .data                                    0x20000064   Section       72  OV2640.o(.data)
    .data                                    0x200000ac   Section      611  Oled.o(.data)
    .data                                    0x20000310   Section        4  Pwm.o(.data)
    .data                                    0x20000314   Section        4  stdout.o(.data)
    .bss                                     0x20000318   Section       14  Dcmi.o(.bss)
    .bss                                     0x20000326   Section      328  Esp8266.o(.bss)
    .bss                                     0x20000470   Section    126976  OV2640.o(.bss)
    .bss                                     0x2001f470   Section       16  RC522.o(.bss)
    STACK                                    0x2001f480   Section     1024  startup_stm32f40xx.o(STACK)

    Global Symbols

    Symbol Name                              Value     Ov Type        Size  Object(Section)

    BuildAttributes$$THM_ISAv4$E$P$D$K$B$S$7EM$VFPi3$EXTD16$VFPS$VFMA$PE$A:L22UL41UL21$X:L11$S22US41US21$IEEE1$IW$USESV6$~STKCKD$USESV7$~SHL$OSPACE$ROPI$EBA8$MICROLIB$REQ8$PRES8$EABIv2 0x00000000   Number         0  anon$$obj.o ABSOLUTE
    __ARM_use_no_argv                        0x00000000   Number         0  main.o ABSOLUTE
    _printf_a                                0x00000000   Number         0  stubs.o ABSOLUTE
    _printf_c                                0x00000000   Number         0  stubs.o ABSOLUTE
    _printf_charcount                        0x00000000   Number         0  stubs.o ABSOLUTE
    _printf_d                                0x00000000   Number         0  stubs.o ABSOLUTE
    _printf_e                                0x00000000   Number         0  stubs.o ABSOLUTE
    _printf_f                                0x00000000   Number         0  stubs.o ABSOLUTE
    _printf_flags                            0x00000000   Number         0  stubs.o ABSOLUTE
    _printf_fp_dec                           0x00000000   Number         0  stubs.o ABSOLUTE
    _printf_fp_hex                           0x00000000   Number         0  stubs.o ABSOLUTE
    _printf_g                                0x00000000   Number         0  stubs.o ABSOLUTE
    _printf_i                                0x00000000   Number         0  stubs.o ABSOLUTE
    _printf_int_dec                          0x00000000   Number         0  stubs.o ABSOLUTE
    _printf_l                                0x00000000   Number         0  stubs.o ABSOLUTE
    _printf_lc                               0x00000000   Number         0  stubs.o ABSOLUTE
    _printf_ll                               0x00000000   Number         0  stubs.o ABSOLUTE
    _printf_lld                              0x00000000   Number         0  stubs.o ABSOLUTE
    _printf_lli                              0x00000000   Number         0  stubs.o ABSOLUTE
    _printf_llo                              0x00000000   Number         0  stubs.o ABSOLUTE
    _printf_llu                              0x00000000   Number         0  stubs.o ABSOLUTE
    _printf_llx                              0x00000000   Number         0  stubs.o ABSOLUTE
    _printf_longlong_dec                     0x00000000   Number         0  stubs.o ABSOLUTE
    _printf_longlong_hex                     0x00000000   Number         0  stubs.o ABSOLUTE
    _printf_longlong_oct                     0x00000000   Number         0  stubs.o ABSOLUTE
    _printf_ls                               0x00000000   Number         0  stubs.o ABSOLUTE
    _printf_mbtowc                           0x00000000   Number         0  stubs.o ABSOLUTE
    _printf_n                                0x00000000   Number         0  stubs.o ABSOLUTE
    _printf_o                                0x00000000   Number         0  stubs.o ABSOLUTE
    _printf_p                                0x00000000   Number         0  stubs.o ABSOLUTE
    _printf_percent                          0x00000000   Number         0  stubs.o ABSOLUTE
    _printf_pre_padding                      0x00000000   Number         0  stubs.o ABSOLUTE
    _printf_return_value                     0x00000000   Number         0  stubs.o ABSOLUTE
    _printf_s                                0x00000000   Number         0  stubs.o ABSOLUTE
    _printf_sizespec                         0x00000000   Number         0  stubs.o ABSOLUTE
    _printf_str                              0x00000000   Number         0  stubs.o ABSOLUTE
    _printf_truncate_signed                  0x00000000   Number         0  stubs.o ABSOLUTE
    _printf_truncate_unsigned                0x00000000   Number         0  stubs.o ABSOLUTE
    _printf_u                                0x00000000   Number         0  stubs.o ABSOLUTE
    _printf_wc                               0x00000000   Number         0  stubs.o ABSOLUTE
    _printf_wctomb                           0x00000000   Number         0  stubs.o ABSOLUTE
    _printf_widthprec                        0x00000000   Number         0  stubs.o ABSOLUTE
    _printf_x                                0x00000000   Number         0  stubs.o ABSOLUTE
    __cpp_initialize__aeabi_                  - Undefined Weak Reference
    __cxa_finalize                            - Undefined Weak Reference
    _clock_init                               - Undefined Weak Reference
    _microlib_exit                            - Undefined Weak Reference
    __Vectors_Size                           0x00000188   Number         0  startup_stm32f40xx.o ABSOLUTE
    __Vectors                                0x08000000   Data           4  startup_stm32f40xx.o(RESET)
    __Vectors_End                            0x08000188   Data           0  startup_stm32f40xx.o(RESET)
    __main                                   0x08000189   Thumb Code     0  entry.o(.ARM.Collect$$$$00000000)
    _main_stk                                0x08000189   Thumb Code     0  entry2.o(.ARM.Collect$$$$00000001)
    _main_scatterload                        0x0800018d   Thumb Code     0  entry5.o(.ARM.Collect$$$$00000004)
    __main_after_scatterload                 0x08000191   Thumb Code     0  entry5.o(.ARM.Collect$$$$00000004)
    _main_clock                              0x08000191   Thumb Code     0  entry7b.o(.ARM.Collect$$$$00000008)
    _main_cpp_init                           0x08000191   Thumb Code     0  entry8b.o(.ARM.Collect$$$$0000000A)
    _main_init                               0x08000191   Thumb Code     0  entry9a.o(.ARM.Collect$$$$0000000B)
    __rt_final_cpp                           0x08000199   Thumb Code     0  entry10a.o(.ARM.Collect$$$$0000000D)
    __rt_final_exit                          0x08000199   Thumb Code     0  entry11a.o(.ARM.Collect$$$$0000000F)
    Reset_Handler                            0x0800019d   Thumb Code     8  startup_stm32f40xx.o(.text)
    ADC_IRQHandler                           0x080001b7   Thumb Code     0  startup_stm32f40xx.o(.text)
    CAN1_RX0_IRQHandler                      0x080001b7   Thumb Code     0  startup_stm32f40xx.o(.text)
    CAN1_RX1_IRQHandler                      0x080001b7   Thumb Code     0  startup_stm32f40xx.o(.text)
    CAN1_SCE_IRQHandler                      0x080001b7   Thumb Code     0  startup_stm32f40xx.o(.text)
    CAN1_TX_IRQHandler                       0x080001b7   Thumb Code     0  startup_stm32f40xx.o(.text)
    CAN2_RX0_IRQHandler                      0x080001b7   Thumb Code     0  startup_stm32f40xx.o(.text)
    CAN2_RX1_IRQHandler                      0x080001b7   Thumb Code     0  startup_stm32f40xx.o(.text)
    CAN2_SCE_IRQHandler                      0x080001b7   Thumb Code     0  startup_stm32f40xx.o(.text)
    CAN2_TX_IRQHandler                       0x080001b7   Thumb Code     0  startup_stm32f40xx.o(.text)
    CRYP_IRQHandler                          0x080001b7   Thumb Code     0  startup_stm32f40xx.o(.text)
    DMA1_Stream0_IRQHandler                  0x080001b7   Thumb Code     0  startup_stm32f40xx.o(.text)
    DMA1_Stream1_IRQHandler                  0x080001b7   Thumb Code     0  startup_stm32f40xx.o(.text)
    DMA1_Stream2_IRQHandler                  0x080001b7   Thumb Code     0  startup_stm32f40xx.o(.text)
    DMA1_Stream3_IRQHandler                  0x080001b7   Thumb Code     0  startup_stm32f40xx.o(.text)
    DMA1_Stream4_IRQHandler                  0x080001b7   Thumb Code     0  startup_stm32f40xx.o(.text)
    DMA1_Stream5_IRQHandler                  0x080001b7   Thumb Code     0  startup_stm32f40xx.o(.text)
    DMA1_Stream6_IRQHandler                  0x080001b7   Thumb Code     0  startup_stm32f40xx.o(.text)
    DMA1_Stream7_IRQHandler                  0x080001b7   Thumb Code     0  startup_stm32f40xx.o(.text)
    DMA2_Stream0_IRQHandler                  0x080001b7   Thumb Code     0  startup_stm32f40xx.o(.text)
    DMA2_Stream1_IRQHandler                  0x080001b7   Thumb Code     0  startup_stm32f40xx.o(.text)
    DMA2_Stream2_IRQHandler                  0x080001b7   Thumb Code     0  startup_stm32f40xx.o(.text)
    DMA2_Stream3_IRQHandler                  0x080001b7   Thumb Code     0  startup_stm32f40xx.o(.text)
    DMA2_Stream4_IRQHandler                  0x080001b7   Thumb Code     0  startup_stm32f40xx.o(.text)
    DMA2_Stream5_IRQHandler                  0x080001b7   Thumb Code     0  startup_stm32f40xx.o(.text)
    DMA2_Stream6_IRQHandler                  0x080001b7   Thumb Code     0  startup_stm32f40xx.o(.text)
    DMA2_Stream7_IRQHandler                  0x080001b7   Thumb Code     0  startup_stm32f40xx.o(.text)
    ETH_IRQHandler                           0x080001b7   Thumb Code     0  startup_stm32f40xx.o(.text)
    ETH_WKUP_IRQHandler                      0x080001b7   Thumb Code     0  startup_stm32f40xx.o(.text)
    EXTI0_IRQHandler                         0x080001b7   Thumb Code     0  startup_stm32f40xx.o(.text)
    EXTI15_10_IRQHandler                     0x080001b7   Thumb Code     0  startup_stm32f40xx.o(.text)
    EXTI1_IRQHandler                         0x080001b7   Thumb Code     0  startup_stm32f40xx.o(.text)
    FLASH_IRQHandler                         0x080001b7   Thumb Code     0  startup_stm32f40xx.o(.text)
    FPU_IRQHandler                           0x080001b7   Thumb Code     0  startup_stm32f40xx.o(.text)
    FSMC_IRQHandler                          0x080001b7   Thumb Code     0  startup_stm32f40xx.o(.text)
    HASH_RNG_IRQHandler                      0x080001b7   Thumb Code     0  startup_stm32f40xx.o(.text)
    I2C1_ER_IRQHandler                       0x080001b7   Thumb Code     0  startup_stm32f40xx.o(.text)
    I2C1_EV_IRQHandler                       0x080001b7   Thumb Code     0  startup_stm32f40xx.o(.text)
    I2C2_ER_IRQHandler                       0x080001b7   Thumb Code     0  startup_stm32f40xx.o(.text)
    I2C2_EV_IRQHandler                       0x080001b7   Thumb Code     0  startup_stm32f40xx.o(.text)
    I2C3_ER_IRQHandler                       0x080001b7   Thumb Code     0  startup_stm32f40xx.o(.text)
    I2C3_EV_IRQHandler                       0x080001b7   Thumb Code     0  startup_stm32f40xx.o(.text)
    OTG_FS_IRQHandler                        0x080001b7   Thumb Code     0  startup_stm32f40xx.o(.text)
    OTG_FS_WKUP_IRQHandler                   0x080001b7   Thumb Code     0  startup_stm32f40xx.o(.text)
    OTG_HS_EP1_IN_IRQHandler                 0x080001b7   Thumb Code     0  startup_stm32f40xx.o(.text)
    OTG_HS_EP1_OUT_IRQHandler                0x080001b7   Thumb Code     0  startup_stm32f40xx.o(.text)
    OTG_HS_IRQHandler                        0x080001b7   Thumb Code     0  startup_stm32f40xx.o(.text)
    OTG_HS_WKUP_IRQHandler                   0x080001b7   Thumb Code     0  startup_stm32f40xx.o(.text)
    PVD_IRQHandler                           0x080001b7   Thumb Code     0  startup_stm32f40xx.o(.text)
    RCC_IRQHandler                           0x080001b7   Thumb Code     0  startup_stm32f40xx.o(.text)
    RTC_Alarm_IRQHandler                     0x080001b7   Thumb Code     0  startup_stm32f40xx.o(.text)
    RTC_WKUP_IRQHandler                      0x080001b7   Thumb Code     0  startup_stm32f40xx.o(.text)
    SDIO_IRQHandler                          0x080001b7   Thumb Code     0  startup_stm32f40xx.o(.text)
    SPI1_IRQHandler                          0x080001b7   Thumb Code     0  startup_stm32f40xx.o(.text)
    SPI2_IRQHandler                          0x080001b7   Thumb Code     0  startup_stm32f40xx.o(.text)
    SPI3_IRQHandler                          0x080001b7   Thumb Code     0  startup_stm32f40xx.o(.text)
    TAMP_STAMP_IRQHandler                    0x080001b7   Thumb Code     0  startup_stm32f40xx.o(.text)
    TIM1_BRK_TIM9_IRQHandler                 0x080001b7   Thumb Code     0  startup_stm32f40xx.o(.text)
    TIM1_CC_IRQHandler                       0x080001b7   Thumb Code     0  startup_stm32f40xx.o(.text)
    TIM1_TRG_COM_TIM11_IRQHandler            0x080001b7   Thumb Code     0  startup_stm32f40xx.o(.text)
    TIM1_UP_TIM10_IRQHandler                 0x080001b7   Thumb Code     0  startup_stm32f40xx.o(.text)
    TIM2_IRQHandler                          0x080001b7   Thumb Code     0  startup_stm32f40xx.o(.text)
    TIM3_IRQHandler                          0x080001b7   Thumb Code     0  startup_stm32f40xx.o(.text)
    TIM4_IRQHandler                          0x080001b7   Thumb Code     0  startup_stm32f40xx.o(.text)
    TIM5_IRQHandler                          0x080001b7   Thumb Code     0  startup_stm32f40xx.o(.text)
    TIM6_DAC_IRQHandler                      0x080001b7   Thumb Code     0  startup_stm32f40xx.o(.text)
    TIM7_IRQHandler                          0x080001b7   Thumb Code     0  startup_stm32f40xx.o(.text)
    TIM8_CC_IRQHandler                       0x080001b7   Thumb Code     0  startup_stm32f40xx.o(.text)
    UART4_IRQHandler                         0x080001b7   Thumb Code     0  startup_stm32f40xx.o(.text)
    USART2_IRQHandler                        0x080001b7   Thumb Code     0  startup_stm32f40xx.o(.text)
    USART3_IRQHandler                        0x080001b7   Thumb Code     0  startup_stm32f40xx.o(.text)
    USART6_IRQHandler                        0x080001b7   Thumb Code     0  startup_stm32f40xx.o(.text)
    WWDG_IRQHandler                          0x080001b7   Thumb Code     0  startup_stm32f40xx.o(.text)
    __aeabi_memcpy                           0x080001c1   Thumb Code    36  memcpya.o(.text)
    __aeabi_memcpy4                          0x080001c1   Thumb Code     0  memcpya.o(.text)
    __aeabi_memcpy8                          0x080001c1   Thumb Code     0  memcpya.o(.text)
    __aeabi_memset                           0x080001e5   Thumb Code    14  memseta.o(.text)
    __aeabi_memset4                          0x080001e5   Thumb Code     0  memseta.o(.text)
    __aeabi_memset8                          0x080001e5   Thumb Code     0  memseta.o(.text)
    __aeabi_memclr                           0x080001f3   Thumb Code     4  memseta.o(.text)
    __aeabi_memclr4                          0x080001f3   Thumb Code     0  memseta.o(.text)
    __aeabi_memclr8                          0x080001f3   Thumb Code     0  memseta.o(.text)
    _memset$wrapper                          0x080001f7   Thumb Code    18  memseta.o(.text)
    strstr                                   0x08000209   Thumb Code    36  strstr.o(.text)
    strchr                                   0x0800022d   Thumb Code    20  strchr.o(.text)
    strlen                                   0x08000241   Thumb Code    14  strlen.o(.text)
    strcpy                                   0x0800024f   Thumb Code    18  strcpy.o(.text)
    __aeabi_uldivmod                         0x08000261   Thumb Code    98  uldiv.o(.text)
    __scatterload                            0x080002c5   Thumb Code    28  init.o(.text)
    __scatterload_rt2                        0x080002c5   Thumb Code     0  init.o(.text)
    __aeabi_llsl                             0x080002e9   Thumb Code    30  llshl.o(.text)
    _ll_shift_l                              0x080002e9   Thumb Code     0  llshl.o(.text)
    __aeabi_llsr                             0x08000307   Thumb Code    32  llushr.o(.text)
    _ll_ushift_r                             0x08000307   Thumb Code     0  llushr.o(.text)
    __decompress                             0x08000327   Thumb Code     0  __dczerorl2.o(.text)
    __decompress1                            0x08000327   Thumb Code    86  __dczerorl2.o(.text)
    Beep_Control                             0x0800037d   Thumb Code    28  Beep.o(i.Beep_Control)
    BusFault_Handler                         0x0800039d   Thumb Code     4  stm32f4xx_it.o(i.BusFault_Handler)
    DCMI_CaptureCmd                          0x080003a1   Thumb Code    30  stm32f4xx_dcmi.o(i.DCMI_CaptureCmd)
    DCMI_ClearITPendingBit                   0x080003c5   Thumb Code     6  stm32f4xx_dcmi.o(i.DCMI_ClearITPendingBit)
    DCMI_Cmd                                 0x080003d1   Thumb Code    30  stm32f4xx_dcmi.o(i.DCMI_Cmd)
    DCMI_DMA_Init                            0x080003f5   Thumb Code   102  Dcmi.o(i.DCMI_DMA_Init)
    DCMI_DeInit                              0x08000465   Thumb Code    24  stm32f4xx_dcmi.o(i.DCMI_DeInit)
    DCMI_GetITStatus                         0x08000481   Thumb Code    24  stm32f4xx_dcmi.o(i.DCMI_GetITStatus)
    DCMI_IRQHandler                          0x0800049d   Thumb Code    34  Dcmi.o(i.DCMI_IRQHandler)
    DCMI_ITConfig                            0x080004c5   Thumb Code    30  stm32f4xx_dcmi.o(i.DCMI_ITConfig)
    DCMI_Init                                0x080004e9   Thumb Code    60  stm32f4xx_dcmi.o(i.DCMI_Init)
    DCMI_Start                               0x08000529   Thumb Code    18  Dcmi.o(i.DCMI_Start)
    DCMI_Stop                                0x08000541   Thumb Code    32  Dcmi.o(i.DCMI_Stop)
    DHT11_Init_Input                         0x08000569   Thumb Code    38  DHT11.o(i.DHT11_Init_Input)
    DHT11_Init_Output                        0x08000595   Thumb Code    48  DHT11.o(i.DHT11_Init_Output)
    DHT11_Read_Byte                          0x080005c9   Thumb Code   106  DHT11.o(i.DHT11_Read_Byte)
    DHT11_Show                               0x08000639   Thumb Code   100  DHT11.o(i.DHT11_Show)
    DHT11_Start                              0x080006b9   Thumb Code   114  DHT11.o(i.DHT11_Start)
    DMA_Cmd                                  0x08000731   Thumb Code    22  stm32f4xx_dma.o(i.DMA_Cmd)
    DMA_DeInit                               0x08000749   Thumb Code   324  stm32f4xx_dma.o(i.DMA_DeInit)
    DMA_GetCmdStatus                         0x080008a1   Thumb Code    20  stm32f4xx_dma.o(i.DMA_GetCmdStatus)
    DMA_GetCurrDataCounter                   0x080008b5   Thumb Code     8  stm32f4xx_dma.o(i.DMA_GetCurrDataCounter)
    DMA_Init                                 0x080008bd   Thumb Code    82  stm32f4xx_dma.o(i.DMA_Init)
    DMA_SetCurrDataCounter                   0x08000915   Thumb Code     4  stm32f4xx_dma.o(i.DMA_SetCurrDataCounter)
    DebugMon_Handler                         0x08000919   Thumb Code     2  stm32f4xx_it.o(i.DebugMon_Handler)
    Delay_Init                               0x0800091d   Thumb Code    52  Delay.o(i.Delay_Init)
    Delay_ms                                 0x08000959   Thumb Code    56  Delay.o(i.Delay_ms)
    Delay_us                                 0x08000991   Thumb Code    72  Delay.o(i.Delay_us)
    Delay_xms                                0x080009dd   Thumb Code    72  Delay.o(i.Delay_xms)
    ESP8266_Clear                            0x08000a29   Thumb Code    18  Esp8266.o(i.ESP8266_Clear)
    ESP8266_GetIPD                           0x08000a45   Thumb Code    66  Esp8266.o(i.ESP8266_GetIPD)
    ESP8266_Init                             0x08000a9d   Thumb Code   274  Esp8266.o(i.ESP8266_Init)
    ESP8266_SendCmd                          0x08000ed9   Thumb Code    76  Esp8266.o(i.ESP8266_SendCmd)
    ESP8266_SendData                         0x08000f2d   Thumb Code    56  Esp8266.o(i.ESP8266_SendData)
    ESP8266_WaitRecive                       0x08000f7d   Thumb Code    42  Esp8266.o(i.ESP8266_WaitRecive)
    EXTI2_IRQHandler                         0x08000fb1   Thumb Code    18  Num_Keyboard.o(i.EXTI2_IRQHandler)
    EXTI3_IRQHandler                         0x08000fc3   Thumb Code    18  Num_Keyboard.o(i.EXTI3_IRQHandler)
    EXTI4_IRQHandler                         0x08000fd5   Thumb Code    18  Num_Keyboard.o(i.EXTI4_IRQHandler)
    EXTI9_5_IRQHandler                       0x08000fe9   Thumb Code   130  Key.o(i.EXTI9_5_IRQHandler)
    EXTI_ClearITPendingBit                   0x08001071   Thumb Code     6  stm32f4xx_exti.o(i.EXTI_ClearITPendingBit)
    EXTI_GetITStatus                         0x0800107d   Thumb Code    20  stm32f4xx_exti.o(i.EXTI_GetITStatus)
    Flow_Light_Flash_Light                   0x08001095   Thumb Code   110  Led.o(i.Flow_Light_Flash_Light)
    GPIO_Init                                0x08001109   Thumb Code   144  stm32f4xx_gpio.o(i.GPIO_Init)
    GPIO_PinAFConfig                         0x08001199   Thumb Code    70  stm32f4xx_gpio.o(i.GPIO_PinAFConfig)
    GPIO_ReadInputDataBit                    0x080011df   Thumb Code    18  stm32f4xx_gpio.o(i.GPIO_ReadInputDataBit)
    GPIO_ResetBits                           0x080011f1   Thumb Code     4  stm32f4xx_gpio.o(i.GPIO_ResetBits)
    GPIO_SetBits                             0x080011f5   Thumb Code     4  stm32f4xx_gpio.o(i.GPIO_SetBits)
    GPIO_WriteBit                            0x080011f9   Thumb Code    10  stm32f4xx_gpio.o(i.GPIO_WriteBit)
    HardFault_Handler                        0x08001203   Thumb Code     4  stm32f4xx_it.o(i.HardFault_Handler)
    Jpeg_Coll                                0x08001209   Thumb Code   316  OV2640.o(i.Jpeg_Coll)
    Jpeg_Test_Pre                            0x080013bd   Thumb Code    62  OV2640.o(i.Jpeg_Test_Pre)
    Keyboard_Scan                            0x08001405   Thumb Code   210  Num_Keyboard.o(i.Keyboard_Scan)
    Led_Control                              0x08001505   Thumb Code    84  Led.o(i.Led_Control)
    Led_Init                                 0x08001561   Thumb Code    84  Led.o(i.Led_Init)
    MFRC522_Anticoll                         0x080015d1   Thumb Code    74  RC522.o(i.MFRC522_Anticoll)
    MFRC522_ClearBitMask                     0x0800161b   Thumb Code    26  RC522.o(i.MFRC522_ClearBitMask)
    MFRC522_ReadRegister                     0x08001635   Thumb Code    26  RC522.o(i.MFRC522_ReadRegister)
    MFRC522_Request                          0x0800164f   Thumb Code    50  RC522.o(i.MFRC522_Request)
    MFRC522_SetBitMask                       0x08001681   Thumb Code    26  RC522.o(i.MFRC522_SetBitMask)
    MFRC522_ToCard                           0x0800169b   Thumb Code   298  RC522.o(i.MFRC522_ToCard)
    MFRC522_WriteRegister                    0x080017c5   Thumb Code    22  RC522.o(i.MFRC522_WriteRegister)
    MemManage_Handler                        0x080017db   Thumb Code     4  stm32f4xx_it.o(i.MemManage_Handler)
    My_DCMI_Init                             0x080017e1   Thumb Code   278  Dcmi.o(i.My_DCMI_Init)
    NMI_Handler                              0x0800190d   Thumb Code     2  stm32f4xx_it.o(i.NMI_Handler)
    NVIC_Init                                0x08001911   Thumb Code   106  misc.o(i.NVIC_Init)
    NVIC_PriorityGroupConfig                 0x08001989   Thumb Code    10  misc.o(i.NVIC_PriorityGroupConfig)
    OLed_Fill                                0x0800199d   Thumb Code    58  Oled.o(i.OLed_Fill)
    OLed_SetPos                              0x080019d7   Thumb Code    36  Oled.o(i.OLed_SetPos)
    OLed_ShowASCII                           0x080019fd   Thumb Code   108  Oled.o(i.OLed_ShowASCII)
    OLed_ShowASCII_Len                       0x08001a6d   Thumb Code   124  Oled.o(i.OLed_ShowASCII_Len)
    OLed_ShowChina                           0x08001aed   Thumb Code    74  Oled.o(i.OLed_ShowChina)
    OV2640_Init                              0x08001b39   Thumb Code   248  OV2640.o(i.OV2640_Init)
    OV2640_JPEG_Mode                         0x08001c79   Thumb Code    66  OV2640.o(i.OV2640_JPEG_Mode)
    OV2640_OutSize_Set                       0x08001cc5   Thumb Code   136  OV2640.o(i.OV2640_OutSize_Set)
    Oled_Init                                0x08001d4d   Thumb Code   190  Oled.o(i.Oled_Init)
    Oled_Send_One_Byte_Cmd                   0x08001e21   Thumb Code    76  Oled.o(i.Oled_Send_One_Byte_Cmd)
    Oled_Send_One_Byte_DATA                  0x08001e6d   Thumb Code    76  Oled.o(i.Oled_Send_One_Byte_DATA)
    PendSV_Handler                           0x08001eb9   Thumb Code     2  stm32f4xx_it.o(i.PendSV_Handler)
    RCC_AHB1PeriphClockCmd                   0x08001ebd   Thumb Code    26  stm32f4xx_rcc.o(i.RCC_AHB1PeriphClockCmd)
    RCC_AHB2PeriphClockCmd                   0x08001edd   Thumb Code    26  stm32f4xx_rcc.o(i.RCC_AHB2PeriphClockCmd)
    RCC_APB1PeriphClockCmd                   0x08001efd   Thumb Code    26  stm32f4xx_rcc.o(i.RCC_APB1PeriphClockCmd)
    RCC_APB2PeriphClockCmd                   0x08001f1d   Thumb Code    26  stm32f4xx_rcc.o(i.RCC_APB2PeriphClockCmd)
    RCC_GetClocksFreq                        0x08001f3d   Thumb Code   214  stm32f4xx_rcc.o(i.RCC_GetClocksFreq)
    SCCB_Init                                0x08002025   Thumb Code    78  Sccb.o(i.SCCB_Init)
    SCCB_No_Ack                              0x08002079   Thumb Code    56  Sccb.o(i.SCCB_No_Ack)
    SCCB_RD_Byte                             0x080020b9   Thumb Code   100  Sccb.o(i.SCCB_RD_Byte)
    SCCB_RD_Reg                              0x08002129   Thumb Code    78  Sccb.o(i.SCCB_RD_Reg)
    SCCB_Start                               0x08002179   Thumb Code    42  Sccb.o(i.SCCB_Start)
    SCCB_Stop                                0x080021ad   Thumb Code    42  Sccb.o(i.SCCB_Stop)
    SCCB_WR_Byte                             0x080021e1   Thumb Code   154  Sccb.o(i.SCCB_WR_Byte)
    SCCB_WR_Reg                              0x08002289   Thumb Code    62  Sccb.o(i.SCCB_WR_Reg)
    SPI1SendByte                             0x080022c7   Thumb Code    22  RC522.o(i.SPI1SendByte)
    SPI1_ReadReg                             0x080022dd   Thumb Code    54  RC522.o(i.SPI1_ReadReg)
    SPI1_WriteReg                            0x08002319   Thumb Code    52  RC522.o(i.SPI1_WriteReg)
    SPI_I2S_GetFlagStatus                    0x08002351   Thumb Code    18  stm32f4xx_spi.o(i.SPI_I2S_GetFlagStatus)
    SPI_I2S_ReceiveData                      0x08002363   Thumb Code     6  stm32f4xx_spi.o(i.SPI_I2S_ReceiveData)
    SPI_I2S_SendData                         0x08002369   Thumb Code     4  stm32f4xx_spi.o(i.SPI_I2S_SendData)
    SVC_Handler                              0x0800236d   Thumb Code     2  stm32f4xx_it.o(i.SVC_Handler)
    SetRow_GPIO                              0x08002371   Thumb Code    34  Num_Keyboard.o(i.SetRow_GPIO)
    Show_UI                                  0x08002489   Thumb Code   174  Oled.o(i.Show_UI)
    Software_IIC_Init                        0x08002571   Thumb Code    66  Iic.o(i.Software_IIC_Init)
    Software_IIC_Read_ACK                    0x080025cd   Thumb Code    62  Iic.o(i.Software_IIC_Read_ACK)
    Software_IIC_Send_One_Byte_Data          0x08002611   Thumb Code    96  Iic.o(i.Software_IIC_Send_One_Byte_Data)
    Software_IIC_Start                       0x08002675   Thumb Code    48  Iic.o(i.Software_IIC_Start)
    Software_IIC_Stop                        0x080026a9   Thumb Code    54  Iic.o(i.Software_IIC_Stop)
    SysTick_CLKSourceConfig                  0x080026e5   Thumb Code    40  misc.o(i.SysTick_CLKSourceConfig)
    SysTick_Handler                          0x0800270d   Thumb Code     2  stm32f4xx_it.o(i.SysTick_Handler)
    SystemInit                               0x08002711   Thumb Code    88  system_stm32f4xx.o(i.SystemInit)
    TIM8_BRK_TIM12_IRQHandler                0x08002779   Thumb Code    74  Tim.o(i.TIM8_BRK_TIM12_IRQHandler)
    TIM8_TRG_COM_TIM14_IRQHandler            0x080027dd   Thumb Code    84  Tim.o(i.TIM8_TRG_COM_TIM14_IRQHandler)
    TIM8_UP_TIM13_IRQHandler                 0x0800284d   Thumb Code    60  Tim.o(i.TIM8_UP_TIM13_IRQHandler)
    TIM_ClearITPendingBit                    0x08002895   Thumb Code     6  stm32f4xx_tim.o(i.TIM_ClearITPendingBit)
    TIM_GetITStatus                          0x0800289b   Thumb Code    34  stm32f4xx_tim.o(i.TIM_GetITStatus)
    TIM_SetCompare1                          0x080028bd   Thumb Code     4  stm32f4xx_tim.o(i.TIM_SetCompare1)
    UART5_IRQHandler                         0x080028c1   Thumb Code    62  Usart.o(i.UART5_IRQHandler)
    USART1_IRQHandler                        0x0800290d   Thumb Code    98  Usart.o(i.USART1_IRQHandler)
    USART_ClearFlag                          0x08002975   Thumb Code    18  stm32f4xx_usart.o(i.USART_ClearFlag)
    USART_ClearITPendingBit                  0x08002987   Thumb Code    30  stm32f4xx_usart.o(i.USART_ClearITPendingBit)
    USART_Cmd                                0x080029a5   Thumb Code    24  stm32f4xx_usart.o(i.USART_Cmd)
    USART_GetFlagStatus                      0x080029bd   Thumb Code    26  stm32f4xx_usart.o(i.USART_GetFlagStatus)
    USART_GetITStatus                        0x080029d7   Thumb Code    84  stm32f4xx_usart.o(i.USART_GetITStatus)
    USART_ITConfig                           0x08002a2b   Thumb Code    74  stm32f4xx_usart.o(i.USART_ITConfig)
    USART_Init                               0x08002a75   Thumb Code   204  stm32f4xx_usart.o(i.USART_Init)
    USART_ReceiveData                        0x08002b49   Thumb Code    10  stm32f4xx_usart.o(i.USART_ReceiveData)
    USART_SendData                           0x08002b53   Thumb Code     8  stm32f4xx_usart.o(i.USART_SendData)
    USART_SendDatas                          0x08002b5b   Thumb Code    46  Usart.o(i.USART_SendDatas)
    Uart5_Init                               0x08002b89   Thumb Code   180  Usart.o(i.Uart5_Init)
    Update_Data_Access                       0x08002c5d   Thumb Code    46  Oled.o(i.Update_Data_Access)
    Update_Data_Environment                  0x08002c99   Thumb Code    24  Oled.o(i.Update_Data_Environment)
    Update_Passwd                            0x08002cb9   Thumb Code    66  Oled.o(i.Update_Passwd)
    UsageFault_Handler                       0x08002d09   Thumb Code     4  stm32f4xx_it.o(i.UsageFault_Handler)
    Usart1_Init                              0x08002d0d   Thumb Code   182  Usart.o(i.Usart1_Init)
    __0printf$8                              0x08002de5   Thumb Code    22  printf8.o(i.__0printf$8)
    __1printf$8                              0x08002de5   Thumb Code     0  printf8.o(i.__0printf$8)
    __2printf                                0x08002de5   Thumb Code     0  printf8.o(i.__0printf$8)
    __0sprintf$8                             0x08002e05   Thumb Code    34  printf8.o(i.__0sprintf$8)
    __1sprintf$8                             0x08002e05   Thumb Code     0  printf8.o(i.__0sprintf$8)
    __2sprintf                               0x08002e05   Thumb Code     0  printf8.o(i.__0sprintf$8)
    __scatterload_copy                       0x08002e2d   Thumb Code    14  handlers.o(i.__scatterload_copy)
    __scatterload_null                       0x08002e3b   Thumb Code     2  handlers.o(i.__scatterload_null)
    __scatterload_zeroinit                   0x08002e3d   Thumb Code    14  handlers.o(i.__scatterload_zeroinit)
    fputc                                    0x080032b9   Thumb Code    32  Usart.o(i.fputc)
    jpeg_data_process                        0x080032dd   Thumb Code    90  OV2640.o(i.jpeg_data_process)
    main                                     0x08003345   Thumb Code    72  main.o(i.main)
    spi_master_send_recv_byte                0x0800338d   Thumb Code    54  RC522.o(i.spi_master_send_recv_byte)
    ov2640_sxga_init_reg_tbl                 0x080033d8   Data         356  OV2640.o(.constdata)
    ov2640_svga_init_reg_tbl                 0x0800353c   Data         354  OV2640.o(.constdata)
    ov2640_jpeg_reg_tbl                      0x0800369e   Data          14  OV2640.o(.constdata)
    ov2640_rgb565_reg_tbl                    0x080036ac   Data          28  OV2640.o(.constdata)
    ov2640_yuv422_reg_tbl                    0x080036c8   Data          16  OV2640.o(.constdata)
    jpeg_img_size_tbl                        0x080036d8   Data          36  OV2640.o(.constdata)
    F8X16                                    0x08003724   Data        1520  Oled.o(.constdata)
    Region$$Table$$Base                      0x08003e08   Number         0  anon$$obj.o(Region$$Table)
    Region$$Table$$Limit                     0x08003e28   Number         0  anon$$obj.o(Region$$Table)
    TEMP_DATA                                0x20000010   Data           5  DHT11.o(.data)
    HUME_DATA                                0x20000015   Data           5  DHT11.o(.data)
    Temp_Threshold                           0x2000001c   Data           4  DHT11.o(.data)
    Hume_Threshold                           0x20000020   Data           4  DHT11.o(.data)
    ov_frame                                 0x20000024   Data           1  Dcmi.o(.data)
    WIFI_NAME                                0x2000002a   Data           6  Esp8266.o(.data)
    WIFI_PASSWD                              0x20000030   Data           9  Esp8266.o(.data)
    SERVE_IP                                 0x20000039   Data          14  Esp8266.o(.data)
    SERVE_PORT                               0x20000047   Data           5  Esp8266.o(.data)
    Esp8266_Cnt                              0x2000004c   Data           2  Esp8266.o(.data)
    Esp8266_CntPre                           0x2000004e   Data           2  Esp8266.o(.data)
    KeyBoard_Num                             0x20000050   Data           4  Num_Keyboard.o(.data)
    Passwd                                   0x20000054   Data           6  Num_Keyboard.o(.data)
    Passwd_Str                               0x2000005a   Data           6  Num_Keyboard.o(.data)
    Passwd_Length                            0x20000060   Data           1  Num_Keyboard.o(.data)
    jpeg_data_len                            0x20000064   Data           4  OV2640.o(.data)
    jpeg_data_ok                             0x20000068   Data           1  OV2640.o(.data)
    EFFECTS_TBL                              0x2000006c   Data          28  OV2640.o(.data)
    JPEG_SIZE_TBL                            0x20000088   Data          36  OV2640.o(.data)
    HZ111                                    0x200000ac   Data          32  Oled.o(.data)
    HZ211                                    0x200000cc   Data          32  Oled.o(.data)
    HZ31                                     0x200000ec   Data          32  Oled.o(.data)
    HZ10                                     0x2000010c   Data          32  Oled.o(.data)
    HZ11                                     0x2000012c   Data          32  Oled.o(.data)
    HZ18                                     0x2000014c   Data          32  Oled.o(.data)
    HZ19                                     0x2000016c   Data          32  Oled.o(.data)
    HZ20                                     0x2000018c   Data          32  Oled.o(.data)
    HZ21                                     0x200001ac   Data          32  Oled.o(.data)
    HZ311                                    0x200001cc   Data          32  Oled.o(.data)
    HZ32                                     0x200001ec   Data          32  Oled.o(.data)
    HZ33                                     0x2000020c   Data          32  Oled.o(.data)
    HZ34                                     0x2000022c   Data          32  Oled.o(.data)
    HZ35                                     0x2000024c   Data          32  Oled.o(.data)
    HZ36                                     0x2000026c   Data          32  Oled.o(.data)
    HZ37                                     0x2000028c   Data          32  Oled.o(.data)
    HZ38                                     0x200002ac   Data          32  Oled.o(.data)
    HZ39                                     0x200002cc   Data          32  Oled.o(.data)
    HZ40                                     0x200002ec   Data          32  Oled.o(.data)
    LED_STATE                                0x2000030c   Data           1  Oled.o(.data)
    Temp_State                               0x2000030d   Data           1  Oled.o(.data)
    Hume_State                               0x2000030e   Data           1  Oled.o(.data)
    Threshold                                0x20000310   Data           4  Pwm.o(.data)
    __stdout                                 0x20000314   Data           4  stdout.o(.data)
    DCMI_InitStructure                       0x20000318   Data          14  Dcmi.o(.bss)
    ESP8266_WIFI_INFO                        0x20000326   Data         100  Esp8266.o(.bss)
    ESP8266_ONENET_INFO                      0x2000038a   Data         100  Esp8266.o(.bss)
    Esp8266_Buf                              0x200003ee   Data         128  Esp8266.o(.bss)
    jpeg_buf                                 0x20000470   Data       126976  OV2640.o(.bss)
    RawCardID                                0x2001f470   Data          16  RC522.o(.bss)
    __initial_sp                             0x2001f880   Data           0  startup_stm32f40xx.o(STACK)



==============================================================================

Memory Map of the image

  Image Entry point : 0x08000189

  Load Region LR_IROM1 (Base: 0x08000000, Size: 0x00004140, Max: 0x00100000, ABSOLUTE, COMPRESSED[0x00004070])

    Execution Region ER_IROM1 (Base: 0x08000000, Size: 0x00003e28, Max: 0x00100000, ABSOLUTE)

    Base Addr    Size         Type   Attr      Idx    E Section Name        Object

    0x08000000   0x00000188   Data   RO            3    RESET               startup_stm32f40xx.o
    0x08000188   0x00000000   Code   RO         6709  * .ARM.Collect$$$$00000000  mc_w.l(entry.o)
    0x08000188   0x00000004   Code   RO         6987    .ARM.Collect$$$$00000001  mc_w.l(entry2.o)
    0x0800018c   0x00000004   Code   RO         6990    .ARM.Collect$$$$00000004  mc_w.l(entry5.o)
    0x08000190   0x00000000   Code   RO         6992    .ARM.Collect$$$$00000008  mc_w.l(entry7b.o)
    0x08000190   0x00000000   Code   RO         6994    .ARM.Collect$$$$0000000A  mc_w.l(entry8b.o)
    0x08000190   0x00000008   Code   RO         6995    .ARM.Collect$$$$0000000B  mc_w.l(entry9a.o)
    0x08000198   0x00000000   Code   RO         6997    .ARM.Collect$$$$0000000D  mc_w.l(entry10a.o)
    0x08000198   0x00000000   Code   RO         6999    .ARM.Collect$$$$0000000F  mc_w.l(entry11a.o)
    0x08000198   0x00000004   Code   RO         6988    .ARM.Collect$$$$00002712  mc_w.l(entry2.o)
    0x0800019c   0x00000024   Code   RO            4    .text               startup_stm32f40xx.o
    0x080001c0   0x00000024   Code   RO         6712    .text               mc_w.l(memcpya.o)
    0x080001e4   0x00000024   Code   RO         6714    .text               mc_w.l(memseta.o)
    0x08000208   0x00000024   Code   RO         6716    .text               mc_w.l(strstr.o)
    0x0800022c   0x00000014   Code   RO         6718    .text               mc_w.l(strchr.o)
    0x08000240   0x0000000e   Code   RO         6720    .text               mc_w.l(strlen.o)
    0x0800024e   0x00000012   Code   RO         6722    .text               mc_w.l(strcpy.o)
    0x08000260   0x00000062   Code   RO         7004    .text               mc_w.l(uldiv.o)
    0x080002c2   0x00000002   PAD
    0x080002c4   0x00000024   Code   RO         7017    .text               mc_w.l(init.o)
    0x080002e8   0x0000001e   Code   RO         7019    .text               mc_w.l(llshl.o)
    0x08000306   0x00000020   Code   RO         7021    .text               mc_w.l(llushr.o)
    0x08000326   0x00000056   Code   RO         7035    .text               mc_w.l(__dczerorl2.o)
    0x0800037c   0x00000020   Code   RO         5123    i.Beep_Control      Beep.o
    0x0800039c   0x00000004   Code   RO         6567    i.BusFault_Handler  stm32f4xx_it.o
    0x080003a0   0x00000024   Code   RO         1064    i.DCMI_CaptureCmd   stm32f4xx_dcmi.o
    0x080003c4   0x0000000c   Code   RO         1066    i.DCMI_ClearITPendingBit  stm32f4xx_dcmi.o
    0x080003d0   0x00000024   Code   RO         1067    i.DCMI_Cmd          stm32f4xx_dcmi.o
    0x080003f4   0x00000070   Code   RO         5228    i.DCMI_DMA_Init     Dcmi.o
    0x08000464   0x0000001c   Code   RO         1068    i.DCMI_DeInit       stm32f4xx_dcmi.o
    0x08000480   0x0000001c   Code   RO         1070    i.DCMI_GetITStatus  stm32f4xx_dcmi.o
    0x0800049c   0x00000028   Code   RO         5229    i.DCMI_IRQHandler   Dcmi.o
    0x080004c4   0x00000024   Code   RO         1071    i.DCMI_ITConfig     stm32f4xx_dcmi.o
    0x080004e8   0x00000040   Code   RO         1072    i.DCMI_Init         stm32f4xx_dcmi.o
    0x08000528   0x00000018   Code   RO         5231    i.DCMI_Start        Dcmi.o
    0x08000540   0x00000028   Code   RO         5232    i.DCMI_Stop         Dcmi.o
    0x08000568   0x0000002c   Code   RO         5160    i.DHT11_Init_Input  DHT11.o
    0x08000594   0x00000034   Code   RO         5161    i.DHT11_Init_Output  DHT11.o
    0x080005c8   0x00000070   Code   RO         5162    i.DHT11_Read_Byte   DHT11.o
    0x08000638   0x00000080   Code   RO         5163    i.DHT11_Show        DHT11.o
    0x080006b8   0x00000078   Code   RO         5164    i.DHT11_Start       DHT11.o
    0x08000730   0x00000016   Code   RO         1193    i.DMA_Cmd           stm32f4xx_dma.o
    0x08000746   0x00000002   PAD
    0x08000748   0x00000158   Code   RO         1194    i.DMA_DeInit        stm32f4xx_dma.o
    0x080008a0   0x00000014   Code   RO         1198    i.DMA_GetCmdStatus  stm32f4xx_dma.o
    0x080008b4   0x00000008   Code   RO         1199    i.DMA_GetCurrDataCounter  stm32f4xx_dma.o
    0x080008bc   0x00000058   Code   RO         1205    i.DMA_Init          stm32f4xx_dma.o
    0x08000914   0x00000004   Code   RO         1208    i.DMA_SetCurrDataCounter  stm32f4xx_dma.o
    0x08000918   0x00000002   Code   RO         6568    i.DebugMon_Handler  stm32f4xx_it.o
    0x0800091a   0x00000002   PAD
    0x0800091c   0x0000003c   Code   RO         5405    i.Delay_Init        Delay.o
    0x08000958   0x00000038   Code   RO         5406    i.Delay_ms          Delay.o
    0x08000990   0x0000004c   Code   RO         5407    i.Delay_us          Delay.o
    0x080009dc   0x0000004c   Code   RO         5408    i.Delay_xms         Delay.o
    0x08000a28   0x0000001c   Code   RO         5449    i.ESP8266_Clear     Esp8266.o
    0x08000a44   0x00000058   Code   RO         5450    i.ESP8266_GetIPD    Esp8266.o
    0x08000a9c   0x0000043c   Code   RO         5451    i.ESP8266_Init      Esp8266.o
    0x08000ed8   0x00000054   Code   RO         5452    i.ESP8266_SendCmd   Esp8266.o
    0x08000f2c   0x00000050   Code   RO         5453    i.ESP8266_SendData  Esp8266.o
    0x08000f7c   0x00000034   Code   RO         5455    i.ESP8266_WaitRecive  Esp8266.o
    0x08000fb0   0x00000012   Code   RO         5689    i.EXTI2_IRQHandler  Num_Keyboard.o
    0x08000fc2   0x00000012   Code   RO         5690    i.EXTI3_IRQHandler  Num_Keyboard.o
    0x08000fd4   0x00000012   Code   RO         5691    i.EXTI4_IRQHandler  Num_Keyboard.o
    0x08000fe6   0x00000002   PAD
    0x08000fe8   0x00000088   Code   RO         5598    i.EXTI9_5_IRQHandler  Key.o
    0x08001070   0x0000000c   Code   RO         1480    i.EXTI_ClearITPendingBit  stm32f4xx_exti.o
    0x0800107c   0x00000018   Code   RO         1484    i.EXTI_GetITStatus  stm32f4xx_exti.o
    0x08001094   0x00000074   Code   RO         5645    i.Flow_Light_Flash_Light  Led.o
    0x08001108   0x00000090   Code   RO         1993    i.GPIO_Init         stm32f4xx_gpio.o
    0x08001198   0x00000046   Code   RO         1994    i.GPIO_PinAFConfig  stm32f4xx_gpio.o
    0x080011de   0x00000012   Code   RO         1997    i.GPIO_ReadInputDataBit  stm32f4xx_gpio.o
    0x080011f0   0x00000004   Code   RO         2000    i.GPIO_ResetBits    stm32f4xx_gpio.o
    0x080011f4   0x00000004   Code   RO         2001    i.GPIO_SetBits      stm32f4xx_gpio.o
    0x080011f8   0x0000000a   Code   RO         2005    i.GPIO_WriteBit     stm32f4xx_gpio.o
    0x08001202   0x00000004   Code   RO         6569    i.HardFault_Handler  stm32f4xx_it.o
    0x08001206   0x00000002   PAD
    0x08001208   0x000001b4   Code   RO         5755    i.Jpeg_Coll         OV2640.o
    0x080013bc   0x00000048   Code   RO         5756    i.Jpeg_Test_Pre     OV2640.o
    0x08001404   0x00000100   Code   RO         5692    i.Keyboard_Scan     Num_Keyboard.o
    0x08001504   0x0000005c   Code   RO         5646    i.Led_Control       Led.o
    0x08001560   0x00000070   Code   RO         5647    i.Led_Init          Led.o
    0x080015d0   0x0000004a   Code   RO         6073    i.MFRC522_Anticoll  RC522.o
    0x0800161a   0x0000001a   Code   RO         6077    i.MFRC522_ClearBitMask  RC522.o
    0x08001634   0x0000001a   Code   RO         6082    i.MFRC522_ReadRegister  RC522.o
    0x0800164e   0x00000032   Code   RO         6083    i.MFRC522_Request   RC522.o
    0x08001680   0x0000001a   Code   RO         6086    i.MFRC522_SetBitMask  RC522.o
    0x0800169a   0x0000012a   Code   RO         6087    i.MFRC522_ToCard    RC522.o
    0x080017c4   0x00000016   Code   RO         6089    i.MFRC522_WriteRegister  RC522.o
    0x080017da   0x00000004   Code   RO         6570    i.MemManage_Handler  stm32f4xx_it.o
    0x080017de   0x00000002   PAD
    0x080017e0   0x0000012c   Code   RO         5233    i.My_DCMI_Init      Dcmi.o
    0x0800190c   0x00000002   Code   RO         6571    i.NMI_Handler       stm32f4xx_it.o
    0x0800190e   0x00000002   PAD
    0x08001910   0x00000078   Code   RO           13    i.NVIC_Init         misc.o
    0x08001988   0x00000014   Code   RO           14    i.NVIC_PriorityGroupConfig  misc.o
    0x0800199c   0x0000003a   Code   RO         5906    i.OLed_Fill         Oled.o
    0x080019d6   0x00000024   Code   RO         5907    i.OLed_SetPos       Oled.o
    0x080019fa   0x00000002   PAD
    0x080019fc   0x00000070   Code   RO         5908    i.OLed_ShowASCII    Oled.o
    0x08001a6c   0x00000080   Code   RO         5909    i.OLed_ShowASCII_Len  Oled.o
    0x08001aec   0x0000004a   Code   RO         5910    i.OLed_ShowChina    Oled.o
    0x08001b36   0x00000002   PAD
    0x08001b38   0x00000140   Code   RO         5764    i.OV2640_Init       OV2640.o
    0x08001c78   0x0000004c   Code   RO         5765    i.OV2640_JPEG_Mode  OV2640.o
    0x08001cc4   0x00000088   Code   RO         5767    i.OV2640_OutSize_Set  OV2640.o
    0x08001d4c   0x000000d4   Code   RO         5912    i.Oled_Init         Oled.o
    0x08001e20   0x0000004c   Code   RO         5913    i.Oled_Send_One_Byte_Cmd  Oled.o
    0x08001e6c   0x0000004c   Code   RO         5914    i.Oled_Send_One_Byte_DATA  Oled.o
    0x08001eb8   0x00000002   Code   RO         6572    i.PendSV_Handler    stm32f4xx_it.o
    0x08001eba   0x00000002   PAD
    0x08001ebc   0x00000020   Code   RO         2919    i.RCC_AHB1PeriphClockCmd  stm32f4xx_rcc.o
    0x08001edc   0x00000020   Code   RO         2922    i.RCC_AHB2PeriphClockCmd  stm32f4xx_rcc.o
    0x08001efc   0x00000020   Code   RO         2928    i.RCC_APB1PeriphClockCmd  stm32f4xx_rcc.o
    0x08001f1c   0x00000020   Code   RO         2931    i.RCC_APB2PeriphClockCmd  stm32f4xx_rcc.o
    0x08001f3c   0x000000e8   Code   RO         2940    i.RCC_GetClocksFreq  stm32f4xx_rcc.o
    0x08002024   0x00000054   Code   RO         6249    i.SCCB_Init         Sccb.o
    0x08002078   0x00000040   Code   RO         6250    i.SCCB_No_Ack       Sccb.o
    0x080020b8   0x00000070   Code   RO         6251    i.SCCB_RD_Byte      Sccb.o
    0x08002128   0x0000004e   Code   RO         6252    i.SCCB_RD_Reg       Sccb.o
    0x08002176   0x00000002   PAD
    0x08002178   0x00000034   Code   RO         6253    i.SCCB_Start        Sccb.o
    0x080021ac   0x00000034   Code   RO         6254    i.SCCB_Stop         Sccb.o
    0x080021e0   0x000000a8   Code   RO         6255    i.SCCB_WR_Byte      Sccb.o
    0x08002288   0x0000003e   Code   RO         6256    i.SCCB_WR_Reg       Sccb.o
    0x080022c6   0x00000016   Code   RO         6092    i.SPI1SendByte      RC522.o
    0x080022dc   0x0000003c   Code   RO         6093    i.SPI1_ReadReg      RC522.o
    0x08002318   0x00000038   Code   RO         6094    i.SPI1_WriteReg     RC522.o
    0x08002350   0x00000012   Code   RO         4085    i.SPI_I2S_GetFlagStatus  stm32f4xx_spi.o
    0x08002362   0x00000006   Code   RO         4088    i.SPI_I2S_ReceiveData  stm32f4xx_spi.o
    0x08002368   0x00000004   Code   RO         4089    i.SPI_I2S_SendData  stm32f4xx_spi.o
    0x0800236c   0x00000002   Code   RO         6573    i.SVC_Handler       stm32f4xx_it.o
    0x0800236e   0x00000002   PAD
    0x08002370   0x0000002c   Code   RO         5694    i.SetRow_GPIO       Num_Keyboard.o
    0x0800239c   0x000000ec   Code   RO         6671    i.SetSysClock       system_stm32f4xx.o
    0x08002488   0x000000e8   Code   RO         5915    i.Show_UI           Oled.o
    0x08002570   0x0000005c   Code   RO         5531    i.Software_IIC_Init  Iic.o
    0x080025cc   0x00000044   Code   RO         5532    i.Software_IIC_Read_ACK  Iic.o
    0x08002610   0x00000064   Code   RO         5535    i.Software_IIC_Send_One_Byte_Data  Iic.o
    0x08002674   0x00000034   Code   RO         5536    i.Software_IIC_Start  Iic.o
    0x080026a8   0x0000003c   Code   RO         5537    i.Software_IIC_Stop  Iic.o
    0x080026e4   0x00000028   Code   RO           17    i.SysTick_CLKSourceConfig  misc.o
    0x0800270c   0x00000002   Code   RO         6574    i.SysTick_Handler   stm32f4xx_it.o
    0x0800270e   0x00000002   PAD
    0x08002710   0x00000068   Code   RO         6673    i.SystemInit        system_stm32f4xx.o
    0x08002778   0x00000064   Code   RO         6336    i.TIM8_BRK_TIM12_IRQHandler  Tim.o
    0x080027dc   0x00000070   Code   RO         6337    i.TIM8_TRG_COM_TIM14_IRQHandler  Tim.o
    0x0800284c   0x00000048   Code   RO         6338    i.TIM8_UP_TIM13_IRQHandler  Tim.o
    0x08002894   0x00000006   Code   RO         4310    i.TIM_ClearITPendingBit  stm32f4xx_tim.o
    0x0800289a   0x00000022   Code   RO         4336    i.TIM_GetITStatus   stm32f4xx_tim.o
    0x080028bc   0x00000004   Code   RO         4377    i.TIM_SetCompare1   stm32f4xx_tim.o
    0x080028c0   0x0000004c   Code   RO         6406    i.UART5_IRQHandler  Usart.o
    0x0800290c   0x00000068   Code   RO         6407    i.USART1_IRQHandler  Usart.o
    0x08002974   0x00000012   Code   RO         4865    i.USART_ClearFlag   stm32f4xx_usart.o
    0x08002986   0x0000001e   Code   RO         4866    i.USART_ClearITPendingBit  stm32f4xx_usart.o
    0x080029a4   0x00000018   Code   RO         4869    i.USART_Cmd         stm32f4xx_usart.o
    0x080029bc   0x0000001a   Code   RO         4872    i.USART_GetFlagStatus  stm32f4xx_usart.o
    0x080029d6   0x00000054   Code   RO         4873    i.USART_GetITStatus  stm32f4xx_usart.o
    0x08002a2a   0x0000004a   Code   RO         4875    i.USART_ITConfig    stm32f4xx_usart.o
    0x08002a74   0x000000d4   Code   RO         4876    i.USART_Init        stm32f4xx_usart.o
    0x08002b48   0x0000000a   Code   RO         4883    i.USART_ReceiveData  stm32f4xx_usart.o
    0x08002b52   0x00000008   Code   RO         4886    i.USART_SendData    stm32f4xx_usart.o
    0x08002b5a   0x0000002e   Code   RO         6408    i.USART_SendDatas   Usart.o
    0x08002b88   0x000000d4   Code   RO         6409    i.Uart5_Init        Usart.o
    0x08002c5c   0x0000003c   Code   RO         5917    i.Update_Data_Access  Oled.o
    0x08002c98   0x00000020   Code   RO         5918    i.Update_Data_Environment  Oled.o
    0x08002cb8   0x00000050   Code   RO         5920    i.Update_Passwd     Oled.o
    0x08002d08   0x00000004   Code   RO         6575    i.UsageFault_Handler  stm32f4xx_it.o
    0x08002d0c   0x000000d8   Code   RO         6410    i.Usart1_Init       Usart.o
    0x08002de4   0x00000020   Code   RO         6933    i.__0printf$8       mc_w.l(printf8.o)
    0x08002e04   0x00000028   Code   RO         6935    i.__0sprintf$8      mc_w.l(printf8.o)
    0x08002e2c   0x0000000e   Code   RO         7029    i.__scatterload_copy  mc_w.l(handlers.o)
    0x08002e3a   0x00000002   Code   RO         7030    i.__scatterload_null  mc_w.l(handlers.o)
    0x08002e3c   0x0000000e   Code   RO         7031    i.__scatterload_zeroinit  mc_w.l(handlers.o)
    0x08002e4a   0x00000002   PAD
    0x08002e4c   0x00000410   Code   RO         6940    i._printf_core      mc_w.l(printf8.o)
    0x0800325c   0x00000024   Code   RO         6941    i._printf_post_padding  mc_w.l(printf8.o)
    0x08003280   0x0000002e   Code   RO         6942    i._printf_pre_padding  mc_w.l(printf8.o)
    0x080032ae   0x0000000a   Code   RO         6944    i._sputc            mc_w.l(printf8.o)
    0x080032b8   0x00000024   Code   RO         6411    i.fputc             Usart.o
    0x080032dc   0x00000068   Code   RO         5771    i.jpeg_data_process  OV2640.o
    0x08003344   0x00000048   Code   RO         6467    i.main              main.o
    0x0800338c   0x0000003c   Code   RO         6095    i.spi_master_send_recv_byte  RC522.o
    0x080033c8   0x00000010   Data   RO         5695    .constdata          Num_Keyboard.o
    0x080033d8   0x0000034c   Data   RO         5773    .constdata          OV2640.o
    0x08003724   0x000005f0   Data   RO         5921    .constdata          Oled.o
    0x08003d14   0x00000032   Data   RO         6342    .constdata          Tim.o
    0x08003d46   0x00000002   PAD
    0x08003d48   0x00000045   Data   RO         5457    .conststring        Esp8266.o
    0x08003d8d   0x00000003   PAD
    0x08003d90   0x00000077   Data   RO         5774    .conststring        OV2640.o
    0x08003e07   0x00000001   PAD
    0x08003e08   0x00000020   Data   RO         7027    Region$$Table       anon$$obj.o


    Execution Region RW_IRAM1 (Base: 0x20000000, Size: 0x0001f880, Max: 0x00020000, ABSOLUTE, COMPRESSED[0x00000248])

    Base Addr    Size         Type   Attr      Idx    E Section Name        Object

    0x20000000   0x00000010   Data   RW         2972    .data               stm32f4xx_rcc.o
    0x20000010   0x00000014   Data   RW         5165    .data               DHT11.o
    0x20000024   0x00000001   Data   RW         5235    .data               Dcmi.o
    0x20000025   0x00000001   PAD
    0x20000026   0x00000004   Data   RW         5409    .data               Delay.o
    0x2000002a   0x00000026   Data   RW         5458    .data               Esp8266.o
    0x20000050   0x00000011   Data   RW         5696    .data               Num_Keyboard.o
    0x20000061   0x00000003   PAD
    0x20000064   0x00000048   Data   RW         5775    .data               OV2640.o
    0x200000ac   0x00000263   Data   RW         5922    .data               Oled.o
    0x2000030f   0x00000001   PAD
    0x20000310   0x00000004   Data   RW         6042    .data               Pwm.o
    0x20000314   0x00000004   Data   RW         7001    .data               mc_w.l(stdout.o)
    0x20000318   0x0000000e   Zero   RW         5234    .bss                Dcmi.o
    0x20000326   0x00000148   Zero   RW         5456    .bss                Esp8266.o
    0x2000046e   0x00000002   PAD
    0x20000470   0x0001f000   Zero   RW         5772    .bss                OV2640.o
    0x2001f470   0x00000010   Zero   RW         6096    .bss                RC522.o
    0x2001f480   0x00000400   Zero   RW            1    STACK               startup_stm32f40xx.o


==============================================================================

Image component sizes


      Code (inc. data)   RO Data    RW Data    ZI Data      Debug   Object Name

        32          4          0          0          0        643   Beep.o
       456         50          0         20          0       4568   DHT11.o
       516         52          0          1         14     266396   Dcmi.o
       268         16          0          4          0       2947   Delay.o
      1416        884         69         38        328       5887   Esp8266.o
       372         46          0          0          0       3259   Iic.o
       136          6          0          0          0        653   Key.o
       320         42          0          0          0       2058   Led.o
       354         56         16         17          0       4374   Num_Keyboard.o
      1144        226        963         72     126976       7282   OV2640.o
      1176        124       1520        611          0      10987   Oled.o
         0          0          0          4          0        312   Pwm.o
       720         16          0          0         16       9287   RC522.o
       672         60          0          0          0       5345   Sccb.o
       284         66         50          0          0       2047   Tim.o
       690         90          0          0          0       6944   Usart.o
        72          0          0          0          0        619   main.o
       180         24          0          0          0     318985   misc.o
        36          8        392          0       1024        952   startup_stm32f40xx.o
       240         36          0          0          0       4991   stm32f4xx_dcmi.o
       486         26          0          0          0       5579   stm32f4xx_dma.o
        36         10          0          0          0       1304   stm32f4xx_exti.o
       250          0          0          0          0       4867   stm32f4xx_gpio.o
        26          0          0          0          0       4914   stm32f4xx_it.o
       360         42          0         16          0       6004   stm32f4xx_rcc.o
        28          0          0          0          0       2833   stm32f4xx_spi.o
        44          0          0          0          0       2880   stm32f4xx_tim.o
       486          8          0          0          0       7705   stm32f4xx_usart.o
       340         32          0          0          0       1913   system_stm32f4xx.o

    ----------------------------------------------------------------------
     11164       1924       3048        788     128360     696535   Object Totals
         0          0         32          0          0          0   (incl. Generated)
        24          0          6          5          2          0   (incl. Padding)

    ----------------------------------------------------------------------

      Code (inc. data)   RO Data    RW Data    ZI Data      Debug   Library Member Name

        86          0          0          0          0          0   __dczerorl2.o
         0          0          0          0          0          0   entry.o
         0          0          0          0          0          0   entry10a.o
         0          0          0          0          0          0   entry11a.o
         8          4          0          0          0          0   entry2.o
         4          0          0          0          0          0   entry5.o
         0          0          0          0          0          0   entry7b.o
         0          0          0          0          0          0   entry8b.o
         8          4          0          0          0          0   entry9a.o
        30          0          0          0          0          0   handlers.o
        36          8          0          0          0         68   init.o
        30          0          0          0          0         68   llshl.o
        32          0          0          0          0         68   llushr.o
        36          0          0          0          0         68   memcpya.o
        36          0          0          0          0        108   memseta.o
      1204         60          0          0          0        504   printf8.o
         0          0          0          4          0          0   stdout.o
        20          0          0          0          0         68   strchr.o
        18          0          0          0          0         68   strcpy.o
        14          0          0          0          0         68   strlen.o
        36          0          0          0          0         80   strstr.o
        98          0          0          0          0         92   uldiv.o

    ----------------------------------------------------------------------
      1700         76          0          4          0       1260   Library Totals
         4          0          0          0          0          0   (incl. Padding)

    ----------------------------------------------------------------------

      Code (inc. data)   RO Data    RW Data    ZI Data      Debug   Library Name

      1696         76          0          4          0       1260   mc_w.l

    ----------------------------------------------------------------------
      1700         76          0          4          0       1260   Library Totals

    ----------------------------------------------------------------------

==============================================================================


      Code (inc. data)   RO Data    RW Data    ZI Data      Debug   

     12864       2000       3048        792     128360     684255   Grand Totals
     12864       2000       3048        584     128360     684255   ELF Image Totals (compressed)
     12864       2000       3048        584          0          0   ROM Totals

==============================================================================

    Total RO  Size (Code + RO Data)                15912 (  15.54kB)
    Total RW  Size (RW Data + ZI Data)            129152 ( 126.13kB)
    Total ROM Size (Code + RO Data + RW Data)      16496 (  16.11kB)

==============================================================================

