Component: ARM Compiler 5.06 update 7 (build 960) Tool: armlink [4d3601]

==============================================================================

Section Cross References

    startup_stm32f40xx.o(RESET) refers to startup_stm32f40xx.o(STACK) for __initial_sp
    startup_stm32f40xx.o(RESET) refers to startup_stm32f40xx.o(.text) for Reset_Handler
    startup_stm32f40xx.o(RESET) refers to stm32f4xx_it.o(i.NMI_Handler) for NMI_Handler
    startup_stm32f40xx.o(RESET) refers to stm32f4xx_it.o(i.HardFault_Handler) for HardFault_Handler
    startup_stm32f40xx.o(RESET) refers to stm32f4xx_it.o(i.MemManage_Handler) for MemManage_Handler
    startup_stm32f40xx.o(RESET) refers to stm32f4xx_it.o(i.BusFault_Handler) for BusFault_Handler
    startup_stm32f40xx.o(RESET) refers to stm32f4xx_it.o(i.UsageFault_Handler) for UsageFault_Handler
    startup_stm32f40xx.o(RESET) refers to stm32f4xx_it.o(i.SVC_Handler) for SVC_Handler
    startup_stm32f40xx.o(RESET) refers to stm32f4xx_it.o(i.DebugMon_Handler) for DebugMon_Handler
    startup_stm32f40xx.o(RESET) refers to stm32f4xx_it.o(i.PendSV_Handler) for PendSV_Handler
    startup_stm32f40xx.o(RESET) refers to stm32f4xx_it.o(i.SysTick_Handler) for SysTick_Handler
    startup_stm32f40xx.o(RESET) refers to num_keyboard.o(i.EXTI2_IRQHandler) for EXTI2_IRQHandler
    startup_stm32f40xx.o(RESET) refers to num_keyboard.o(i.EXTI3_IRQHandler) for EXTI3_IRQHandler
    startup_stm32f40xx.o(RESET) refers to num_keyboard.o(i.EXTI4_IRQHandler) for EXTI4_IRQHandler
    startup_stm32f40xx.o(RESET) refers to key.o(i.EXTI9_5_IRQHandler) for EXTI9_5_IRQHandler
    startup_stm32f40xx.o(RESET) refers to usart.o(i.USART1_IRQHandler) for USART1_IRQHandler
    startup_stm32f40xx.o(RESET) refers to tim.o(i.TIM8_BRK_TIM12_IRQHandler) for TIM8_BRK_TIM12_IRQHandler
    startup_stm32f40xx.o(RESET) refers to tim.o(i.TIM8_UP_TIM13_IRQHandler) for TIM8_UP_TIM13_IRQHandler
    startup_stm32f40xx.o(RESET) refers to tim.o(i.TIM8_TRG_COM_TIM14_IRQHandler) for TIM8_TRG_COM_TIM14_IRQHandler
    startup_stm32f40xx.o(RESET) refers to usart.o(i.UART5_IRQHandler) for UART5_IRQHandler
    startup_stm32f40xx.o(RESET) refers to dcmi.o(i.DCMI_IRQHandler) for DCMI_IRQHandler
    startup_stm32f40xx.o(.text) refers to system_stm32f4xx.o(i.SystemInit) for SystemInit
    startup_stm32f40xx.o(.text) refers to entry.o(.ARM.Collect$$$$00000000) for __main
    stm32f4xx_adc.o(i.ADC_DeInit) refers to stm32f4xx_rcc.o(i.RCC_APB2PeriphResetCmd) for RCC_APB2PeriphResetCmd
    stm32f4xx_can.o(i.CAN_DeInit) refers to stm32f4xx_rcc.o(i.RCC_APB1PeriphResetCmd) for RCC_APB1PeriphResetCmd
    stm32f4xx_can.o(i.CAN_GetITStatus) refers to stm32f4xx_can.o(i.CheckITStatus) for CheckITStatus
    stm32f4xx_cryp.o(i.CRYP_DeInit) refers to stm32f4xx_rcc.o(i.RCC_AHB2PeriphResetCmd) for RCC_AHB2PeriphResetCmd
    stm32f4xx_cryp_aes.o(i.CRYP_AES_CBC) refers to stm32f4xx_cryp.o(i.CRYP_KeyStructInit) for CRYP_KeyStructInit
    stm32f4xx_cryp_aes.o(i.CRYP_AES_CBC) refers to stm32f4xx_cryp.o(i.CRYP_KeyInit) for CRYP_KeyInit
    stm32f4xx_cryp_aes.o(i.CRYP_AES_CBC) refers to stm32f4xx_cryp.o(i.CRYP_Init) for CRYP_Init
    stm32f4xx_cryp_aes.o(i.CRYP_AES_CBC) refers to stm32f4xx_cryp.o(i.CRYP_IVInit) for CRYP_IVInit
    stm32f4xx_cryp_aes.o(i.CRYP_AES_CBC) refers to stm32f4xx_cryp.o(i.CRYP_FIFOFlush) for CRYP_FIFOFlush
    stm32f4xx_cryp_aes.o(i.CRYP_AES_CBC) refers to stm32f4xx_cryp.o(i.CRYP_Cmd) for CRYP_Cmd
    stm32f4xx_cryp_aes.o(i.CRYP_AES_CBC) refers to stm32f4xx_cryp.o(i.CRYP_GetCmdStatus) for CRYP_GetCmdStatus
    stm32f4xx_cryp_aes.o(i.CRYP_AES_CBC) refers to stm32f4xx_cryp.o(i.CRYP_GetFlagStatus) for CRYP_GetFlagStatus
    stm32f4xx_cryp_aes.o(i.CRYP_AES_CBC) refers to stm32f4xx_cryp.o(i.CRYP_DataIn) for CRYP_DataIn
    stm32f4xx_cryp_aes.o(i.CRYP_AES_CBC) refers to stm32f4xx_cryp.o(i.CRYP_DataOut) for CRYP_DataOut
    stm32f4xx_cryp_aes.o(i.CRYP_AES_CCM) refers to stm32f4xx_cryp.o(i.CRYP_KeyStructInit) for CRYP_KeyStructInit
    stm32f4xx_cryp_aes.o(i.CRYP_AES_CCM) refers to stm32f4xx_cryp.o(i.CRYP_FIFOFlush) for CRYP_FIFOFlush
    stm32f4xx_cryp_aes.o(i.CRYP_AES_CCM) refers to stm32f4xx_cryp.o(i.CRYP_KeyInit) for CRYP_KeyInit
    stm32f4xx_cryp_aes.o(i.CRYP_AES_CCM) refers to stm32f4xx_cryp.o(i.CRYP_IVInit) for CRYP_IVInit
    stm32f4xx_cryp_aes.o(i.CRYP_AES_CCM) refers to stm32f4xx_cryp.o(i.CRYP_Init) for CRYP_Init
    stm32f4xx_cryp_aes.o(i.CRYP_AES_CCM) refers to stm32f4xx_cryp.o(i.CRYP_PhaseConfig) for CRYP_PhaseConfig
    stm32f4xx_cryp_aes.o(i.CRYP_AES_CCM) refers to stm32f4xx_cryp.o(i.CRYP_DataIn) for CRYP_DataIn
    stm32f4xx_cryp_aes.o(i.CRYP_AES_CCM) refers to stm32f4xx_cryp.o(i.CRYP_Cmd) for CRYP_Cmd
    stm32f4xx_cryp_aes.o(i.CRYP_AES_CCM) refers to stm32f4xx_cryp.o(i.CRYP_GetCmdStatus) for CRYP_GetCmdStatus
    stm32f4xx_cryp_aes.o(i.CRYP_AES_CCM) refers to stm32f4xx_cryp.o(i.CRYP_GetFlagStatus) for CRYP_GetFlagStatus
    stm32f4xx_cryp_aes.o(i.CRYP_AES_CCM) refers to stm32f4xx_cryp.o(i.CRYP_DataOut) for CRYP_DataOut
[...]
    ..\\FWLIB\\src\\stm32f4xx_tim.c          0x00000000   Number         0  stm32f4xx_tim.o ABSOLUTE
    ..\\FWLIB\\src\\stm32f4xx_usart.c        0x00000000   Number         0  stm32f4xx_usart.o ABSOLUTE
    ..\\FWLIB\\src\\stm32f4xx_wwdg.c         0x00000000   Number         0  stm32f4xx_wwdg.o ABSOLUTE
    ..\\HAEDWARE\\Src\\Beep.c                0x00000000   Number         0  beep.o ABSOLUTE
    ..\\HAEDWARE\\Src\\DHT11.c               0x00000000   Number         0  dht11.o ABSOLUTE
    ..\\HAEDWARE\\Src\\Dcmi.c                0x00000000   Number         0  dcmi.o ABSOLUTE
    ..\\HAEDWARE\\Src\\Delay.c               0x00000000   Number         0  delay.o ABSOLUTE
    ..\\HAEDWARE\\Src\\Esp8266.c             0x00000000   Number         0  esp8266.o ABSOLUTE
    ..\\HAEDWARE\\Src\\Iic.c                 0x00000000   Number         0  iic.o ABSOLUTE
    ..\\HAEDWARE\\Src\\Key.c                 0x00000000   Number         0  key.o ABSOLUTE
    ..\\HAEDWARE\\Src\\Led.c                 0x00000000   Number         0  led.o ABSOLUTE
    ..\\HAEDWARE\\Src\\Num_Keyboard.c        0x00000000   Number         0  num_keyboard.o ABSOLUTE
    ..\\HAEDWARE\\Src\\OV2640.c              0x00000000   Number         0  ov2640.o ABSOLUTE
    ..\\HAEDWARE\\Src\\Oled.c                0x00000000   Number         0  oled.o ABSOLUTE
    ..\\HAEDWARE\\Src\\Pwm.c                 0x00000000   Number         0  pwm.o ABSOLUTE
    ..\\HAEDWARE\\Src\\RC522.c               0x00000000   Number         0  rc522.o ABSOLUTE
    ..\\HAEDWARE\\Src\\Sccb.c                0x00000000   Number         0  sccb.o ABSOLUTE
    ..\\HAEDWARE\\Src\\System.c              0x00000000   Number         0  system.o ABSOLUTE
    ..\\HAEDWARE\\Src\\Tim.c                 0x00000000   Number         0  tim.o ABSOLUTE
    ..\\HAEDWARE\\Src\\Usart.c               0x00000000   Number         0  usart.o ABSOLUTE
    Src\\main.c                              0x00000000   Number         0  main.o ABSOLUTE
    Src\\stm32f4xx_it.c                      0x00000000   Number         0  stm32f4xx_it.o ABSOLUTE
    Src\\system_stm32f4xx.c                  0x00000000   Number         0  system_stm32f4xx.o ABSOLUTE
    Src\main.c                               0x00000000   Number         0  main.o ABSOLUTE
    Src\stm32f4xx_it.c                       0x00000000   Number         0  stm32f4xx_it.o ABSOLUTE
    Src\system_stm32f4xx.c                   0x00000000   Number         0  system_stm32f4xx.o ABSOLUTE
    cdrcmple.s                               0x00000000   Number         0  cdrcmple.o ABSOLUTE
    dc.s                                     0x00000000   Number         0  dc.o ABSOLUTE
    handlers.s                               0x00000000   Number         0  handlers.o ABSOLUTE
    init.s                                   0x00000000   Number         0  init.o ABSOLUTE
    RESET                                    0x08000000   Section      392  startup_stm32f40xx.o(RESET)
    .ARM.Collect$$$$00000000                 0x08000188   Section        0  entry.o(.ARM.Collect$$$$00000000)
    .ARM.Collect$$$$00000001                 0x08000188   Section        4  entry2.o(.ARM.Collect$$$$00000001)
    .ARM.Collect$$$$00000004                 0x0800018c   Section        4  entry5.o(.ARM.Collect$$$$00000004)
    .ARM.Collect$$$$00000008                 0x08000190   Section        0  entry7b.o(.ARM.Collect$$$$00000008)
    .ARM.Collect$$$$0000000A                 0x08000190   Section        0  entry8b.o(.ARM.Collect$$$$0000000A)
    .ARM.Collect$$$$0000000B                 0x08000190   Section        8  entry9a.o(.ARM.Collect$$$$0000000B)
    .ARM.Collect$$$$0000000E                 0x08000198   Section        4  entry12b.o(.ARM.Collect$$$$0000000E)
    .ARM.Collect$$$$0000000F                 0x0800019c   Section        0  entry10a.o(.ARM.Collect$$$$0000000F)
    .ARM.Collect$$$$00000011                 0x0800019c   Section        0  entry11a.o(.ARM.Collect$$$$00000011)
    .ARM.Collect$$$$00002712                 0x0800019c   Section        4  entry2.o(.ARM.Collect$$$$00002712)
    __lit__00000000                          0x0800019c   Data           4  entry2.o(.ARM.Collect$$$$00002712)
    .text                                    0x080001a0   Section       36  startup_stm32f40xx.o(.text)
    $v0                                      0x080001a0   Number         0  startup_stm32f40xx.o(.text)
    .text                                    0x080001c4   Section        0  memseta.o(.text)
    .text                                    0x080001e8   Section        0  strstr.o(.text)
    .text                                    0x0800020c   Section        0  strchr.o(.text)
    .text                                    0x08000220   Section        0  strlen.o(.text)
    .text                                    0x0800022e   Section        0  strcpy.o(.text)
    .text                                    0x08000240   Section        0  uldiv.o(.text)
    .text                                    0x080002a4   Section       36  init.o(.text)
    .text                                    0x080002c8   Section        0  llshl.o(.text)
    .text                                    0x080002e6   Section        0  llushr.o(.text)
    .text                                    0x08000306   Section        0  __dczerorl2.o(.text)
    i.Beep_Control                           0x0800035c   Section        0  beep.o(i.Beep_Control)
    i.Beep_Init                              0x08000384   Section        0  beep.o(i.Beep_Init)
    i.BusFault_Handler                       0x080003dc   Section        0  stm32f4xx_it.o(i.BusFault_Handler)
    i.DCMI_CaptureCmd                        0x080003e0   Section        0  stm32f4xx_dcmi.o(i.DCMI_CaptureCmd)
    i.DCMI_ClearITPendingBit                 0x08000400   Section        0  stm32f4xx_dcmi.o(i.DCMI_ClearITPendingBit)
    i.DCMI_Cmd                               0x0800040c   Section        0  stm32f4xx_dcmi.o(i.DCMI_Cmd)
    i.DCMI_DMA_Init                          0x0800042c   Section        0  dcmi.o(i.DCMI_DMA_Init)
    i.DCMI_DeInit                            0x080004a0   Section        0  stm32f4xx_dcmi.o(i.DCMI_DeInit)
    i.DCMI_GetITStatus                       0x080004bc   Section        0  stm32f4xx_dcmi.o(i.DCMI_GetITStatus)
    i.DCMI_IRQHandler                        0x080004d4   Section        0  dcmi.o(i.DCMI_IRQHandler)
    i.DCMI_ITConfig                          0x080004f8   Section        0  stm32f4xx_dcmi.o(i.DCMI_ITConfig)
    i.DCMI_Init                              0x08000518   Section        0  stm32f4xx_dcmi.o(i.DCMI_Init)
    i.DCMI_Start                             0x08000554   Section        0  dcmi.o(i.DCMI_Start)
    i.DHT11_Init_Input                       0x0800056c   Section        0  dht11.o(i.DHT11_Init_Input)
    i.DHT11_Init_Output                      0x08000598   Section        0  dht11.o(i.DHT11_Init_Output)
    i.DHT11_Read_Byte                        0x080005cc   Section        0  dht11.o(i.DHT11_Read_Byte)
    i.DHT11_Show                             0x0800063c   Section        0  dht11.o(i.DHT11_Show)
    i.DHT11_Start                            0x080006b8   Section        0  dht11.o(i.DHT11_Start)
    i.DMA_Cmd                                0x08000728   Section        0  stm32f4xx_dma.o(i.DMA_Cmd)
    i.DMA_DeInit                             0x08000740   Section        0  stm32f4xx_dma.o(i.DMA_DeInit)
    i.DMA_GetCmdStatus                       0x0800086c   Section        0  stm32f4xx_dma.o(i.DMA_GetCmdStatus)
    i.DMA_GetCurrDataCounter                 0x0800087a   Section        0  stm32f4xx_dma.o(i.DMA_GetCurrDataCounter)
    i.DMA_Init                               0x08000880   Section        0  stm32f4xx_dma.o(i.DMA_Init)
    i.DMA_SetCurrDataCounter                 0x080008d4   Section        0  stm32f4xx_dma.o(i.DMA_SetCurrDataCounter)
    i.DebugMon_Handler                       0x080008d8   Section        0  stm32f4xx_it.o(i.DebugMon_Handler)
    i.Delay_Init                             0x080008dc   Section        0  delay.o(i.Delay_Init)
    i.Delay_ms                               0x08000908   Section        0  delay.o(i.Delay_ms)
    i.Delay_us                               0x0800093c   Section        0  delay.o(i.Delay_us)
    i.Delay_xms                              0x08000970   Section        0  delay.o(i.Delay_xms)
    i.ESP8266_Clear                          0x080009a4   Section        0  esp8266.o(i.ESP8266_Clear)
    i.ESP8266_GetIPD                         0x080009c0   Section        0  esp8266.o(i.ESP8266_GetIPD)
    i.ESP8266_SendCmd                        0x08000a0c   Section        0  esp8266.o(i.ESP8266_SendCmd)
    i.ESP8266_SendData                       0x08000a58   Section        0  esp8266.o(i.ESP8266_SendData)
    i.ESP8266_TCP_Init                       0x08000aa8   Section        0  esp8266.o(i.ESP8266_TCP_Init)
    i.ESP8266_WaitRecive                     0x08000ed4   Section        0  esp8266.o(i.ESP8266_WaitRecive)
    i.EXTI2_IRQHandler                       0x08000ef8   Section        0  num_keyboard.o(i.EXTI2_IRQHandler)
    i.EXTI3_IRQHandler                       0x08000f10   Section        0  num_keyboard.o(i.EXTI3_IRQHandler)
    i.EXTI4_IRQHandler                       0x08000f28   Section        0  num_keyboard.o(i.EXTI4_IRQHandler)
    i.EXTI9_5_IRQHandler                     0x08000f40   Section        0  key.o(i.EXTI9_5_IRQHandler)
    i.EXTI_ClearITPendingBit                 0x08000fc8   Section        0  stm32f4xx_exti.o(i.EXTI_ClearITPendingBit)
    i.EXTI_GetITStatus                       0x08000fd4   Section        0  stm32f4xx_exti.o(i.EXTI_GetITStatus)
    i.EXTI_Init                              0x08000fe8   Section        0  stm32f4xx_exti.o(i.EXTI_Init)
    i.Flow_Light_Flash_Light                 0x0800105c   Section        0  led.o(i.Flow_Light_Flash_Light)
    i.Fuc_TIM14_IRQ_Disable                  0x080010d0   Section        0  tim.o(i.Fuc_TIM14_IRQ_Disable)
    i.Fuc_TIM14_IRQ_Enable                   0x080010f0   Section        0  tim.o(i.Fuc_TIM14_IRQ_Enable)
    i.GPIO_Init                              0x08001110   Section        0  stm32f4xx_gpio.o(i.GPIO_Init)
    i.GPIO_PinAFConfig                       0x0800118c   Section        0  stm32f4xx_gpio.o(i.GPIO_PinAFConfig)
    i.GPIO_ReadInputDataBit                  0x080011ac   Section        0  stm32f4xx_gpio.o(i.GPIO_ReadInputDataBit)
    i.GPIO_ResetBits                         0x080011ba   Section        0  stm32f4xx_gpio.o(i.GPIO_ResetBits)
    i.GPIO_SetBits                           0x080011be   Section        0  stm32f4xx_gpio.o(i.GPIO_SetBits)
    i.GPIO_WriteBit                          0x080011c2   Section        0  stm32f4xx_gpio.o(i.GPIO_WriteBit)
    i.HardFault_Handler                      0x080011ce   Section        0  stm32f4xx_it.o(i.HardFault_Handler)
    i.Jpeg_Coll_Photo                        0x080011d0   Section        0  ov2640.o(i.Jpeg_Coll_Photo)
    i.Jpeg_Test_Pre                          0x08001360   Section        0  ov2640.o(i.Jpeg_Test_Pre)
    i.Key_Init                               0x0800139c   Section        0  key.o(i.Key_Init)
    i.Keyboard_Scan                          0x08001444   Section        0  num_keyboard.o(i.Keyboard_Scan)
    i.Led_Control                            0x08001558   Section        0  led.o(i.Led_Control)
    i.MFRC522_AntennaOn                      0x080015a8   Section        0  rc522.o(i.MFRC522_AntennaOn)
    i.MFRC522_Anticoll                       0x080015c2   Section        0  rc522.o(i.MFRC522_Anticoll)
    i.MFRC522_ClearBitMask                   0x08001604   Section        0  rc522.o(i.MFRC522_ClearBitMask)
    i.MFRC522_Init                           0x0800161e   Section        0  rc522.o(i.MFRC522_Init)
    i.MFRC522_ReadRegister                   0x08001684   Section        0  rc522.o(i.MFRC522_ReadRegister)
    i.MFRC522_Request                        0x08001692   Section        0  rc522.o(i.MFRC522_Request)
    i.MFRC522_Reset                          0x080016c0   Section        0  rc522.o(i.MFRC522_Reset)
    i.MFRC522_SetBitMask                     0x080016c8   Section        0  rc522.o(i.MFRC522_SetBitMask)
    i.MFRC522_ToCard                         0x080016e2   Section        0  rc522.o(i.MFRC522_ToCard)
    i.MFRC522_WriteRegister                  0x080017f2   Section        0  rc522.o(i.MFRC522_WriteRegister)
    i.MemManage_Handler                      0x080017fc   Section        0  stm32f4xx_it.o(i.MemManage_Handler)
    i.My_DCMI_Init                           0x08001800   Section        0  dcmi.o(i.My_DCMI_Init)
    i.NMI_Handler                            0x08001930   Section        0  stm32f4xx_it.o(i.NMI_Handler)
    i.NVIC_Init                              0x08001934   Section        0  misc.o(i.NVIC_Init)
    i.NVIC_PriorityGroupConfig               0x0800199c   Section        0  misc.o(i.NVIC_PriorityGroupConfig)
    i.Num_Keyboard_Init                      0x080019b0   Section        0  num_keyboard.o(i.Num_Keyboard_Init)
    i.OLed_Fill                              0x08001aa4   Section        0  oled.o(i.OLed_Fill)
    i.OLed_SetPos                            0x08001ada   Section        0  oled.o(i.OLed_SetPos)
    i.OLed_ShowASCII                         0x08001afc   Section        0  oled.o(i.OLed_ShowASCII)
    i.OLed_ShowASCII_Len                     0x08001b60   Section        0  oled.o(i.OLed_ShowASCII_Len)
    i.OLed_ShowChina                         0x08001bd4   Section        0  oled.o(i.OLed_ShowChina)
    i.OV2640_Init                            0x08001c18   Section        0  ov2640.o(i.OV2640_Init)
    i.OV2640_JPEG_Mode                       0x08001d40   Section        0  ov2640.o(i.OV2640_JPEG_Mode)
    i.OV2640_OutSize_Set                     0x08001d80   Section        0  ov2640.o(i.OV2640_OutSize_Set)
    i.Oled_Init                              0x08001dd4   Section        0  oled.o(i.Oled_Init)
    i.Oled_Send_One_Byte_Cmd                 0x08001ea8   Section        0  oled.o(i.Oled_Send_One_Byte_Cmd)
    i.Oled_Send_One_Byte_DATA                0x08001ef4   Section        0  oled.o(i.Oled_Send_One_Byte_DATA)
    i.PendSV_Handler                         0x08001f40   Section        0  stm32f4xx_it.o(i.PendSV_Handler)
    i.RC522_EXIT_Interrupt                   0x08001f44   Section        0  rc522.o(i.RC522_EXIT_Interrupt)
    i.RC522_Init                             0x08001fb4   Section        0  rc522.o(i.RC522_Init)
    i.RCC_AHB1PeriphClockCmd                 0x080020c4   Section        0  stm32f4xx_rcc.o(i.RCC_AHB1PeriphClockCmd)
    i.RCC_AHB2PeriphClockCmd                 0x080020e0   Section        0  stm32f4xx_rcc.o(i.RCC_AHB2PeriphClockCmd)
    i.RCC_APB1PeriphClockCmd                 0x080020fc   Section        0  stm32f4xx_rcc.o(i.RCC_APB1PeriphClockCmd)
    i.RCC_APB2PeriphClockCmd                 0x08002118   Section        0  stm32f4xx_rcc.o(i.RCC_APB2PeriphClockCmd)
    i.RCC_GetClocksFreq                      0x08002134   Section        0  stm32f4xx_rcc.o(i.RCC_GetClocksFreq)
    i.SCCB_Init                              0x080021d4   Section        0  sccb.o(i.SCCB_Init)
    i.SCCB_No_Ack                            0x08002220   Section        0  sccb.o(i.SCCB_No_Ack)
    i.SCCB_RD_Byte                           0x08002250   Section        0  sccb.o(i.SCCB_RD_Byte)
    i.SCCB_RD_Reg                            0x080022b8   Section        0  sccb.o(i.SCCB_RD_Reg)
    i.SCCB_Start                             0x08002304   Section        0  sccb.o(i.SCCB_Start)
    i.SCCB_Stop                              0x08002328   Section        0  sccb.o(i.SCCB_Stop)
    i.SCCB_WR_Byte                           0x08002350   Section        0  sccb.o(i.SCCB_WR_Byte)
    i.SCCB_WR_Reg                            0x080023d8   Section        0  sccb.o(i.SCCB_WR_Reg)
    i.SPI1SendByte                           0x08002416   Section        0  rc522.o(i.SPI1SendByte)
    i.SPI1_ReadReg                           0x0800241c   Section        0  rc522.o(i.SPI1_ReadReg)
    i.SPI1_WriteReg                          0x08002458   Section        0  rc522.o(i.SPI1_WriteReg)
    i.SPI_Cmd                                0x08002498   Section        0  stm32f4xx_spi.o(i.SPI_Cmd)
    i.SPI_I2S_GetFlagStatus                  0x080024b0   Section        0  stm32f4xx_spi.o(i.SPI_I2S_GetFlagStatus)
    i.SPI_I2S_ReceiveData                    0x080024be   Section        0  stm32f4xx_spi.o(i.SPI_I2S_ReceiveData)
    i.SPI_I2S_SendData                       0x080024c2   Section        0  stm32f4xx_spi.o(i.SPI_I2S_SendData)
    i.SPI_Init                               0x080024c6   Section        0  stm32f4xx_spi.o(i.SPI_Init)
    i.SVC_Handler                            0x080024fe   Section        0  stm32f4xx_it.o(i.SVC_Handler)
    i.SYSCFG_EXTILineConfig                  0x08002500   Section        0  stm32f4xx_syscfg.o(i.SYSCFG_EXTILineConfig)
    i.SetRow_GPIO                            0x0800252c   Section        0  num_keyboard.o(i.SetRow_GPIO)
    i.SetSysClock                            0x0800255c   Section        0  system_stm32f4xx.o(i.SetSysClock)
    SetSysClock                              0x0800255d   Thumb Code   168  system_stm32f4xx.o(i.SetSysClock)
    i.Show_UI                                0x08002614   Section        0  oled.o(i.Show_UI)
    i.Software_IIC_Init                      0x080026ec   Section        0  iic.o(i.Software_IIC_Init)
    i.Software_IIC_Read_ACK                  0x08002748   Section        0  iic.o(i.Software_IIC_Read_ACK)
    i.Software_IIC_Send_One_Byte_Data        0x0800278c   Section        0  iic.o(i.Software_IIC_Send_One_Byte_Data)
    i.Software_IIC_Start                     0x080027f0   Section        0  iic.o(i.Software_IIC_Start)
    i.Software_IIC_Stop                      0x08002828   Section        0  iic.o(i.Software_IIC_Stop)
    i.SysTick_CLKSourceConfig                0x08002868   Section        0  misc.o(i.SysTick_CLKSourceConfig)
    i.SysTick_Handler                        0x08002884   Section        0  stm32f4xx_it.o(i.SysTick_Handler)
    i.SystemInit                             0x08002888   Section        0  system_stm32f4xx.o(i.SystemInit)
    i.TIM8_BRK_TIM12_IRQHandler              0x080028e4   Section        0  tim.o(i.TIM8_BRK_TIM12_IRQHandler)
    i.TIM8_TRG_COM_TIM14_IRQHandler          0x0800290c   Section        0  tim.o(i.TIM8_TRG_COM_TIM14_IRQHandler)
    i.TIM8_UP_TIM13_IRQHandler               0x080029c4   Section        0  tim.o(i.TIM8_UP_TIM13_IRQHandler)
    i.TIM_ClearITPendingBit                  0x08002a08   Section        0  stm32f4xx_tim.o(i.TIM_ClearITPendingBit)
    i.TIM_Cmd                                0x08002a0e   Section        0  stm32f4xx_tim.o(i.TIM_Cmd)
    i.TIM_GetITStatus                        0x08002a26   Section        0  stm32f4xx_tim.o(i.TIM_GetITStatus)
    i.TIM_ITConfig                           0x08002a3e   Section        0  stm32f4xx_tim.o(i.TIM_ITConfig)
    i.TIM_SetCompare1                        0x08002a52   Section        0  stm32f4xx_tim.o(i.TIM_SetCompare1)
    i.TIM_TimeBaseInit                       0x08002a58   Section        0  stm32f4xx_tim.o(i.TIM_TimeBaseInit)
    i.Tim14_Init                             0x08002ad4   Section        0  tim.o(i.Tim14_Init)
    i.UART5_IRQHandler                       0x08002b48   Section        0  usart.o(i.UART5_IRQHandler)
    i.USART1_IRQHandler                      0x08002b8c   Section        0  usart.o(i.USART1_IRQHandler)
    i.USART_ClearFlag                        0x08002bf4   Section        0  stm32f4xx_usart.o(i.USART_ClearFlag)
    i.USART_ClearITPendingBit                0x08002bfc   Section        0  stm32f4xx_usart.o(i.USART_ClearITPendingBit)
    i.USART_Cmd                              0x08002c0c   Section        0  stm32f4xx_usart.o(i.USART_Cmd)
    i.USART_GetFlagStatus                    0x08002c24   Section        0  stm32f4xx_usart.o(i.USART_GetFlagStatus)
    i.USART_GetITStatus                      0x08002c32   Section        0  stm32f4xx_usart.o(i.USART_GetITStatus)
    i.USART_ITConfig                         0x08002c72   Section        0  stm32f4xx_usart.o(i.USART_ITConfig)
    i.USART_Init                             0x08002ca8   Section        0  stm32f4xx_usart.o(i.USART_Init)
    i.USART_ReceiveData                      0x08002d64   Section        0  stm32f4xx_usart.o(i.USART_ReceiveData)
    i.USART_SendData                         0x08002d6c   Section        0  stm32f4xx_usart.o(i.USART_SendData)
    i.USART_SendDatas                        0x08002d74   Section        0  usart.o(i.USART_SendDatas)
    i.Uart5_Init                             0x08002da0   Section        0  usart.o(i.Uart5_Init)
    i.Update_Data_Access                     0x08002e70   Section        0  oled.o(i.Update_Data_Access)
    i.Update_Data_Environment                0x08002ea8   Section        0  oled.o(i.Update_Data_Environment)
    i.Update_Passwd                          0x08002ecc   Section        0  oled.o(i.Update_Passwd)
    i.UsageFault_Handler                     0x08002f18   Section        0  stm32f4xx_it.o(i.UsageFault_Handler)
    i.Usart1_Init                            0x08002f1c   Section        0  usart.o(i.Usart1_Init)
    i.__0printf$8                            0x08002fec   Section        0  printf8.o(i.__0printf$8)
    i.__0snprintf$8                          0x0800300c   Section        0  printf8.o(i.__0snprintf$8)
    i.__0sprintf$8                           0x08003040   Section        0  printf8.o(i.__0sprintf$8)
    i.__scatterload_copy                     0x08003068   Section       14  handlers.o(i.__scatterload_copy)
    i.__scatterload_null                     0x08003076   Section        2  handlers.o(i.__scatterload_null)
    i.__scatterload_zeroinit                 0x08003078   Section       14  handlers.o(i.__scatterload_zeroinit)
    i._printf_core                           0x08003088   Section        0  printf8.o(i._printf_core)
    _printf_core                             0x08003089   Thumb Code   984  printf8.o(i._printf_core)
    i._printf_post_padding                   0x0800348c   Section        0  printf8.o(i._printf_post_padding)
    _printf_post_padding                     0x0800348d   Thumb Code    36  printf8.o(i._printf_post_padding)
    i._printf_pre_padding                    0x080034b0   Section        0  printf8.o(i._printf_pre_padding)
    _printf_pre_padding                      0x080034b1   Thumb Code    46  printf8.o(i._printf_pre_padding)
    i._snputc                                0x080034de   Section        0  printf8.o(i._snputc)
    _snputc                                  0x080034df   Thumb Code    22  printf8.o(i._snputc)
    i._sputc                                 0x080034f4   Section        0  printf8.o(i._sputc)
    _sputc                                   0x080034f5   Thumb Code    10  printf8.o(i._sputc)
    i.format_passwd                          0x08003500   Section        0  num_keyboard.o(i.format_passwd)
    i.fputc                                  0x080035ac   Section        0  usart.o(i.fputc)
    i.free                                   0x080035cc   Section        0  malloc.o(i.free)
    i.jpeg_data_process                      0x0800361c   Section        0  ov2640.o(i.jpeg_data_process)
    i.main                                   0x08003678   Section        0  main.o(i.main)
    i.malloc                                 0x08003734   Section        0  malloc.o(i.malloc)
    i.spi_master_send_recv_byte              0x080037a0   Section        0  rc522.o(i.spi_master_send_recv_byte)
    .constdata                               0x080037d4   Section     1520  oled.o(.constdata)
    .constdata                               0x08003dc4   Section      490  ov2640.o(.constdata)
    OV2640_AUTOEXPOSURE_LEVEL                0x08003f86   Data          40  ov2640.o(.constdata)
    .constdata                               0x08003fb0   Section       16  num_keyboard.o(.constdata)
    .conststring                             0x08003fc0   Section       69  esp8266.o(.conststring)
    .data                                    0x20000000   Section       16  stm32f4xx_rcc.o(.data)
    APBAHBPrescTable                         0x20000000   Data          16  stm32f4xx_rcc.o(.data)
    .data                                    0x20000010   Section        4  delay.o(.data)
    fac_us                                   0x20000010   Data           1  delay.o(.data)
    fac_ms                                   0x20000012   Data           2  delay.o(.data)
    .data                                    0x20000014   Section        4  pwm.o(.data)
    .data                                    0x20000018   Section        4  usart.o(.data)
    .data                                    0x2000001c   Section       10  dht11.o(.data)
    .data                                    0x20000026   Section       38  esp8266.o(.data)
    .data                                    0x2000004c   Section      611  oled.o(.data)
    .data                                    0x200002af   Section        1  dcmi.o(.data)
    .data                                    0x200002b0   Section       12  ov2640.o(.data)
    frame_counter                            0x200002b8   Data           4  ov2640.o(.data)
    .data                                    0x200002bc   Section       14  num_keyboard.o(.data)
    .data                                    0x200002cc   Section        4  stdout.o(.data)
    .data                                    0x200002d0   Section        4  mvars.o(.data)
    .data                                    0x200002d4   Section        4  mvars.o(.data)
    .bss                                     0x200002d8   Section      328  esp8266.o(.bss)
    .bss                                     0x20000420   Section       16  rc522.o(.bss)
    .bss                                     0x20000430   Section       14  dcmi.o(.bss)
    .bss                                     0x20000440   Section    126976  ov2640.o(.bss)
    .bss                                     0x2001f440   Section       24  num_keyboard.o(.bss)
    HEAP                                     0x2001f458   Section      512  startup_stm32f40xx.o(HEAP)
    STACK                                    0x2001f658   Section     1024  startup_stm32f40xx.o(STACK)

    Global Symbols

    Symbol Name                              Value     Ov Type        Size  Object(Section)

    BuildAttributes$$THM_ISAv4$E$P$D$K$B$S$7EM$VFPi3$EXTD16$VFPS$VFMA$PE$A:L22UL41UL21$X:L11$S22US41US21$IEEE1$IW$USESV6$~STKCKD$USESV7$~SHL$OSPACE$ROPI$EBA8$MICROLIB$REQ8$PRES8$EABIv2 0x00000000   Number         0  anon$$obj.o ABSOLUTE
    __ARM_use_no_argv                        0x00000000   Number         0  main.o ABSOLUTE
    _printf_a                                0x00000000   Number         0  stubs.o ABSOLUTE
    _printf_c                                0x00000000   Number         0  stubs.o ABSOLUTE
    _printf_charcount                        0x00000000   Number         0  stubs.o ABSOLUTE
    _printf_d                                0x00000000   Number         0  stubs.o ABSOLUTE
    _printf_e                                0x00000000   Number         0  stubs.o ABSOLUTE
    _printf_f                                0x00000000   Number         0  stubs.o ABSOLUTE
    _printf_flags                            0x00000000   Number         0  stubs.o ABSOLUTE
    _printf_fp_dec                           0x00000000   Number         0  stubs.o ABSOLUTE
    _printf_fp_hex                           0x00000000   Number         0  stubs.o ABSOLUTE
    _printf_g                                0x00000000   Number         0  stubs.o ABSOLUTE
    _printf_i                                0x00000000   Number         0  stubs.o ABSOLUTE
    _printf_int_dec                          0x00000000   Number         0  stubs.o ABSOLUTE
    _printf_l                                0x00000000   Number         0  stubs.o ABSOLUTE
    _printf_lc                               0x00000000   Number         0  stubs.o ABSOLUTE
    _printf_ll                               0x00000000   Number         0  stubs.o ABSOLUTE
    _printf_lld                              0x00000000   Number         0  stubs.o ABSOLUTE
    _printf_lli                              0x00000000   Number         0  stubs.o ABSOLUTE
    _printf_llo                              0x00000000   Number         0  stubs.o ABSOLUTE
    _printf_llu                              0x00000000   Number         0  stubs.o ABSOLUTE
    _printf_llx                              0x00000000   Number         0  stubs.o ABSOLUTE
    _printf_longlong_dec                     0x00000000   Number         0  stubs.o ABSOLUTE
    _printf_longlong_hex                     0x00000000   Number         0  stubs.o ABSOLUTE
    _printf_longlong_oct                     0x00000000   Number         0  stubs.o ABSOLUTE
    _printf_ls                               0x00000000   Number         0  stubs.o ABSOLUTE
    _printf_mbtowc                           0x00000000   Number         0  stubs.o ABSOLUTE
    _printf_n                                0x00000000   Number         0  stubs.o ABSOLUTE
    _printf_o                                0x00000000   Number         0  stubs.o ABSOLUTE
    _printf_p                                0x00000000   Number         0  stubs.o ABSOLUTE
    _printf_percent                          0x00000000   Number         0  stubs.o ABSOLUTE
    _printf_pre_padding                      0x00000000   Number         0  stubs.o ABSOLUTE
    _printf_return_value                     0x00000000   Number         0  stubs.o ABSOLUTE
    _printf_s                                0x00000000   Number         0  stubs.o ABSOLUTE
    _printf_sizespec                         0x00000000   Number         0  stubs.o ABSOLUTE
    _printf_str                              0x00000000   Number         0  stubs.o ABSOLUTE
    _printf_truncate_signed                  0x00000000   Number         0  stubs.o ABSOLUTE
    _printf_truncate_unsigned                0x00000000   Number         0  stubs.o ABSOLUTE
    _printf_u                                0x00000000   Number         0  stubs.o ABSOLUTE
    _printf_wc                               0x00000000   Number         0  stubs.o ABSOLUTE
    _printf_wctomb                           0x00000000   Number         0  stubs.o ABSOLUTE
    _printf_widthprec                        0x00000000   Number         0  stubs.o ABSOLUTE
    _printf_x                                0x00000000   Number         0  stubs.o ABSOLUTE
    __arm_fini_                               - Undefined Weak Reference
    __cpp_initialize__aeabi_                  - Undefined Weak Reference
    __cxa_finalize                            - Undefined Weak Reference
    _clock_init                               - Undefined Weak Reference
    _microlib_exit                            - Undefined Weak Reference
    __Vectors_Size                           0x00000188   Number         0  startup_stm32f40xx.o ABSOLUTE
    __Vectors                                0x08000000   Data           4  startup_stm32f40xx.o(RESET)
    __Vectors_End                            0x08000188   Data           0  startup_stm32f40xx.o(RESET)
    __main                                   0x08000189   Thumb Code     0  entry.o(.ARM.Collect$$$$00000000)
    _main_stk                                0x08000189   Thumb Code     0  entry2.o(.ARM.Collect$$$$00000001)
    _main_scatterload                        0x0800018d   Thumb Code     0  entry5.o(.ARM.Collect$$$$00000004)
    __main_after_scatterload                 0x08000191   Thumb Code     0  entry5.o(.ARM.Collect$$$$00000004)
    _main_clock                              0x08000191   Thumb Code     0  entry7b.o(.ARM.Collect$$$$00000008)
    _main_cpp_init                           0x08000191   Thumb Code     0  entry8b.o(.ARM.Collect$$$$0000000A)
    _main_init                               0x08000191   Thumb Code     0  entry9a.o(.ARM.Collect$$$$0000000B)
    __rt_lib_shutdown_fini                   0x08000199   Thumb Code     0  entry12b.o(.ARM.Collect$$$$0000000E)
    __rt_final_cpp                           0x0800019d   Thumb Code     0  entry10a.o(.ARM.Collect$$$$0000000F)
    __rt_final_exit                          0x0800019d   Thumb Code     0  entry11a.o(.ARM.Collect$$$$00000011)
    Reset_Handler                            0x080001a1   Thumb Code     8  startup_stm32f40xx.o(.text)
    ADC_IRQHandler                           0x080001bb   Thumb Code     0  startup_stm32f40xx.o(.text)
    CAN1_RX0_IRQHandler                      0x080001bb   Thumb Code     0  startup_stm32f40xx.o(.text)
    CAN1_RX1_IRQHandler                      0x080001bb   Thumb Code     0  startup_stm32f40xx.o(.text)
    CAN1_SCE_IRQHandler                      0x080001bb   Thumb Code     0  startup_stm32f40xx.o(.text)
    CAN1_TX_IRQHandler                       0x080001bb   Thumb Code     0  startup_stm32f40xx.o(.text)
    CAN2_RX0_IRQHandler                      0x080001bb   Thumb Code     0  startup_stm32f40xx.o(.text)
    CAN2_RX1_IRQHandler                      0x080001bb   Thumb Code     0  startup_stm32f40xx.o(.text)
    CAN2_SCE_IRQHandler                      0x080001bb   Thumb Code     0  startup_stm32f40xx.o(.text)
    CAN2_TX_IRQHandler                       0x080001bb   Thumb Code     0  startup_stm32f40xx.o(.text)
    CRYP_IRQHandler                          0x080001bb   Thumb Code     0  startup_stm32f40xx.o(.text)
    DMA1_Stream0_IRQHandler                  0x080001bb   Thumb Code     0  startup_stm32f40xx.o(.text)
    DMA1_Stream1_IRQHandler                  0x080001bb   Thumb Code     0  startup_stm32f40xx.o(.text)
    DMA1_Stream2_IRQHandler                  0x080001bb   Thumb Code     0  startup_stm32f40xx.o(.text)
    DMA1_Stream3_IRQHandler                  0x080001bb   Thumb Code     0  startup_stm32f40xx.o(.text)
    DMA1_Stream4_IRQHandler                  0x080001bb   Thumb Code     0  startup_stm32f40xx.o(.text)
    DMA1_Stream5_IRQHandler                  0x080001bb   Thumb Code     0  startup_stm32f40xx.o(.text)
    DMA1_Stream6_IRQHandler                  0x080001bb   Thumb Code     0  startup_stm32f40xx.o(.text)
    DMA1_Stream7_IRQHandler                  0x080001bb   Thumb Code     0  startup_stm32f40xx.o(.text)
    DMA2_Stream0_IRQHandler                  0x080001bb   Thumb Code     0  startup_stm32f40xx.o(.text)
    DMA2_Stream1_IRQHandler                  0x080001bb   Thumb Code     0  startup_stm32f40xx.o(.text)
    DMA2_Stream2_IRQHandler                  0x080001bb   Thumb Code     0  startup_stm32f40xx.o(.text)
    DMA2_Stream3_IRQHandler                  0x080001bb   Thumb Code     0  startup_stm32f40xx.o(.text)
    DMA2_Stream4_IRQHandler                  0x080001bb   Thumb Code     0  startup_stm32f40xx.o(.text)
    DMA2_Stream5_IRQHandler                  0x080001bb   Thumb Code     0  startup_stm32f40xx.o(.text)
    DMA2_Stream6_IRQHandler                  0x080001bb   Thumb Code     0  startup_stm32f40xx.o(.text)
    DMA2_Stream7_IRQHandler                  0x080001bb   Thumb Code     0  startup_stm32f40xx.o(.text)
    ETH_IRQHandler                           0x080001bb   Thumb Code     0  startup_stm32f40xx.o(.text)
    ETH_WKUP_IRQHandler                      0x080001bb   Thumb Code     0  startup_stm32f40xx.o(.text)
    EXTI0_IRQHandler                         0x080001bb   Thumb Code     0  startup_stm32f40xx.o(.text)
    EXTI15_10_IRQHandler                     0x080001bb   Thumb Code     0  startup_stm32f40xx.o(.text)
    EXTI1_IRQHandler                         0x080001bb   Thumb Code     0  startup_stm32f40xx.o(.text)
    FLASH_IRQHandler                         0x080001bb   Thumb Code     0  startup_stm32f40xx.o(.text)
    FPU_IRQHandler                           0x080001bb   Thumb Code     0  startup_stm32f40xx.o(.text)
    FSMC_IRQHandler                          0x080001bb   Thumb Code     0  startup_stm32f40xx.o(.text)
    HASH_RNG_IRQHandler                      0x080001bb   Thumb Code     0  startup_stm32f40xx.o(.text)
    I2C1_ER_IRQHandler                       0x080001bb   Thumb Code     0  startup_stm32f40xx.o(.text)
    I2C1_EV_IRQHandler                       0x080001bb   Thumb Code     0  startup_stm32f40xx.o(.text)
    I2C2_ER_IRQHandler                       0x080001bb   Thumb Code     0  startup_stm32f40xx.o(.text)
    I2C2_EV_IRQHandler                       0x080001bb   Thumb Code     0  startup_stm32f40xx.o(.text)
    I2C3_ER_IRQHandler                       0x080001bb   Thumb Code     0  startup_stm32f40xx.o(.text)
    I2C3_EV_IRQHandler                       0x080001bb   Thumb Code     0  startup_stm32f40xx.o(.text)
    OTG_FS_IRQHandler                        0x080001bb   Thumb Code     0  startup_stm32f40xx.o(.text)
    OTG_FS_WKUP_IRQHandler                   0x080001bb   Thumb Code     0  startup_stm32f40xx.o(.text)
    OTG_HS_EP1_IN_IRQHandler                 0x080001bb   Thumb Code     0  startup_stm32f40xx.o(.text)
    OTG_HS_EP1_OUT_IRQHandler                0x080001bb   Thumb Code     0  startup_stm32f40xx.o(.text)
    OTG_HS_IRQHandler                        0x080001bb   Thumb Code     0  startup_stm32f40xx.o(.text)
    OTG_HS_WKUP_IRQHandler                   0x080001bb   Thumb Code     0  startup_stm32f40xx.o(.text)
    PVD_IRQHandler                           0x080001bb   Thumb Code     0  startup_stm32f40xx.o(.text)
    RCC_IRQHandler                           0x080001bb   Thumb Code     0  startup_stm32f40xx.o(.text)
    RTC_Alarm_IRQHandler                     0x080001bb   Thumb Code     0  startup_stm32f40xx.o(.text)
    RTC_WKUP_IRQHandler                      0x080001bb   Thumb Code     0  startup_stm32f40xx.o(.text)
    SDIO_IRQHandler                          0x080001bb   Thumb Code     0  startup_stm32f40xx.o(.text)
    SPI1_IRQHandler                          0x080001bb   Thumb Code     0  startup_stm32f40xx.o(.text)
    SPI2_IRQHandler                          0x080001bb   Thumb Code     0  startup_stm32f40xx.o(.text)
    SPI3_IRQHandler                          0x080001bb   Thumb Code     0  startup_stm32f40xx.o(.text)
    TAMP_STAMP_IRQHandler                    0x080001bb   Thumb Code     0  startup_stm32f40xx.o(.text)
    TIM1_BRK_TIM9_IRQHandler                 0x080001bb   Thumb Code     0  startup_stm32f40xx.o(.text)
    TIM1_CC_IRQHandler                       0x080001bb   Thumb Code     0  startup_stm32f40xx.o(.text)
    TIM1_TRG_COM_TIM11_IRQHandler            0x080001bb   Thumb Code     0  startup_stm32f40xx.o(.text)
    TIM1_UP_TIM10_IRQHandler                 0x080001bb   Thumb Code     0  startup_stm32f40xx.o(.text)
    TIM2_IRQHandler                          0x080001bb   Thumb Code     0  startup_stm32f40xx.o(.text)
    TIM3_IRQHandler                          0x080001bb   Thumb Code     0  startup_stm32f40xx.o(.text)
    TIM4_IRQHandler                          0x080001bb   Thumb Code     0  startup_stm32f40xx.o(.text)
    TIM5_IRQHandler                          0x080001bb   Thumb Code     0  startup_stm32f40xx.o(.text)
    TIM6_DAC_IRQHandler                      0x080001bb   Thumb Code     0  startup_stm32f40xx.o(.text)
    TIM7_IRQHandler                          0x080001bb   Thumb Code     0  startup_stm32f40xx.o(.text)
    TIM8_CC_IRQHandler                       0x080001bb   Thumb Code     0  startup_stm32f40xx.o(.text)
    UART4_IRQHandler                         0x080001bb   Thumb Code     0  startup_stm32f40xx.o(.text)
    USART2_IRQHandler                        0x080001bb   Thumb Code     0  startup_stm32f40xx.o(.text)
    USART3_IRQHandler                        0x080001bb   Thumb Code     0  startup_stm32f40xx.o(.text)
    USART6_IRQHandler                        0x080001bb   Thumb Code     0  startup_stm32f40xx.o(.text)
    WWDG_IRQHandler                          0x080001bb   Thumb Code     0  startup_stm32f40xx.o(.text)
    __aeabi_memset                           0x080001c5   Thumb Code    14  memseta.o(.text)
    __aeabi_memset4                          0x080001c5   Thumb Code     0  memseta.o(.text)
    __aeabi_memset8                          0x080001c5   Thumb Code     0  memseta.o(.text)
    __aeabi_memclr                           0x080001d3   Thumb Code     4  memseta.o(.text)
    __aeabi_memclr4                          0x080001d3   Thumb Code     0  memseta.o(.text)
    __aeabi_memclr8                          0x080001d3   Thumb Code     0  memseta.o(.text)
    _memset$wrapper                          0x080001d7   Thumb Code    18  memseta.o(.text)
    strstr                                   0x080001e9   Thumb Code    36  strstr.o(.text)
    strchr                                   0x0800020d   Thumb Code    20  strchr.o(.text)
    strlen                                   0x08000221   Thumb Code    14  strlen.o(.text)
    strcpy                                   0x0800022f   Thumb Code    18  strcpy.o(.text)
    __aeabi_uldivmod                         0x08000241   Thumb Code    98  uldiv.o(.text)
    __scatterload                            0x080002a5   Thumb Code    28  init.o(.text)
    __scatterload_rt2                        0x080002a5   Thumb Code     0  init.o(.text)
    __aeabi_llsl                             0x080002c9   Thumb Code    30  llshl.o(.text)
    _ll_shift_l                              0x080002c9   Thumb Code     0  llshl.o(.text)
    __aeabi_llsr                             0x080002e7   Thumb Code    32  llushr.o(.text)
    _ll_ushift_r                             0x080002e7   Thumb Code     0  llushr.o(.text)
    __decompress                             0x08000307   Thumb Code     0  __dczerorl2.o(.text)
    __decompress1                            0x08000307   Thumb Code    86  __dczerorl2.o(.text)
    Beep_Control                             0x0800035d   Thumb Code    36  beep.o(i.Beep_Control)
    Beep_Init                                0x08000385   Thumb Code    62  beep.o(i.Beep_Init)
    BusFault_Handler                         0x080003dd   Thumb Code     2  stm32f4xx_it.o(i.BusFault_Handler)
    DCMI_CaptureCmd                          0x080003e1   Thumb Code    26  stm32f4xx_dcmi.o(i.DCMI_CaptureCmd)
    DCMI_ClearITPendingBit                   0x08000401   Thumb Code     6  stm32f4xx_dcmi.o(i.DCMI_ClearITPendingBit)
    DCMI_Cmd                                 0x0800040d   Thumb Code    26  stm32f4xx_dcmi.o(i.DCMI_Cmd)
    DCMI_DMA_Init                            0x0800042d   Thumb Code   106  dcmi.o(i.DCMI_DMA_Init)
    DCMI_DeInit                              0x080004a1   Thumb Code    22  stm32f4xx_dcmi.o(i.DCMI_DeInit)
    DCMI_GetITStatus                         0x080004bd   Thumb Code    18  stm32f4xx_dcmi.o(i.DCMI_GetITStatus)
    DCMI_IRQHandler                          0x080004d5   Thumb Code    32  dcmi.o(i.DCMI_IRQHandler)
    DCMI_ITConfig                            0x080004f9   Thumb Code    26  stm32f4xx_dcmi.o(i.DCMI_ITConfig)
    DCMI_Init                                0x08000519   Thumb Code    54  stm32f4xx_dcmi.o(i.DCMI_Init)
    DCMI_Start                               0x08000555   Thumb Code    20  dcmi.o(i.DCMI_Start)
    DHT11_Init_Input                         0x0800056d   Thumb Code    38  dht11.o(i.DHT11_Init_Input)
    DHT11_Init_Output                        0x08000599   Thumb Code    46  dht11.o(i.DHT11_Init_Output)
    DHT11_Read_Byte                          0x080005cd   Thumb Code   106  dht11.o(i.DHT11_Read_Byte)
    DHT11_Show                               0x0800063d   Thumb Code    98  dht11.o(i.DHT11_Show)
    DHT11_Start                              0x080006b9   Thumb Code   108  dht11.o(i.DHT11_Start)
    DMA_Cmd                                  0x08000729   Thumb Code    24  stm32f4xx_dma.o(i.DMA_Cmd)
    DMA_DeInit                               0x08000741   Thumb Code   278  stm32f4xx_dma.o(i.DMA_DeInit)
    DMA_GetCmdStatus                         0x0800086d   Thumb Code    14  stm32f4xx_dma.o(i.DMA_GetCmdStatus)
    DMA_GetCurrDataCounter                   0x0800087b   Thumb Code     6  stm32f4xx_dma.o(i.DMA_GetCurrDataCounter)
    DMA_Init                                 0x08000881   Thumb Code    80  stm32f4xx_dma.o(i.DMA_Init)
    DMA_SetCurrDataCounter                   0x080008d5   Thumb Code     4  stm32f4xx_dma.o(i.DMA_SetCurrDataCounter)
    DebugMon_Handler                         0x080008d9   Thumb Code     2  stm32f4xx_it.o(i.DebugMon_Handler)
    Delay_Init                               0x080008dd   Thumb Code    38  delay.o(i.Delay_Init)
    Delay_ms                                 0x08000909   Thumb Code    52  delay.o(i.Delay_ms)
    Delay_us                                 0x0800093d   Thumb Code    46  delay.o(i.Delay_us)
    Delay_xms                                0x08000971   Thumb Code    46  delay.o(i.Delay_xms)
    ESP8266_Clear                            0x080009a5   Thumb Code    18  esp8266.o(i.ESP8266_Clear)
    ESP8266_GetIPD                           0x080009c1   Thumb Code    54  esp8266.o(i.ESP8266_GetIPD)
    ESP8266_SendCmd                          0x08000a0d   Thumb Code    66  esp8266.o(i.ESP8266_SendCmd)
    ESP8266_SendData                         0x08000a59   Thumb Code    56  esp8266.o(i.ESP8266_SendData)
    ESP8266_TCP_Init                         0x08000aa9   Thumb Code   274  esp8266.o(i.ESP8266_TCP_Init)
    ESP8266_WaitRecive                       0x08000ed5   Thumb Code    30  esp8266.o(i.ESP8266_WaitRecive)
    EXTI2_IRQHandler                         0x08000ef9   Thumb Code    24  num_keyboard.o(i.EXTI2_IRQHandler)
    EXTI3_IRQHandler                         0x08000f11   Thumb Code    24  num_keyboard.o(i.EXTI3_IRQHandler)
    EXTI4_IRQHandler                         0x08000f29   Thumb Code    24  num_keyboard.o(i.EXTI4_IRQHandler)
    EXTI9_5_IRQHandler                       0x08000f41   Thumb Code   132  key.o(i.EXTI9_5_IRQHandler)
    EXTI_ClearITPendingBit                   0x08000fc9   Thumb Code     6  stm32f4xx_exti.o(i.EXTI_ClearITPendingBit)
    EXTI_GetITStatus                         0x08000fd5   Thumb Code    16  stm32f4xx_exti.o(i.EXTI_GetITStatus)
    EXTI_Init                                0x08000fe9   Thumb Code   110  stm32f4xx_exti.o(i.EXTI_Init)
    Flow_Light_Flash_Light                   0x0800105d   Thumb Code   112  led.o(i.Flow_Light_Flash_Light)
    Fuc_TIM14_IRQ_Disable                    0x080010d1   Thumb Code    26  tim.o(i.Fuc_TIM14_IRQ_Disable)
    Fuc_TIM14_IRQ_Enable                     0x080010f1   Thumb Code    26  tim.o(i.Fuc_TIM14_IRQ_Enable)
    GPIO_Init                                0x08001111   Thumb Code   124  stm32f4xx_gpio.o(i.GPIO_Init)
    GPIO_PinAFConfig                         0x0800118d   Thumb Code    32  stm32f4xx_gpio.o(i.GPIO_PinAFConfig)
    GPIO_ReadInputDataBit                    0x080011ad   Thumb Code    14  stm32f4xx_gpio.o(i.GPIO_ReadInputDataBit)
    GPIO_ResetBits                           0x080011bb   Thumb Code     4  stm32f4xx_gpio.o(i.GPIO_ResetBits)
    GPIO_SetBits                             0x080011bf   Thumb Code     4  stm32f4xx_gpio.o(i.GPIO_SetBits)
    GPIO_WriteBit                            0x080011c3   Thumb Code    12  stm32f4xx_gpio.o(i.GPIO_WriteBit)
    HardFault_Handler                        0x080011cf   Thumb Code     2  stm32f4xx_it.o(i.HardFault_Handler)
    Jpeg_Coll_Photo                          0x080011d1   Thumb Code   292  ov2640.o(i.Jpeg_Coll_Photo)
    Jpeg_Test_Pre                            0x08001361   Thumb Code    50  ov2640.o(i.Jpeg_Test_Pre)
    Key_Init                                 0x0800139d   Thumb Code   144  key.o(i.Key_Init)
    Keyboard_Scan                            0x08001445   Thumb Code   236  num_keyboard.o(i.Keyboard_Scan)
    Led_Control                              0x08001559   Thumb Code    70  led.o(i.Led_Control)
    MFRC522_AntennaOn                        0x080015a9   Thumb Code    26  rc522.o(i.MFRC522_AntennaOn)
    MFRC522_Anticoll                         0x080015c3   Thumb Code    66  rc522.o(i.MFRC522_Anticoll)
    MFRC522_ClearBitMask                     0x08001605   Thumb Code    26  rc522.o(i.MFRC522_ClearBitMask)
    MFRC522_Init                             0x0800161f   Thumb Code   102  rc522.o(i.MFRC522_Init)
    MFRC522_ReadRegister                     0x08001685   Thumb Code    14  rc522.o(i.MFRC522_ReadRegister)
    MFRC522_Request                          0x08001693   Thumb Code    46  rc522.o(i.MFRC522_Request)
    MFRC522_Reset                            0x080016c1   Thumb Code     8  rc522.o(i.MFRC522_Reset)
    MFRC522_SetBitMask                       0x080016c9   Thumb Code    26  rc522.o(i.MFRC522_SetBitMask)
    MFRC522_ToCard                           0x080016e3   Thumb Code   272  rc522.o(i.MFRC522_ToCard)
    MFRC522_WriteRegister                    0x080017f3   Thumb Code    10  rc522.o(i.MFRC522_WriteRegister)
    MemManage_Handler                        0x080017fd   Thumb Code     2  stm32f4xx_it.o(i.MemManage_Handler)
    My_DCMI_Init                             0x08001801   Thumb Code   284  dcmi.o(i.My_DCMI_Init)
    NMI_Handler                              0x08001931   Thumb Code     2  stm32f4xx_it.o(i.NMI_Handler)
    NVIC_Init                                0x08001935   Thumb Code    98  misc.o(i.NVIC_Init)
    NVIC_PriorityGroupConfig                 0x0800199d   Thumb Code    10  misc.o(i.NVIC_PriorityGroupConfig)
    Num_Keyboard_Init                        0x080019b1   Thumb Code   208  num_keyboard.o(i.Num_Keyboard_Init)
    OLed_Fill                                0x08001aa5   Thumb Code    54  oled.o(i.OLed_Fill)
    OLed_SetPos                              0x08001adb   Thumb Code    34  oled.o(i.OLed_SetPos)
    OLed_ShowASCII                           0x08001afd   Thumb Code    96  oled.o(i.OLed_ShowASCII)
    OLed_ShowASCII_Len                       0x08001b61   Thumb Code   110  oled.o(i.OLed_ShowASCII_Len)
    OLed_ShowChina                           0x08001bd5   Thumb Code    66  oled.o(i.OLed_ShowChina)
    OV2640_Init                              0x08001c19   Thumb Code   226  ov2640.o(i.OV2640_Init)
    OV2640_JPEG_Mode                         0x08001d41   Thumb Code    58  ov2640.o(i.OV2640_JPEG_Mode)
    OV2640_OutSize_Set                       0x08001d81   Thumb Code    84  ov2640.o(i.OV2640_OutSize_Set)
    Oled_Init                                0x08001dd5   Thumb Code   192  oled.o(i.Oled_Init)
    Oled_Send_One_Byte_Cmd                   0x08001ea9   Thumb Code    76  oled.o(i.Oled_Send_One_Byte_Cmd)
    Oled_Send_One_Byte_DATA                  0x08001ef5   Thumb Code    76  oled.o(i.Oled_Send_One_Byte_DATA)
    PendSV_Handler                           0x08001f41   Thumb Code     2  stm32f4xx_it.o(i.PendSV_Handler)
    RC522_EXIT_Interrupt                     0x08001f45   Thumb Code   108  rc522.o(i.RC522_EXIT_Interrupt)
    RC522_Init                               0x08001fb5   Thumb Code   240  rc522.o(i.RC522_Init)
    RCC_AHB1PeriphClockCmd                   0x080020c5   Thumb Code    22  stm32f4xx_rcc.o(i.RCC_AHB1PeriphClockCmd)
    RCC_AHB2PeriphClockCmd                   0x080020e1   Thumb Code    22  stm32f4xx_rcc.o(i.RCC_AHB2PeriphClockCmd)
    RCC_APB1PeriphClockCmd                   0x080020fd   Thumb Code    22  stm32f4xx_rcc.o(i.RCC_APB1PeriphClockCmd)
    RCC_APB2PeriphClockCmd                   0x08002119   Thumb Code    22  stm32f4xx_rcc.o(i.RCC_APB2PeriphClockCmd)
    RCC_GetClocksFreq                        0x08002135   Thumb Code   148  stm32f4xx_rcc.o(i.RCC_GetClocksFreq)
    SCCB_Init                                0x080021d5   Thumb Code    72  sccb.o(i.SCCB_Init)
    SCCB_No_Ack                              0x08002221   Thumb Code    44  sccb.o(i.SCCB_No_Ack)
    SCCB_RD_Byte                             0x08002251   Thumb Code    94  sccb.o(i.SCCB_RD_Byte)
    SCCB_RD_Reg                              0x080022b9   Thumb Code    76  sccb.o(i.SCCB_RD_Reg)
    SCCB_Start                               0x08002305   Thumb Code    30  sccb.o(i.SCCB_Start)
    SCCB_Stop                                0x08002329   Thumb Code    36  sccb.o(i.SCCB_Stop)
    SCCB_WR_Byte                             0x08002351   Thumb Code   126  sccb.o(i.SCCB_WR_Byte)
    SCCB_WR_Reg                              0x080023d9   Thumb Code    62  sccb.o(i.SCCB_WR_Reg)
    SPI1SendByte                             0x08002417   Thumb Code     4  rc522.o(i.SPI1SendByte)
    SPI1_ReadReg                             0x0800241d   Thumb Code    56  rc522.o(i.SPI1_ReadReg)
    SPI1_WriteReg                            0x08002459   Thumb Code    58  rc522.o(i.SPI1_WriteReg)
    SPI_Cmd                                  0x08002499   Thumb Code    24  stm32f4xx_spi.o(i.SPI_Cmd)
    SPI_I2S_GetFlagStatus                    0x080024b1   Thumb Code    14  stm32f4xx_spi.o(i.SPI_I2S_GetFlagStatus)
    SPI_I2S_ReceiveData                      0x080024bf   Thumb Code     4  stm32f4xx_spi.o(i.SPI_I2S_ReceiveData)
    SPI_I2S_SendData                         0x080024c3   Thumb Code     4  stm32f4xx_spi.o(i.SPI_I2S_SendData)
    SPI_Init                                 0x080024c7   Thumb Code    56  stm32f4xx_spi.o(i.SPI_Init)
    SVC_Handler                              0x080024ff   Thumb Code     2  stm32f4xx_it.o(i.SVC_Handler)
    SYSCFG_EXTILineConfig                    0x08002501   Thumb Code    38  stm32f4xx_syscfg.o(i.SYSCFG_EXTILineConfig)
    SetRow_GPIO                              0x0800252d   Thumb Code    40  num_keyboard.o(i.SetRow_GPIO)
    Show_UI                                  0x08002615   Thumb Code   204  oled.o(i.Show_UI)
    Software_IIC_Init                        0x080026ed   Thumb Code    68  iic.o(i.Software_IIC_Init)
    Software_IIC_Read_ACK                    0x08002749   Thumb Code    64  iic.o(i.Software_IIC_Read_ACK)
    Software_IIC_Send_One_Byte_Data          0x0800278d   Thumb Code    96  iic.o(i.Software_IIC_Send_One_Byte_Data)
    Software_IIC_Start                       0x080027f1   Thumb Code    52  iic.o(i.Software_IIC_Start)
    Software_IIC_Stop                        0x08002829   Thumb Code    58  iic.o(i.Software_IIC_Stop)
    SysTick_CLKSourceConfig                  0x08002869   Thumb Code    28  misc.o(i.SysTick_CLKSourceConfig)
    SysTick_Handler                          0x08002885   Thumb Code     2  stm32f4xx_it.o(i.SysTick_Handler)
    SystemInit                               0x08002889   Thumb Code    74  system_stm32f4xx.o(i.SystemInit)
    TIM8_BRK_TIM12_IRQHandler                0x080028e5   Thumb Code    36  tim.o(i.TIM8_BRK_TIM12_IRQHandler)
    TIM8_TRG_COM_TIM14_IRQHandler            0x0800290d   Thumb Code   136  tim.o(i.TIM8_TRG_COM_TIM14_IRQHandler)
    TIM8_UP_TIM13_IRQHandler                 0x080029c5   Thumb Code    56  tim.o(i.TIM8_UP_TIM13_IRQHandler)
    TIM_ClearITPendingBit                    0x08002a09   Thumb Code     6  stm32f4xx_tim.o(i.TIM_ClearITPendingBit)
    TIM_Cmd                                  0x08002a0f   Thumb Code    24  stm32f4xx_tim.o(i.TIM_Cmd)
    TIM_GetITStatus                          0x08002a27   Thumb Code    24  stm32f4xx_tim.o(i.TIM_GetITStatus)
    TIM_ITConfig                             0x08002a3f   Thumb Code    20  stm32f4xx_tim.o(i.TIM_ITConfig)
    TIM_SetCompare1                          0x08002a53   Thumb Code     4  stm32f4xx_tim.o(i.TIM_SetCompare1)
    TIM_TimeBaseInit                         0x08002a59   Thumb Code    96  stm32f4xx_tim.o(i.TIM_TimeBaseInit)
    Tim14_Init                               0x08002ad5   Thumb Code    92  tim.o(i.Tim14_Init)
    UART5_IRQHandler                         0x08002b49   Thumb Code    54  usart.o(i.UART5_IRQHandler)
    USART1_IRQHandler                        0x08002b8d   Thumb Code   100  usart.o(i.USART1_IRQHandler)
    USART_ClearFlag                          0x08002bf5   Thumb Code     8  stm32f4xx_usart.o(i.USART_ClearFlag)
    USART_ClearITPendingBit                  0x08002bfd   Thumb Code    16  stm32f4xx_usart.o(i.USART_ClearITPendingBit)
    USART_Cmd                                0x08002c0d   Thumb Code    24  stm32f4xx_usart.o(i.USART_Cmd)
    USART_GetFlagStatus                      0x08002c25   Thumb Code    14  stm32f4xx_usart.o(i.USART_GetFlagStatus)
    USART_GetITStatus                        0x08002c33   Thumb Code    64  stm32f4xx_usart.o(i.USART_GetITStatus)
    USART_ITConfig                           0x08002c73   Thumb Code    54  stm32f4xx_usart.o(i.USART_ITConfig)
    USART_Init                               0x08002ca9   Thumb Code   180  stm32f4xx_usart.o(i.USART_Init)
    USART_ReceiveData                        0x08002d65   Thumb Code     8  stm32f4xx_usart.o(i.USART_ReceiveData)
    USART_SendData                           0x08002d6d   Thumb Code     8  stm32f4xx_usart.o(i.USART_SendData)
    USART_SendDatas                          0x08002d75   Thumb Code    44  usart.o(i.USART_SendDatas)
    Uart5_Init                               0x08002da1   Thumb Code   176  usart.o(i.Uart5_Init)
    Update_Data_Access                       0x08002e71   Thumb Code    52  oled.o(i.Update_Data_Access)
    Update_Data_Environment                  0x08002ea9   Thumb Code    26  oled.o(i.Update_Data_Environment)
    Update_Passwd                            0x08002ecd   Thumb Code    68  oled.o(i.Update_Passwd)
    UsageFault_Handler                       0x08002f19   Thumb Code     2  stm32f4xx_it.o(i.UsageFault_Handler)
    Usart1_Init                              0x08002f1d   Thumb Code   176  usart.o(i.Usart1_Init)
    __0printf$8                              0x08002fed   Thumb Code    22  printf8.o(i.__0printf$8)
    __1printf$8                              0x08002fed   Thumb Code     0  printf8.o(i.__0printf$8)
    __2printf                                0x08002fed   Thumb Code     0  printf8.o(i.__0printf$8)
    __0snprintf$8                            0x0800300d   Thumb Code    48  printf8.o(i.__0snprintf$8)
    __1snprintf$8                            0x0800300d   Thumb Code     0  printf8.o(i.__0snprintf$8)
    __2snprintf                              0x0800300d   Thumb Code     0  printf8.o(i.__0snprintf$8)
    __0sprintf$8                             0x08003041   Thumb Code    34  printf8.o(i.__0sprintf$8)
    __1sprintf$8                             0x08003041   Thumb Code     0  printf8.o(i.__0sprintf$8)
    __2sprintf                               0x08003041   Thumb Code     0  printf8.o(i.__0sprintf$8)
    __scatterload_copy                       0x08003069   Thumb Code    14  handlers.o(i.__scatterload_copy)
    __scatterload_null                       0x08003077   Thumb Code     2  handlers.o(i.__scatterload_null)
    __scatterload_zeroinit                   0x08003079   Thumb Code    14  handlers.o(i.__scatterload_zeroinit)
    format_passwd                            0x08003501   Thumb Code   156  num_keyboard.o(i.format_passwd)
    fputc                                    0x080035ad   Thumb Code    28  usart.o(i.fputc)
    free                                     0x080035cd   Thumb Code    76  malloc.o(i.free)
    jpeg_data_process                        0x0800361d   Thumb Code    82  ov2640.o(i.jpeg_data_process)
    main                                     0x08003679   Thumb Code   158  main.o(i.main)
    malloc                                   0x08003735   Thumb Code    92  malloc.o(i.malloc)
    spi_master_send_recv_byte                0x080037a1   Thumb Code    48  rc522.o(i.spi_master_send_recv_byte)
    F8X16                                    0x080037d4   Data        1520  oled.o(.constdata)
    ov2640_sxga_init_reg_tbl                 0x08003dc4   Data         356  ov2640.o(.constdata)
    ov2640_jpeg_reg_tbl                      0x08003f28   Data          14  ov2640.o(.constdata)
    ov2640_rgb565_reg_tbl                    0x08003f36   Data          28  ov2640.o(.constdata)
    ov2640_yuv422_reg_tbl                    0x08003f52   Data          16  ov2640.o(.constdata)
    jpeg_img_size_tbl                        0x08003f62   Data          36  ov2640.o(.constdata)
    Region$$Table$$Base                      0x08004008   Number         0  anon$$obj.o(Region$$Table)
    Region$$Table$$Limit                     0x08004028   Number         0  anon$$obj.o(Region$$Table)
    Threshold                                0x20000014   Data           4  pwm.o(.data)
    Esp_Flag                                 0x20000018   Data           4  usart.o(.data)
    TEMP_DATA                                0x2000001c   Data           5  dht11.o(.data)
    HUME_DATA                                0x20000021   Data           5  dht11.o(.data)
    Esp8266_Cnt                              0x20000026   Data           2  esp8266.o(.data)
    Esp8266_CntPre                           0x20000028   Data           2  esp8266.o(.data)
    SERVE_PORT                               0x2000002a   Data           5  esp8266.o(.data)
    WIFI_NAME                                0x2000002f   Data           6  esp8266.o(.data)
    WIFI_PASSWD                              0x20000035   Data           9  esp8266.o(.data)
    SERVE_IP                                 0x2000003e   Data          14  esp8266.o(.data)
    LED_STATE                                0x2000004c   Data           1  oled.o(.data)
    Temp_State                               0x2000004d   Data           1  oled.o(.data)
    Hume_State                               0x2000004e   Data           1  oled.o(.data)
    HZ111                                    0x2000004f   Data          32  oled.o(.data)
    HZ211                                    0x2000006f   Data          32  oled.o(.data)
    HZ31                                     0x2000008f   Data          32  oled.o(.data)
    HZ10                                     0x200000af   Data          32  oled.o(.data)
    HZ11                                     0x200000cf   Data          32  oled.o(.data)
    HZ18                                     0x200000ef   Data          32  oled.o(.data)
    HZ19                                     0x2000010f   Data          32  oled.o(.data)
    HZ20                                     0x2000012f   Data          32  oled.o(.data)
    HZ21                                     0x2000014f   Data          32  oled.o(.data)
    HZ311                                    0x2000016f   Data          32  oled.o(.data)
    HZ32                                     0x2000018f   Data          32  oled.o(.data)
    HZ33                                     0x200001af   Data          32  oled.o(.data)
    HZ34                                     0x200001cf   Data          32  oled.o(.data)
    HZ35                                     0x200001ef   Data          32  oled.o(.data)
    HZ36                                     0x2000020f   Data          32  oled.o(.data)
    HZ37                                     0x2000022f   Data          32  oled.o(.data)
    HZ38                                     0x2000024f   Data          32  oled.o(.data)
    HZ39                                     0x2000026f   Data          32  oled.o(.data)
    HZ40                                     0x2000028f   Data          32  oled.o(.data)
    ov_frame                                 0x200002af   Data           1  dcmi.o(.data)
    jpeg_data_ok                             0x200002b0   Data           1  ov2640.o(.data)
    jpeg_data_len                            0x200002b4   Data           4  ov2640.o(.data)
    Passwd_Length                            0x200002bc   Data           1  num_keyboard.o(.data)
    KeyBoard_Num                             0x200002c0   Data           4  num_keyboard.o(.data)
    Passwd_Str                               0x200002c4   Data           6  num_keyboard.o(.data)
    __stdout                                 0x200002cc   Data           4  stdout.o(.data)
    __microlib_freelist                      0x200002d0   Data           4  mvars.o(.data)
    __microlib_freelist_initialised          0x200002d4   Data           4  mvars.o(.data)
    ESP8266_WIFI_INFO                        0x200002d8   Data         100  esp8266.o(.bss)
    ESP8266_ONENET_INFO                      0x2000033c   Data         100  esp8266.o(.bss)
    Esp8266_Buf                              0x200003a0   Data         128  esp8266.o(.bss)
    RawCardID                                0x20000420   Data          16  rc522.o(.bss)
    DCMI_InitStructure                       0x20000430   Data          14  dcmi.o(.bss)
    jpeg_buf                                 0x20000440   Data       126976  ov2640.o(.bss)
    Passwd                                   0x2001f440   Data          24  num_keyboard.o(.bss)
    __heap_base                              0x2001f458   Data           0  startup_stm32f40xx.o(HEAP)
    __heap_limit                             0x2001f658   Data           0  startup_stm32f40xx.o(HEAP)
    __initial_sp                             0x2001fa58   Data           0  startup_stm32f40xx.o(STACK)



==============================================================================

Memory Map of the image

  Image Entry point : 0x08000189

  Load Region LR_IROM1 (Base: 0x08000000, Size: 0x00004300, Max: 0x00100000, ABSOLUTE, COMPRESSED[0x0000423c])

    Execution Region ER_IROM1 (Exec base: 0x08000000, Load base: 0x08000000, Size: 0x00004028, Max: 0x00100000, ABSOLUTE)

    Exec Addr    Load Addr    Size         Type   Attr      Idx    E Section Name        Object

    0x08000000   0x08000000   0x00000188   Data   RO            3    RESET               startup_stm32f40xx.o
    0x08000188   0x08000188   0x00000000   Code   RO         6593  * .ARM.Collect$$$$00000000  mc_w.l(entry.o)
    0x08000188   0x08000188   0x00000004   Code   RO         6899    .ARM.Collect$$$$00000001  mc_w.l(entry2.o)
    0x0800018c   0x0800018c   0x00000004   Code   RO         6902    .ARM.Collect$$$$00000004  mc_w.l(entry5.o)
    0x08000190   0x08000190   0x00000000   Code   RO         6904    .ARM.Collect$$$$00000008  mc_w.l(entry7b.o)
    0x08000190   0x08000190   0x00000000   Code   RO         6906    .ARM.Collect$$$$0000000A  mc_w.l(entry8b.o)
    0x08000190   0x08000190   0x00000008   Code   RO         6907    .ARM.Collect$$$$0000000B  mc_w.l(entry9a.o)
    0x08000198   0x08000198   0x00000004   Code   RO         6914    .ARM.Collect$$$$0000000E  mc_w.l(entry12b.o)
    0x0800019c   0x0800019c   0x00000000   Code   RO         6909    .ARM.Collect$$$$0000000F  mc_w.l(entry10a.o)
    0x0800019c   0x0800019c   0x00000000   Code   RO         6911    .ARM.Collect$$$$00000011  mc_w.l(entry11a.o)
    0x0800019c   0x0800019c   0x00000004   Code   RO         6900    .ARM.Collect$$$$00002712  mc_w.l(entry2.o)
    0x080001a0   0x080001a0   0x00000024   Code   RO            4    .text               startup_stm32f40xx.o
    0x080001c4   0x080001c4   0x00000024   Code   RO         6598    .text               mc_w.l(memseta.o)
    0x080001e8   0x080001e8   0x00000024   Code   RO         6600    .text               mc_w.l(strstr.o)
    0x0800020c   0x0800020c   0x00000014   Code   RO         6602    .text               mc_w.l(strchr.o)
    0x08000220   0x08000220   0x0000000e   Code   RO         6604    .text               mc_w.l(strlen.o)
    0x0800022e   0x0800022e   0x00000012   Code   RO         6606    .text               mc_w.l(strcpy.o)
    0x08000240   0x08000240   0x00000062   Code   RO         6918    .text               mc_w.l(uldiv.o)
    0x080002a2   0x080002a2   0x00000002   PAD
    0x080002a4   0x080002a4   0x00000024   Code   RO         6933    .text               mc_w.l(init.o)
    0x080002c8   0x080002c8   0x0000001e   Code   RO         6935    .text               mc_w.l(llshl.o)
    0x080002e6   0x080002e6   0x00000020   Code   RO         6937    .text               mc_w.l(llushr.o)
    0x08000306   0x08000306   0x00000056   Code   RO         6951    .text               mc_w.l(__dczerorl2.o)
    0x0800035c   0x0800035c   0x00000028   Code   RO         5123    i.Beep_Control      beep.o
    0x08000384   0x08000384   0x00000058   Code   RO         5124    i.Beep_Init         beep.o
    0x080003dc   0x080003dc   0x00000002   Code   RO         6480    i.BusFault_Handler  stm32f4xx_it.o
    0x080003de   0x080003de   0x00000002   PAD
    0x080003e0   0x080003e0   0x00000020   Code   RO         1064    i.DCMI_CaptureCmd   stm32f4xx_dcmi.o
    0x08000400   0x08000400   0x0000000c   Code   RO         1066    i.DCMI_ClearITPendingBit  stm32f4xx_dcmi.o
    0x0800040c   0x0800040c   0x00000020   Code   RO         1067    i.DCMI_Cmd          stm32f4xx_dcmi.o
    0x0800042c   0x0800042c   0x00000074   Code   RO         6013    i.DCMI_DMA_Init     dcmi.o
    0x080004a0   0x080004a0   0x0000001c   Code   RO         1068    i.DCMI_DeInit       stm32f4xx_dcmi.o
    0x080004bc   0x080004bc   0x00000018   Code   RO         1070    i.DCMI_GetITStatus  stm32f4xx_dcmi.o
    0x080004d4   0x080004d4   0x00000024   Code   RO         6014    i.DCMI_IRQHandler   dcmi.o
    0x080004f8   0x080004f8   0x00000020   Code   RO         1071    i.DCMI_ITConfig     stm32f4xx_dcmi.o
    0x08000518   0x08000518   0x0000003c   Code   RO         1072    i.DCMI_Init         stm32f4xx_dcmi.o
    0x08000554   0x08000554   0x00000018   Code   RO         6016    i.DCMI_Start        dcmi.o
    0x0800056c   0x0800056c   0x0000002c   Code   RO         5501    i.DHT11_Init_Input  dht11.o
    0x08000598   0x08000598   0x00000034   Code   RO         5502    i.DHT11_Init_Output  dht11.o
    0x080005cc   0x080005cc   0x00000070   Code   RO         5503    i.DHT11_Read_Byte   dht11.o
    0x0800063c   0x0800063c   0x0000007c   Code   RO         5504    i.DHT11_Show        dht11.o
    0x080006b8   0x080006b8   0x00000070   Code   RO         5505    i.DHT11_Start       dht11.o
    0x08000728   0x08000728   0x00000018   Code   RO         1193    i.DMA_Cmd           stm32f4xx_dma.o
    0x08000740   0x08000740   0x0000012c   Code   RO         1194    i.DMA_DeInit        stm32f4xx_dma.o
    0x0800086c   0x0800086c   0x0000000e   Code   RO         1198    i.DMA_GetCmdStatus  stm32f4xx_dma.o
    0x0800087a   0x0800087a   0x00000006   Code   RO         1199    i.DMA_GetCurrDataCounter  stm32f4xx_dma.o
    0x08000880   0x08000880   0x00000054   Code   RO         1205    i.DMA_Init          stm32f4xx_dma.o
    0x080008d4   0x080008d4   0x00000004   Code   RO         1208    i.DMA_SetCurrDataCounter  stm32f4xx_dma.o
    0x080008d8   0x080008d8   0x00000002   Code   RO         6481    i.DebugMon_Handler  stm32f4xx_it.o
    0x080008da   0x080008da   0x00000002   PAD
    0x080008dc   0x080008dc   0x0000002c   Code   RO         5160    i.Delay_Init        delay.o
    0x08000908   0x08000908   0x00000034   Code   RO         5161    i.Delay_ms          delay.o
    0x0800093c   0x0800093c   0x00000034   Code   RO         5162    i.Delay_us          delay.o
    0x08000970   0x08000970   0x00000034   Code   RO         5163    i.Delay_xms         delay.o
    0x080009a4   0x080009a4   0x0000001c   Code   RO         5561    i.ESP8266_Clear     esp8266.o
    0x080009c0   0x080009c0   0x0000004c   Code   RO         5562    i.ESP8266_GetIPD    esp8266.o
    0x08000a0c   0x08000a0c   0x0000004c   Code   RO         5563    i.ESP8266_SendCmd   esp8266.o
    0x08000a58   0x08000a58   0x00000050   Code   RO         5564    i.ESP8266_SendData  esp8266.o
    0x08000aa8   0x08000aa8   0x0000042c   Code   RO         5566    i.ESP8266_TCP_Init  esp8266.o
    0x08000ed4   0x08000ed4   0x00000024   Code   RO         5568    i.ESP8266_WaitRecive  esp8266.o
    0x08000ef8   0x08000ef8   0x00000018   Code   RO         6335    i.EXTI2_IRQHandler  num_keyboard.o
    0x08000f10   0x08000f10   0x00000018   Code   RO         6336    i.EXTI3_IRQHandler  num_keyboard.o
    0x08000f28   0x08000f28   0x00000018   Code   RO         6337    i.EXTI4_IRQHandler  num_keyboard.o
    0x08000f40   0x08000f40   0x00000088   Code   RO         5207    i.EXTI9_5_IRQHandler  key.o
    0x08000fc8   0x08000fc8   0x0000000c   Code   RO         1480    i.EXTI_ClearITPendingBit  stm32f4xx_exti.o
    0x08000fd4   0x08000fd4   0x00000014   Code   RO         1484    i.EXTI_GetITStatus  stm32f4xx_exti.o
    0x08000fe8   0x08000fe8   0x00000074   Code   RO         1485    i.EXTI_Init         stm32f4xx_exti.o
    0x0800105c   0x0800105c   0x00000074   Code   RO         5264    i.Flow_Light_Flash_Light  led.o
    0x080010d0   0x080010d0   0x00000020   Code   RO         5338    i.Fuc_TIM14_IRQ_Disable  tim.o
    0x080010f0   0x080010f0   0x00000020   Code   RO         5339    i.Fuc_TIM14_IRQ_Enable  tim.o
    0x08001110   0x08001110   0x0000007c   Code   RO         1993    i.GPIO_Init         stm32f4xx_gpio.o
    0x0800118c   0x0800118c   0x00000020   Code   RO         1994    i.GPIO_PinAFConfig  stm32f4xx_gpio.o
    0x080011ac   0x080011ac   0x0000000e   Code   RO         1997    i.GPIO_ReadInputDataBit  stm32f4xx_gpio.o
    0x080011ba   0x080011ba   0x00000004   Code   RO         2000    i.GPIO_ResetBits    stm32f4xx_gpio.o
    0x080011be   0x080011be   0x00000004   Code   RO         2001    i.GPIO_SetBits      stm32f4xx_gpio.o
    0x080011c2   0x080011c2   0x0000000c   Code   RO         2005    i.GPIO_WriteBit     stm32f4xx_gpio.o
    0x080011ce   0x080011ce   0x00000002   Code   RO         6482    i.HardFault_Handler  stm32f4xx_it.o
    0x080011d0   0x080011d0   0x00000190   Code   RO         6089    i.Jpeg_Coll_Photo   ov2640.o
    0x08001360   0x08001360   0x0000003c   Code   RO         6091    i.Jpeg_Test_Pre     ov2640.o
    0x0800139c   0x0800139c   0x000000a8   Code   RO         5208    i.Key_Init          key.o
    0x08001444   0x08001444   0x00000114   Code   RO         6338    i.Keyboard_Scan     num_keyboard.o
    0x08001558   0x08001558   0x00000050   Code   RO         5265    i.Led_Control       led.o
    0x080015a8   0x080015a8   0x0000001a   Code   RO         5835    i.MFRC522_AntennaOn  rc522.o
    0x080015c2   0x080015c2   0x00000042   Code   RO         5836    i.MFRC522_Anticoll  rc522.o
    0x08001604   0x08001604   0x0000001a   Code   RO         5840    i.MFRC522_ClearBitMask  rc522.o
    0x0800161e   0x0800161e   0x00000066   Code   RO         5843    i.MFRC522_Init      rc522.o
    0x08001684   0x08001684   0x0000000e   Code   RO         5845    i.MFRC522_ReadRegister  rc522.o
    0x08001692   0x08001692   0x0000002e   Code   RO         5846    i.MFRC522_Request   rc522.o
    0x080016c0   0x080016c0   0x00000008   Code   RO         5847    i.MFRC522_Reset     rc522.o
    0x080016c8   0x080016c8   0x0000001a   Code   RO         5849    i.MFRC522_SetBitMask  rc522.o
    0x080016e2   0x080016e2   0x00000110   Code   RO         5850    i.MFRC522_ToCard    rc522.o
    0x080017f2   0x080017f2   0x0000000a   Code   RO         5852    i.MFRC522_WriteRegister  rc522.o
    0x080017fc   0x080017fc   0x00000002   Code   RO         6483    i.MemManage_Handler  stm32f4xx_it.o
    0x080017fe   0x080017fe   0x00000002   PAD
    0x08001800   0x08001800   0x00000130   Code   RO         6018    i.My_DCMI_Init      dcmi.o
    0x08001930   0x08001930   0x00000002   Code   RO         6484    i.NMI_Handler       stm32f4xx_it.o
    0x08001932   0x08001932   0x00000002   PAD
    0x08001934   0x08001934   0x00000068   Code   RO           13    i.NVIC_Init         misc.o
    0x0800199c   0x0800199c   0x00000014   Code   RO           14    i.NVIC_PriorityGroupConfig  misc.o
    0x080019b0   0x080019b0   0x000000f4   Code   RO         6339    i.Num_Keyboard_Init  num_keyboard.o
    0x08001aa4   0x08001aa4   0x00000036   Code   RO         5707    i.OLed_Fill         oled.o
    0x08001ada   0x08001ada   0x00000022   Code   RO         5708    i.OLed_SetPos       oled.o
    0x08001afc   0x08001afc   0x00000064   Code   RO         5709    i.OLed_ShowASCII    oled.o
    0x08001b60   0x08001b60   0x00000074   Code   RO         5710    i.OLed_ShowASCII_Len  oled.o
    0x08001bd4   0x08001bd4   0x00000042   Code   RO         5711    i.OLed_ShowChina    oled.o
    0x08001c16   0x08001c16   0x00000002   PAD
    0x08001c18   0x08001c18   0x00000128   Code   RO         6099    i.OV2640_Init       ov2640.o
    0x08001d40   0x08001d40   0x00000040   Code   RO         6100    i.OV2640_JPEG_Mode  ov2640.o
    0x08001d80   0x08001d80   0x00000054   Code   RO         6102    i.OV2640_OutSize_Set  ov2640.o
    0x08001dd4   0x08001dd4   0x000000d4   Code   RO         5713    i.Oled_Init         oled.o
    0x08001ea8   0x08001ea8   0x0000004c   Code   RO         5714    i.Oled_Send_One_Byte_Cmd  oled.o
    0x08001ef4   0x08001ef4   0x0000004c   Code   RO         5715    i.Oled_Send_One_Byte_DATA  oled.o
    0x08001f40   0x08001f40   0x00000002   Code   RO         6485    i.PendSV_Handler    stm32f4xx_it.o
    0x08001f42   0x08001f42   0x00000002   PAD
    0x08001f44   0x08001f44   0x00000070   Code   RO         5853    i.RC522_EXIT_Interrupt  rc522.o
    0x08001fb4   0x08001fb4   0x00000110   Code   RO         5854    i.RC522_Init        rc522.o
    0x080020c4   0x080020c4   0x0000001c   Code   RO         2919    i.RCC_AHB1PeriphClockCmd  stm32f4xx_rcc.o
    0x080020e0   0x080020e0   0x0000001c   Code   RO         2922    i.RCC_AHB2PeriphClockCmd  stm32f4xx_rcc.o
    0x080020fc   0x080020fc   0x0000001c   Code   RO         2928    i.RCC_APB1PeriphClockCmd  stm32f4xx_rcc.o
    0x08002118   0x08002118   0x0000001c   Code   RO         2931    i.RCC_APB2PeriphClockCmd  stm32f4xx_rcc.o
    0x08002134   0x08002134   0x000000a0   Code   RO         2940    i.RCC_GetClocksFreq  stm32f4xx_rcc.o
    0x080021d4   0x080021d4   0x0000004c   Code   RO         6251    i.SCCB_Init         sccb.o
    0x08002220   0x08002220   0x00000030   Code   RO         6252    i.SCCB_No_Ack       sccb.o
    0x08002250   0x08002250   0x00000068   Code   RO         6253    i.SCCB_RD_Byte      sccb.o
    0x080022b8   0x080022b8   0x0000004c   Code   RO         6254    i.SCCB_RD_Reg       sccb.o
    0x08002304   0x08002304   0x00000024   Code   RO         6255    i.SCCB_Start        sccb.o
    0x08002328   0x08002328   0x00000028   Code   RO         6256    i.SCCB_Stop         sccb.o
    0x08002350   0x08002350   0x00000088   Code   RO         6257    i.SCCB_WR_Byte      sccb.o
    0x080023d8   0x080023d8   0x0000003e   Code   RO         6258    i.SCCB_WR_Reg       sccb.o
    0x08002416   0x08002416   0x00000004   Code   RO         5855    i.SPI1SendByte      rc522.o
    0x0800241a   0x0800241a   0x00000002   PAD
    0x0800241c   0x0800241c   0x0000003c   Code   RO         5856    i.SPI1_ReadReg      rc522.o
    0x08002458   0x08002458   0x00000040   Code   RO         5857    i.SPI1_WriteReg     rc522.o
    0x08002498   0x08002498   0x00000018   Code   RO         4077    i.SPI_Cmd           stm32f4xx_spi.o
    0x080024b0   0x080024b0   0x0000000e   Code   RO         4085    i.SPI_I2S_GetFlagStatus  stm32f4xx_spi.o
    0x080024be   0x080024be   0x00000004   Code   RO         4088    i.SPI_I2S_ReceiveData  stm32f4xx_spi.o
    0x080024c2   0x080024c2   0x00000004   Code   RO         4089    i.SPI_I2S_SendData  stm32f4xx_spi.o
    0x080024c6   0x080024c6   0x00000038   Code   RO         4090    i.SPI_Init          stm32f4xx_spi.o
    0x080024fe   0x080024fe   0x00000002   Code   RO         6486    i.SVC_Handler       stm32f4xx_it.o
    0x08002500   0x08002500   0x0000002c   Code   RO         4242    i.SYSCFG_EXTILineConfig  stm32f4xx_syscfg.o
    0x0800252c   0x0800252c   0x00000030   Code   RO         6340    i.SetRow_GPIO       num_keyboard.o
    0x0800255c   0x0800255c   0x000000b8   Code   RO         6555    i.SetSysClock       system_stm32f4xx.o
    0x08002614   0x08002614   0x000000d8   Code   RO         5716    i.Show_UI           oled.o
    0x080026ec   0x080026ec   0x0000005c   Code   RO         5639    i.Software_IIC_Init  iic.o
    0x08002748   0x08002748   0x00000044   Code   RO         5640    i.Software_IIC_Read_ACK  iic.o
    0x0800278c   0x0800278c   0x00000064   Code   RO         5643    i.Software_IIC_Send_One_Byte_Data  iic.o
    0x080027f0   0x080027f0   0x00000038   Code   RO         5644    i.Software_IIC_Start  iic.o
    0x08002828   0x08002828   0x00000040   Code   RO         5645    i.Software_IIC_Stop  iic.o
    0x08002868   0x08002868   0x0000001c   Code   RO           17    i.SysTick_CLKSourceConfig  misc.o
    0x08002884   0x08002884   0x00000002   Code   RO         6487    i.SysTick_Handler   stm32f4xx_it.o
    0x08002886   0x08002886   0x00000002   PAD
    0x08002888   0x08002888   0x0000005c   Code   RO         6557    i.SystemInit        system_stm32f4xx.o
    0x080028e4   0x080028e4   0x00000028   Code   RO         5340    i.TIM8_BRK_TIM12_IRQHandler  tim.o
    0x0800290c   0x0800290c   0x000000b8   Code   RO         5341    i.TIM8_TRG_COM_TIM14_IRQHandler  tim.o
    0x080029c4   0x080029c4   0x00000044   Code   RO         5342    i.TIM8_UP_TIM13_IRQHandler  tim.o
    0x08002a08   0x08002a08   0x00000006   Code   RO         4310    i.TIM_ClearITPendingBit  stm32f4xx_tim.o
    0x08002a0e   0x08002a0e   0x00000018   Code   RO         4315    i.TIM_Cmd           stm32f4xx_tim.o
    0x08002a26   0x08002a26   0x00000018   Code   RO         4336    i.TIM_GetITStatus   stm32f4xx_tim.o
    0x08002a3e   0x08002a3e   0x00000014   Code   RO         4340    i.TIM_ITConfig      stm32f4xx_tim.o
    0x08002a52   0x08002a52   0x00000004   Code   RO         4377    i.TIM_SetCompare1   stm32f4xx_tim.o
    0x08002a56   0x08002a56   0x00000002   PAD
    0x08002a58   0x08002a58   0x0000007c   Code   RO         4387    i.TIM_TimeBaseInit  stm32f4xx_tim.o
    0x08002ad4   0x08002ad4   0x00000074   Code   RO         5345    i.Tim14_Init        tim.o
    0x08002b48   0x08002b48   0x00000044   Code   RO         5430    i.UART5_IRQHandler  usart.o
    0x08002b8c   0x08002b8c   0x00000068   Code   RO         5431    i.USART1_IRQHandler  usart.o
    0x08002bf4   0x08002bf4   0x00000008   Code   RO         4865    i.USART_ClearFlag   stm32f4xx_usart.o
    0x08002bfc   0x08002bfc   0x00000010   Code   RO         4866    i.USART_ClearITPendingBit  stm32f4xx_usart.o
    0x08002c0c   0x08002c0c   0x00000018   Code   RO         4869    i.USART_Cmd         stm32f4xx_usart.o
    0x08002c24   0x08002c24   0x0000000e   Code   RO         4872    i.USART_GetFlagStatus  stm32f4xx_usart.o
    0x08002c32   0x08002c32   0x00000040   Code   RO         4873    i.USART_GetITStatus  stm32f4xx_usart.o
    0x08002c72   0x08002c72   0x00000036   Code   RO         4875    i.USART_ITConfig    stm32f4xx_usart.o
    0x08002ca8   0x08002ca8   0x000000bc   Code   RO         4876    i.USART_Init        stm32f4xx_usart.o
    0x08002d64   0x08002d64   0x00000008   Code   RO         4883    i.USART_ReceiveData  stm32f4xx_usart.o
    0x08002d6c   0x08002d6c   0x00000008   Code   RO         4886    i.USART_SendData    stm32f4xx_usart.o
    0x08002d74   0x08002d74   0x0000002c   Code   RO         5432    i.USART_SendDatas   usart.o
    0x08002da0   0x08002da0   0x000000d0   Code   RO         5433    i.Uart5_Init        usart.o
    0x08002e70   0x08002e70   0x00000038   Code   RO         5718    i.Update_Data_Access  oled.o
    0x08002ea8   0x08002ea8   0x00000024   Code   RO         5719    i.Update_Data_Environment  oled.o
    0x08002ecc   0x08002ecc   0x0000004c   Code   RO         5721    i.Update_Passwd     oled.o
    0x08002f18   0x08002f18   0x00000002   Code   RO         6488    i.UsageFault_Handler  stm32f4xx_it.o
    0x08002f1a   0x08002f1a   0x00000002   PAD
    0x08002f1c   0x08002f1c   0x000000d0   Code   RO         5434    i.Usart1_Init       usart.o
    0x08002fec   0x08002fec   0x00000020   Code   RO         6817    i.__0printf$8       mc_w.l(printf8.o)
    0x0800300c   0x0800300c   0x00000034   Code   RO         6818    i.__0snprintf$8     mc_w.l(printf8.o)
    0x08003040   0x08003040   0x00000028   Code   RO         6819    i.__0sprintf$8      mc_w.l(printf8.o)
    0x08003068   0x08003068   0x0000000e   Code   RO         6945    i.__scatterload_copy  mc_w.l(handlers.o)
    0x08003076   0x08003076   0x00000002   Code   RO         6946    i.__scatterload_null  mc_w.l(handlers.o)
    0x08003078   0x08003078   0x0000000e   Code   RO         6947    i.__scatterload_zeroinit  mc_w.l(handlers.o)
    0x08003086   0x08003086   0x00000002   PAD
    0x08003088   0x08003088   0x00000404   Code   RO         6824    i._printf_core      mc_w.l(printf8.o)
    0x0800348c   0x0800348c   0x00000024   Code   RO         6825    i._printf_post_padding  mc_w.l(printf8.o)
    0x080034b0   0x080034b0   0x0000002e   Code   RO         6826    i._printf_pre_padding  mc_w.l(printf8.o)
    0x080034de   0x080034de   0x00000016   Code   RO         6827    i._snputc           mc_w.l(printf8.o)
    0x080034f4   0x080034f4   0x0000000a   Code   RO         6828    i._sputc            mc_w.l(printf8.o)
    0x080034fe   0x080034fe   0x00000002   PAD
    0x08003500   0x08003500   0x000000ac   Code   RO         6341    i.format_passwd     num_keyboard.o
    0x080035ac   0x080035ac   0x00000020   Code   RO         5435    i.fputc             usart.o
    0x080035cc   0x080035cc   0x00000050   Code   RO         6871    i.free              mc_w.l(malloc.o)
    0x0800361c   0x0800361c   0x0000005c   Code   RO         6106    i.jpeg_data_process  ov2640.o
    0x08003678   0x08003678   0x000000bc   Code   RO         6411    i.main              main.o
    0x08003734   0x08003734   0x0000006c   Code   RO         6872    i.malloc            mc_w.l(malloc.o)
    0x080037a0   0x080037a0   0x00000034   Code   RO         5858    i.spi_master_send_recv_byte  rc522.o
    0x080037d4   0x080037d4   0x000005f0   Data   RO         5722    .constdata          oled.o
    0x08003dc4   0x08003dc4   0x000001ea   Data   RO         6110    .constdata          ov2640.o
    0x08003fae   0x08003fae   0x00000002   PAD
    0x08003fb0   0x08003fb0   0x00000010   Data   RO         6343    .constdata          num_keyboard.o
    0x08003fc0   0x08003fc0   0x00000045   Data   RO         5570    .conststring        esp8266.o
    0x08004005   0x08004005   0x00000003   PAD
    0x08004008   0x08004008   0x00000020   Data   RO         6943    Region$$Table       anon$$obj.o


    Execution Region RW_IRAM1 (Exec base: 0x20000000, Load base: 0x08004028, Size: 0x0001fa58, Max: 0x00020000, ABSOLUTE, COMPRESSED[0x00000214])

    Exec Addr    Load Addr    Size         Type   Attr      Idx    E Section Name        Object

    0x20000000   COMPRESSED   0x00000010   Data   RW         2972    .data               stm32f4xx_rcc.o
    0x20000010   COMPRESSED   0x00000004   Data   RW         5164    .data               delay.o
    0x20000014   COMPRESSED   0x00000004   Data   RW         5309    .data               pwm.o
    0x20000018   COMPRESSED   0x00000004   Data   RW         5436    .data               usart.o
    0x2000001c   COMPRESSED   0x0000000a   Data   RW         5506    .data               dht11.o
    0x20000026   COMPRESSED   0x00000026   Data   RW         5571    .data               esp8266.o
    0x2000004c   COMPRESSED   0x00000263   Data   RW         5723    .data               oled.o
    0x200002af   COMPRESSED   0x00000001   Data   RW         6020    .data               dcmi.o
    0x200002b0   COMPRESSED   0x0000000c   Data   RW         6114    .data               ov2640.o
    0x200002bc   COMPRESSED   0x0000000e   Data   RW         6344    .data               num_keyboard.o
    0x200002ca   COMPRESSED   0x00000002   PAD
    0x200002cc   COMPRESSED   0x00000004   Data   RW         6915    .data               mc_w.l(stdout.o)
    0x200002d0   COMPRESSED   0x00000004   Data   RW         6920    .data               mc_w.l(mvars.o)
    0x200002d4   COMPRESSED   0x00000004   Data   RW         6921    .data               mc_w.l(mvars.o)
    0x200002d8        -       0x00000148   Zero   RW         5569    .bss                esp8266.o
    0x20000420        -       0x00000010   Zero   RW         5859    .bss                rc522.o
    0x20000430        -       0x0000000e   Zero   RW         6019    .bss                dcmi.o
    0x2000043e   COMPRESSED   0x00000002   PAD
    0x20000440        -       0x0001f000   Zero   RW         6109    .bss                ov2640.o
    0x2001f440        -       0x00000018   Zero   RW         6342    .bss                num_keyboard.o
    0x2001f458        -       0x00000200   Zero   RW            2    HEAP                startup_stm32f40xx.o
    0x2001f658        -       0x00000400   Zero   RW            1    STACK               startup_stm32f40xx.o


==============================================================================

Image component sizes


      Code (inc. data)   RO Data    RW Data    ZI Data      Debug   Object Name

       128         30          0          0          0       1271   beep.o
       480         38          0          1         14       3128   dcmi.o
       200         18          0          4          0       2839   delay.o
       444         48          0         10          0       4416   dht11.o
      1364        866         69         38        328       5755   esp8266.o
       380         42          0          0          0       3175   iic.o
       304         28          0          0          0       1436   key.o
       196         14          0          0          0       1391   led.o
       188         30          0          0          0        699   main.o
       152         16          0          0          0     321169   misc.o
       812        100         16         14         24       6730   num_keyboard.o
      1118         64       1520        611          0      10767   oled.o
       996        204        490         12     126976       8162   ov2640.o
         0          0          0          4          0        284   pwm.o
      1160         50          0          0         16      12422   rc522.o
       578         38          0          0          0       5213   sccb.o
        36          8        392          0       1536        920   startup_stm32f40xx.o
       220         42          0          0          0       4903   stm32f4xx_dcmi.o
       432         26          0          0          0       5659   stm32f4xx_dma.o
       148         16          0          0          0       2584   stm32f4xx_exti.o
       190          0          0          0          0       4691   stm32f4xx_gpio.o
        18          0          0          0          0       4642   stm32f4xx_it.o
       272         36          0         16          0       6008   stm32f4xx_rcc.o
       102          0          0          0          0       4026   stm32f4xx_spi.o
        44          6          0          0          0        724   stm32f4xx_syscfg.o
       202         28          0          0          0       4928   stm32f4xx_tim.o
       384          8          0          0          0       7713   stm32f4xx_usart.o
       276         34          0          0          0       1809   system_stm32f4xx.o
       472        100          0          0          0       3899   tim.o
       664         86          0          4          0       7431   usart.o

    ----------------------------------------------------------------------
     11980       1976       2524        716     128896     448794   Object Totals
         0          0         32          0          0          0   (incl. Generated)
        20          0          5          2          2          0   (incl. Padding)

    ----------------------------------------------------------------------

      Code (inc. data)   RO Data    RW Data    ZI Data      Debug   Library Member Name

        86          0          0          0          0          0   __dczerorl2.o
         0          0          0          0          0          0   entry.o
         0          0          0          0          0          0   entry10a.o
         0          0          0          0          0          0   entry11a.o
         4          0          0          0          0          0   entry12b.o
         8          4          0          0          0          0   entry2.o
         4          0          0          0          0          0   entry5.o
         0          0          0          0          0          0   entry7b.o
         0          0          0          0          0          0   entry8b.o
         8          4          0          0          0          0   entry9a.o
        30          0          0          0          0          0   handlers.o
        36          8          0          0          0         68   init.o
        30          0          0          0          0         68   llshl.o
        32          0          0          0          0         68   llushr.o
       188         20          0          0          0        160   malloc.o
        36          0          0          0          0        108   memseta.o
         0          0          0          8          0          0   mvars.o
      1266         64          0          0          0        660   printf8.o
         0          0          0          4          0          0   stdout.o
        20          0          0          0          0         68   strchr.o
        18          0          0          0          0         68   strcpy.o
        14          0          0          0          0         68   strlen.o
        36          0          0          0          0         80   strstr.o
        98          0          0          0          0         92   uldiv.o

    ----------------------------------------------------------------------
      1920        100          0         12          0       1508   Library Totals
         6          0          0          0          0          0   (incl. Padding)

    ----------------------------------------------------------------------

      Code (inc. data)   RO Data    RW Data    ZI Data      Debug   Library Name

      1914        100          0         12          0       1508   mc_w.l

    ----------------------------------------------------------------------
      1920        100          0         12          0       1508   Library Totals

    ----------------------------------------------------------------------

==============================================================================


      Code (inc. data)   RO Data    RW Data    ZI Data      Debug   

     13900       2076       2524        728     128896     435006   Grand Totals
     13900       2076       2524        532     128896     435006   ELF Image Totals (compressed)
     13900       2076       2524        532          0          0   ROM Totals

==============================================================================

    Total RO  Size (Code + RO Data)                16424 (  16.04kB)
    Total RW  Size (RW Data + ZI Data)            129624 ( 126.59kB)
    Total ROM Size (Code + RO Data + RW Data)      16956 (  16.56kB)

==============================================================================

