<html>
<body>
<pre>
<h1>µVision Build Log</h1>
<h2>Tool Versions:</h2>
IDE-Version: ¦ÌVision V5.37.0.0
Copyright (C) 2022 ARM Ltd and ARM Germany GmbH. All rights reserved.
License Information: Tinao Administrator, Tinao, LIC=EXJT4-F2A9K-63JMB-22R67-DNA0N-N9AA4
 
Tool Versions:
Toolchain:       MDK-ARM Plus  Version: 5.37.0.0
Toolchain Path:  D:\Kile5\ARM\ARMCC\Bin
C Compiler:      Armcc.exe V5.06 update 7 (build 960)
Assembler:       Armasm.exe V5.06 update 7 (build 960)
Linker/Locator:  ArmLink.exe V5.06 update 7 (build 960)
Library Manager: ArmAr.exe V5.06 update 7 (build 960)
Hex Converter:   FromElf.exe V5.06 update 7 (build 960)
CPU DLL:         SARMCM3.DLL V5.37.0.0
Dialog DLL:      DCM.DLL V1.17.5.0
Target DLL:      CMSIS_AGDI.dll V1.33.12.0
Dialog DLL:      TCM.DLL V1.56.1.0
 
<h2>Project:</h2>
C:\Users\Administrator\Desktop\Code_HardWare(LED KEY BEEP DHT11 UART RC522 OLED ESP8266 NUM_KEYBOARD OV2640)\USER\Project.uvprojx
Project File Date:  02/27/2026

<h2>Output:</h2>
*** Using Compiler 'V5.06 update 7 (build 960)', folder: 'D:\Kile5\ARM\ARMCC\Bin'
Rebuild target 'Project'
assembling startup_stm32f40xx.s...
compiling misc.c...
compiling stm32f4xx_cec.c...
compiling stm32f4xx_can.c...
compiling stm32f4xx_adc.c...
compiling stm32f4xx_crc.c...
compiling stm32f4xx_cryp.c...
compiling stm32f4xx_cryp_aes.c...
compiling stm32f4xx_cryp_des.c...
compiling stm32f4xx_dac.c...
compiling stm32f4xx_cryp_tdes.c...
compiling stm32f4xx_dbgmcu.c...
compiling stm32f4xx_dfsdm.c...
compiling stm32f4xx_dcmi.c...
compiling stm32f4xx_dma.c...
compiling stm32f4xx_dma2d.c...
compiling stm32f4xx_dsi.c...
compiling stm32f4xx_flash_ramfunc.c...
compiling stm32f4xx_fmpi2c.c...
compiling stm32f4xx_exti.c...
compiling stm32f4xx_fsmc.c...
compiling stm32f4xx_flash.c...
compiling stm32f4xx_gpio.c...
compiling stm32f4xx_hash_sha1.c...
compiling stm32f4xx_hash.c...
compiling stm32f4xx_hash_md5.c...
compiling stm32f4xx_i2c.c...
compiling stm32f4xx_iwdg.c...
compiling stm32f4xx_lptim.c...
compiling stm32f4xx_qspi.c...
compiling stm32f4xx_pwr.c...
compiling stm32f4xx_ltdc.c...
compiling stm32f4xx_rcc.c...
compiling stm32f4xx_rng.c...
compiling stm32f4xx_sdio.c...
compiling stm32f4xx_spdifrx.c...
compiling stm32f4xx_sai.c...
compiling stm32f4xx_rtc.c...
compiling stm32f4xx_spi.c...
compiling stm32f4xx_syscfg.c...
compiling stm32f4xx_wwdg.c...
compiling stm32f4xx_usart.c...
compiling Beep.c...
compiling stm32f4xx_tim.c...
compiling Delay.c...
compiling Key.c...
compiling Led.c...
compiling Pwm.c...
compiling Tim.c...
compiling Usart.c...
compiling DHT11.c...
compiling Esp8266.c...
compiling Iic.c...
compiling RC522.c...
compiling Oled.c...
compiling Dcmi.c...
compiling OV2640.c...
compiling Sccb.c...
compiling System.c...
compiling Num_Keyboard.c...
compiling main.c...
compiling stm32f4xx_it.c...
compiling system_stm32f4xx.c...
linking...
Program Size: Code=13900 RO-data=2524 RW-data=728 ZI-data=128896  
FromELF: creating hex file...
".\Objects\Project.axf" - 0 Error(s), 0 Warning(s).

<h2>Software Packages used:</h2>

<h2>Collection of Component include folders:</h2>

<h2>Collection of Component Files used:</h2>
Build Time Elapsed:  00:00:17
</pre>
</body>
</html>
